Copyright 1986-2022 Xilinx, Inc. All Rights Reserved.
-------------------------------------------------------------------------------------------------------------------------------------------------------------
| Tool Version : Vivado v.2022.2 (win64) Build 3671981 Fri Oct 14 05:00:03 MDT 2022
| Date         : Mon Jun 15 11:59:49 2026
| Host         : Cuong-Desktop running 64-bit major release  (build 9200)
| Command      : report_utilization -hierarchical -hierarchical_depth 7 -file D:/DOAN/DATN_RTL/DATN_VIVADO/manual_sim/current_rtl_synth_hier_utilization.rpt
| Design       : VPU_Top
| Device       : xczu7ev-ffvc1156-2-e
| Speed File   : -2
| Design State : Synthesized
-------------------------------------------------------------------------------------------------------------------------------------------------------------

Utilization Design Information

Table of Contents
-----------------
1. Utilization by Hierarchy

1. Utilization by Hierarchy
---------------------------

+-----------------------------------------------+--------------------------------+------------+------------+---------+------+------+--------+--------+------+------------+
|                    Instance                   |             Module             | Total LUTs | Logic LUTs | LUTRAMs | SRLs |  FFs | RAMB36 | RAMB18 | URAM | DSP Blocks |
+-----------------------------------------------+--------------------------------+------------+------------+---------+------+------+--------+--------+------+------------+
| VPU_Top                                       |                          (top) |       1760 |       1741 |       0 |   19 | 3149 |     40 |      0 |    0 |         18 |
|   (VPU_Top)                                   |                          (top) |          0 |          0 |       0 |    0 |    0 |      0 |      0 |    0 |          0 |
|   u_my_ip                                     |                          MY_IP |       1760 |       1741 |       0 |   19 | 3149 |     40 |      0 |    0 |         18 |
|     (u_my_ip)                                 |                          MY_IP |        175 |        175 |       0 |    0 |  489 |      0 |      0 |    0 |          0 |
|     u_axi4_mapping                            |                   AXI4_Mapping |       1585 |       1566 |       0 |   19 | 2660 |     40 |      0 |    0 |         18 |
|       (u_axi4_mapping)                        |                   AXI4_Mapping |        176 |        176 |       0 |    0 |  487 |      0 |      0 |    0 |          0 |
|       u_gemv                                  |   Matrix_Vector_Multiplication |       1409 |       1390 |       0 |   19 | 2173 |     40 |      0 |    0 |         18 |
|         (u_gemv)                              |   Matrix_Vector_Multiplication |        425 |        425 |       0 |    0 |  839 |      0 |      0 |    0 |          0 |
|         GEN_WEIGHT_BANK[0].u_weight_bram_bank |                 Dual_Port_BRAM |         12 |         12 |       0 |    0 |    0 |      8 |      0 |    0 |          0 |
|         GEN_WEIGHT_BANK[1].u_weight_bram_bank |               Dual_Port_BRAM_0 |         12 |         12 |       0 |    0 |    0 |      8 |      0 |    0 |          0 |
|         GEN_WEIGHT_BANK[2].u_weight_bram_bank |               Dual_Port_BRAM_1 |         12 |         12 |       0 |    0 |    0 |      8 |      0 |    0 |          0 |
|         GEN_WEIGHT_BANK[3].u_weight_bram_bank |               Dual_Port_BRAM_2 |         13 |         13 |       0 |    0 |    0 |      8 |      0 |    0 |          0 |
|         u_act_bram                            | Dual_Port_BRAM__parameterized0 |          1 |          1 |       0 |    0 |    0 |      4 |      0 |    0 |          0 |
|         u_pmau                                |                      PMAU_Full |        854 |        835 |       0 |   19 | 1334 |      0 |      0 |    0 |         18 |
|           (u_pmau)                            |                      PMAU_Full |        854 |        835 |       0 |   19 | 1334 |      0 |      0 |    0 |          2 |
|           GEN_MULT[0].u_mult_gen_0            |                     mult_gen_0 |          0 |          0 |       0 |    0 |    0 |      0 |      0 |    0 |          1 |
|             (GEN_MULT[0].u_mult_gen_0)        |                     mult_gen_0 |          0 |          0 |       0 |    0 |    0 |      0 |      0 |    0 |          0 |
|             U0                                |           mult_gen_v12_0_18__1 |          0 |          0 |       0 |    0 |    0 |      0 |      0 |    0 |          1 |
|               (U0)                            |           mult_gen_v12_0_18__1 |          0 |          0 |       0 |    0 |    0 |      0 |      0 |    0 |          0 |
|               i_mult                          |       mult_gen_v12_0_18_viv__1 |          0 |          0 |       0 |    0 |    0 |      0 |      0 |    0 |          1 |
|           GEN_MULT[10].u_mult_gen_0           |                   mult_gen_0_3 |          0 |          0 |       0 |    0 |    0 |      0 |      0 |    0 |          1 |
|             (GEN_MULT[10].u_mult_gen_0)       |                   mult_gen_0_3 |          0 |          0 |       0 |    0 |    0 |      0 |      0 |    0 |          0 |
|             U0                                |          mult_gen_v12_0_18__11 |          0 |          0 |       0 |    0 |    0 |      0 |      0 |    0 |          1 |
|               (U0)                            |          mult_gen_v12_0_18__11 |          0 |          0 |       0 |    0 |    0 |      0 |      0 |    0 |          0 |
|               i_mult                          |      mult_gen_v12_0_18_viv__11 |          0 |          0 |       0 |    0 |    0 |      0 |      0 |    0 |          1 |
|           GEN_MULT[11].u_mult_gen_0           |                   mult_gen_0_4 |          0 |          0 |       0 |    0 |    0 |      0 |      0 |    0 |          1 |
|             (GEN_MULT[11].u_mult_gen_0)       |                   mult_gen_0_4 |          0 |          0 |       0 |    0 |    0 |      0 |      0 |    0 |          0 |
|             U0                                |          mult_gen_v12_0_18__12 |          0 |          0 |       0 |    0 |    0 |      0 |      0 |    0 |          1 |
|               (U0)                            |          mult_gen_v12_0_18__12 |          0 |          0 |       0 |    0 |    0 |      0 |      0 |    0 |          0 |
|               i_mult                          |      mult_gen_v12_0_18_viv__12 |          0 |          0 |       0 |    0 |    0 |      0 |      0 |    0 |          1 |
|           GEN_MULT[12].u_mult_gen_0           |                   mult_gen_0_5 |          0 |          0 |       0 |    0 |    0 |      0 |      0 |    0 |          1 |
|             (GEN_MULT[12].u_mult_gen_0)       |                   mult_gen_0_5 |          0 |          0 |       0 |    0 |    0 |      0 |      0 |    0 |          0 |
|             U0                                |          mult_gen_v12_0_18__13 |          0 |          0 |       0 |    0 |    0 |      0 |      0 |    0 |          1 |
|               (U0)                            |          mult_gen_v12_0_18__13 |          0 |          0 |       0 |    0 |    0 |      0 |      0 |    0 |          0 |
|               i_mult                          |      mult_gen_v12_0_18_viv__13 |          0 |          0 |       0 |    0 |    0 |      0 |      0 |    0 |          1 |
|           GEN_MULT[13].u_mult_gen_0           |                   mult_gen_0_6 |          0 |          0 |       0 |    0 |    0 |      0 |      0 |    0 |          1 |
|             (GEN_MULT[13].u_mult_gen_0)       |                   mult_gen_0_6 |          0 |          0 |       0 |    0 |    0 |      0 |      0 |    0 |          0 |
|             U0                                |          mult_gen_v12_0_18__14 |          0 |          0 |       0 |    0 |    0 |      0 |      0 |    0 |          1 |
|               (U0)                            |          mult_gen_v12_0_18__14 |          0 |          0 |       0 |    0 |    0 |      0 |      0 |    0 |          0 |
|               i_mult                          |      mult_gen_v12_0_18_viv__14 |          0 |          0 |       0 |    0 |    0 |      0 |      0 |    0 |          1 |
|           GEN_MULT[14].u_mult_gen_0           |                   mult_gen_0_7 |          0 |          0 |       0 |    0 |    0 |      0 |      0 |    0 |          1 |
|             (GEN_MULT[14].u_mult_gen_0)       |                   mult_gen_0_7 |          0 |          0 |       0 |    0 |    0 |      0 |      0 |    0 |          0 |
|             U0                                |          mult_gen_v12_0_18__15 |          0 |          0 |       0 |    0 |    0 |      0 |      0 |    0 |          1 |
|               (U0)                            |          mult_gen_v12_0_18__15 |          0 |          0 |       0 |    0 |    0 |      0 |      0 |    0 |          0 |
|               i_mult                          |      mult_gen_v12_0_18_viv__15 |          0 |          0 |       0 |    0 |    0 |      0 |      0 |    0 |          1 |
|           GEN_MULT[15].u_mult_gen_0           |                   mult_gen_0_8 |          0 |          0 |       0 |    0 |    0 |      0 |      0 |    0 |          1 |
|             (GEN_MULT[15].u_mult_gen_0)       |                   mult_gen_0_8 |          0 |          0 |       0 |    0 |    0 |      0 |      0 |    0 |          0 |
|             U0                                |              mult_gen_v12_0_18 |          0 |          0 |       0 |    0 |    0 |      0 |      0 |    0 |          1 |
|               (U0)                            |              mult_gen_v12_0_18 |          0 |          0 |       0 |    0 |    0 |      0 |      0 |    0 |          0 |
|               i_mult                          |          mult_gen_v12_0_18_viv |          0 |          0 |       0 |    0 |    0 |      0 |      0 |    0 |          1 |
|           GEN_MULT[1].u_mult_gen_0            |                   mult_gen_0_9 |          0 |          0 |       0 |    0 |    0 |      0 |      0 |    0 |          1 |
|             (GEN_MULT[1].u_mult_gen_0)        |                   mult_gen_0_9 |          0 |          0 |       0 |    0 |    0 |      0 |      0 |    0 |          0 |
|             U0                                |           mult_gen_v12_0_18__2 |          0 |          0 |       0 |    0 |    0 |      0 |      0 |    0 |          1 |
|               (U0)                            |           mult_gen_v12_0_18__2 |          0 |          0 |       0 |    0 |    0 |      0 |      0 |    0 |          0 |
|               i_mult                          |       mult_gen_v12_0_18_viv__2 |          0 |          0 |       0 |    0 |    0 |      0 |      0 |    0 |          1 |
|           GEN_MULT[2].u_mult_gen_0            |                  mult_gen_0_10 |          0 |          0 |       0 |    0 |    0 |      0 |      0 |    0 |          1 |
|             (GEN_MULT[2].u_mult_gen_0)        |                  mult_gen_0_10 |          0 |          0 |       0 |    0 |    0 |      0 |      0 |    0 |          0 |
|             U0                                |           mult_gen_v12_0_18__3 |          0 |          0 |       0 |    0 |    0 |      0 |      0 |    0 |          1 |
|               (U0)                            |           mult_gen_v12_0_18__3 |          0 |          0 |       0 |    0 |    0 |      0 |      0 |    0 |          0 |
|               i_mult                          |       mult_gen_v12_0_18_viv__3 |          0 |          0 |       0 |    0 |    0 |      0 |      0 |    0 |          1 |
|           GEN_MULT[3].u_mult_gen_0            |                  mult_gen_0_11 |          0 |          0 |       0 |    0 |    0 |      0 |      0 |    0 |          1 |
|             (GEN_MULT[3].u_mult_gen_0)        |                  mult_gen_0_11 |          0 |          0 |       0 |    0 |    0 |      0 |      0 |    0 |          0 |
|             U0                                |           mult_gen_v12_0_18__4 |          0 |          0 |       0 |    0 |    0 |      0 |      0 |    0 |          1 |
|               (U0)                            |           mult_gen_v12_0_18__4 |          0 |          0 |       0 |    0 |    0 |      0 |      0 |    0 |          0 |
|               i_mult                          |       mult_gen_v12_0_18_viv__4 |          0 |          0 |       0 |    0 |    0 |      0 |      0 |    0 |          1 |
|           GEN_MULT[4].u_mult_gen_0            |                  mult_gen_0_12 |          0 |          0 |       0 |    0 |    0 |      0 |      0 |    0 |          1 |
|             (GEN_MULT[4].u_mult_gen_0)        |                  mult_gen_0_12 |          0 |          0 |       0 |    0 |    0 |      0 |      0 |    0 |          0 |
|             U0                                |           mult_gen_v12_0_18__5 |          0 |          0 |       0 |    0 |    0 |      0 |      0 |    0 |          1 |
|               (U0)                            |           mult_gen_v12_0_18__5 |          0 |          0 |       0 |    0 |    0 |      0 |      0 |    0 |          0 |
|               i_mult                          |       mult_gen_v12_0_18_viv__5 |          0 |          0 |       0 |    0 |    0 |      0 |      0 |    0 |          1 |
|           GEN_MULT[5].u_mult_gen_0            |                  mult_gen_0_13 |          0 |          0 |       0 |    0 |    0 |      0 |      0 |    0 |          1 |
|             (GEN_MULT[5].u_mult_gen_0)        |                  mult_gen_0_13 |          0 |          0 |       0 |    0 |    0 |      0 |      0 |    0 |          0 |
|             U0                                |           mult_gen_v12_0_18__6 |          0 |          0 |       0 |    0 |    0 |      0 |      0 |    0 |          1 |
|               (U0)                            |           mult_gen_v12_0_18__6 |          0 |          0 |       0 |    0 |    0 |      0 |      0 |    0 |          0 |
|               i_mult                          |       mult_gen_v12_0_18_viv__6 |          0 |          0 |       0 |    0 |    0 |      0 |      0 |    0 |          1 |
|           GEN_MULT[6].u_mult_gen_0            |                  mult_gen_0_14 |          0 |          0 |       0 |    0 |    0 |      0 |      0 |    0 |          1 |
|             (GEN_MULT[6].u_mult_gen_0)        |                  mult_gen_0_14 |          0 |          0 |       0 |    0 |    0 |      0 |      0 |    0 |          0 |
|             U0                                |           mult_gen_v12_0_18__7 |          0 |          0 |       0 |    0 |    0 |      0 |      0 |    0 |          1 |
|               (U0)                            |           mult_gen_v12_0_18__7 |          0 |          0 |       0 |    0 |    0 |      0 |      0 |    0 |          0 |
|               i_mult                          |       mult_gen_v12_0_18_viv__7 |          0 |          0 |       0 |    0 |    0 |      0 |      0 |    0 |          1 |
|           GEN_MULT[7].u_mult_gen_0            |                  mult_gen_0_15 |          0 |          0 |       0 |    0 |    0 |      0 |      0 |    0 |          1 |
|             (GEN_MULT[7].u_mult_gen_0)        |                  mult_gen_0_15 |          0 |          0 |       0 |    0 |    0 |      0 |      0 |    0 |          0 |
|             U0                                |           mult_gen_v12_0_18__8 |          0 |          0 |       0 |    0 |    0 |      0 |      0 |    0 |          1 |
|               (U0)                            |           mult_gen_v12_0_18__8 |          0 |          0 |       0 |    0 |    0 |      0 |      0 |    0 |          0 |
|               i_mult                          |       mult_gen_v12_0_18_viv__8 |          0 |          0 |       0 |    0 |    0 |      0 |      0 |    0 |          1 |
|           GEN_MULT[8].u_mult_gen_0            |                  mult_gen_0_16 |          0 |          0 |       0 |    0 |    0 |      0 |      0 |    0 |          1 |
|             (GEN_MULT[8].u_mult_gen_0)        |                  mult_gen_0_16 |          0 |          0 |       0 |    0 |    0 |      0 |      0 |    0 |          0 |
|             U0                                |           mult_gen_v12_0_18__9 |          0 |          0 |       0 |    0 |    0 |      0 |      0 |    0 |          1 |
|               (U0)                            |           mult_gen_v12_0_18__9 |          0 |          0 |       0 |    0 |    0 |      0 |      0 |    0 |          0 |
|               i_mult                          |       mult_gen_v12_0_18_viv__9 |          0 |          0 |       0 |    0 |    0 |      0 |      0 |    0 |          1 |
|           GEN_MULT[9].u_mult_gen_0            |                  mult_gen_0_17 |          0 |          0 |       0 |    0 |    0 |      0 |      0 |    0 |          1 |
|             (GEN_MULT[9].u_mult_gen_0)        |                  mult_gen_0_17 |          0 |          0 |       0 |    0 |    0 |      0 |      0 |    0 |          0 |
|             U0                                |          mult_gen_v12_0_18__10 |          0 |          0 |       0 |    0 |    0 |      0 |      0 |    0 |          1 |
|               (U0)                            |          mult_gen_v12_0_18__10 |          0 |          0 |       0 |    0 |    0 |      0 |      0 |    0 |          0 |
|               i_mult                          |      mult_gen_v12_0_18_viv__10 |          0 |          0 |       0 |    0 |    0 |      0 |      0 |    0 |          1 |
|         u_result_bram                         | Dual_Port_BRAM__parameterized1 |         80 |         80 |       0 |    0 |    0 |      4 |      0 |    0 |          0 |
+-----------------------------------------------+--------------------------------+------------+------------+---------+------+------+--------+--------+------+------------+


