#-----------------------------------------------------------
# Vivado v2022.2 (64-bit)
# SW Build 3671981 on Fri Oct 14 05:00:03 MDT 2022
# IP Build 3669848 on Fri Oct 14 08:30:02 MDT 2022
# Start of session at: Mon Jun 15 11:56:42 2026
# Process ID: 6452
# Current directory: D:/DOAN/DATN_RTL/DATN_VIVADO/manual_sim
# Command line: vivado.exe -mode batch -source .\run_current_rtl_impl.tcl -nojournal -log .\current_rtl_impl.log
# Log file: D:/DOAN/DATN_RTL/DATN_VIVADO/manual_sim/./current_rtl_impl.log
# Journal file: 
# Running On: Cuong-Desktop, OS: Windows, CPU Frequency: 2496 MHz, CPU Physical cores: 6, Host memory: 16984 MB
#-----------------------------------------------------------
CRITICAL WARNING: [Common 17-741] No write access right to the local Tcl store at 'C'. XilinxTclStore is reverted to the installation area. If you want to use local Tcl Store, please change the access right and relaunch Vivado.
WARNING: [Common 17-1509] Migration of commands.paini file failed with error : boost::filesystem::directory_iterator::construct: Access is denied: "C:\Users\PC\AppData\Roaming/Xilinx/Vivado/2022.2/commands"
source {.\run_current_rtl_impl.tcl}
# set script_dir [file normalize [file dirname [info script]]]
# set repo_root [file normalize [file join $script_dir ".." ".."]]
# set project_dir [file join $script_dir "current_rtl_impl_project"]
# set part_name "xczu7ev-ffvc1156-2-e"
# create_project current_rtl_impl $project_dir -part $part_name -force
create_project: Time (s): cpu = 00:00:04 ; elapsed = 00:00:06 . Memory (MB): peak = 1003.012 ; gain = 118.727
# add_files [file join $repo_root "RTL" "Dual_Port_BRAM.v"]
# add_files [file join $repo_root "RTL" "PMAU_Full.v"]
# add_files [file join $repo_root "RTL" "Matrix_Vector_Multiplication.v"]
# add_files [file join $repo_root "RTL" "AXI4_Mapping.v"]
# add_files [file join $repo_root "RTL" "MY_IP.v"]
# add_files [file join $repo_root "RTL" "VPU_Top.v"]
# add_files [file join $repo_root "DATN_VIVADO" "project_1" "project_1.srcs" "sources_1" "ip" "mult_gen_0" "mult_gen_0.xci"]
INFO: [IP_Flow 19-234] Refreshing IP repositories
INFO: [IP_Flow 19-1704] No user IP repositories specified
INFO: [IP_Flow 19-2313] Loaded Vivado IP repository 'D:/Xlinx/Vivado/2022.2/data/ip'.
WARNING: [Vivado 12-13650] The IP file 'D:/DOAN/DATN_RTL/DATN_VIVADO/project_1/project_1.srcs/sources_1/ip/mult_gen_0/mult_gen_0.xci' has been moved from its original location, as a result the outputs for this IP will now be generated in 'd:/doan/datn_rtl/datn_vivado/project_1/tmp_edit_project.gen/sources_1/ip/mult_gen_0'. Alternatively a copy of the IP can be imported into the project using one of the 'import_ip' or 'import_files' commands.
# generate_target all [get_ips mult_gen_0]
# update_compile_order -fileset sources_1
# synth_design -top VPU_Top -part $part_name -mode out_of_context
Command: synth_design -top VPU_Top -part xczu7ev-ffvc1156-2-e -mode out_of_context
Starting synth_design
Attempting to get a license for feature 'Synthesis' and/or device 'xczu7ev'
INFO: [Common 17-349] Got license for feature 'Synthesis' and/or device 'xczu7ev'
INFO: [Synth 8-7079] Multithreading enabled for synth_design using a maximum of 2 processes.
INFO: [Synth 8-7078] Launching helper process for spawning children vivado processes
INFO: [Synth 8-7075] Helper process launched with PID 8732
INFO: [Synth 8-11241] undeclared symbol 'REGCCE', assumed default net type 'wire' [D:/Xlinx/Vivado/2022.2/data/verilog/src/unimacro/BRAM_SINGLE_MACRO.v:2170]
---------------------------------------------------------------------------------
Starting Synthesize : Time (s): cpu = 00:00:04 ; elapsed = 00:00:06 . Memory (MB): peak = 1450.977 ; gain = 375.926
---------------------------------------------------------------------------------
INFO: [Synth 8-6157] synthesizing module 'VPU_Top' [D:/DOAN/DATN_RTL/RTL/VPU_Top.v:14]
INFO: [Synth 8-6157] synthesizing module 'MY_IP' [D:/DOAN/DATN_RTL/RTL/MY_IP.v:3]
	Parameter C_S00_AXI_ID_WIDTH bound to: 1 - type: integer 
	Parameter C_S00_AXI_DATA_WIDTH bound to: 128 - type: integer 
	Parameter C_S00_AXI_ADDR_WIDTH bound to: 40 - type: integer 
	Parameter C_S00_AXI_AWUSER_WIDTH bound to: 1 - type: integer 
	Parameter C_S00_AXI_ARUSER_WIDTH bound to: 1 - type: integer 
	Parameter C_S00_AXI_WUSER_WIDTH bound to: 1 - type: integer 
	Parameter C_S00_AXI_RUSER_WIDTH bound to: 1 - type: integer 
	Parameter C_S00_AXI_BUSER_WIDTH bound to: 1 - type: integer 
	Parameter NUM_LANES bound to: 16 - type: integer 
	Parameter ACT_WIDTH bound to: 8 - type: integer 
	Parameter WEIGHT_WIDTH bound to: 8 - type: integer 
	Parameter ACC_WIDTH bound to: 32 - type: integer 
	Parameter SCALE_WIDTH bound to: 16 - type: integer 
	Parameter SCALE_FRAC_BITS bound to: 15 - type: integer 
	Parameter RESULT_FIFO_DEPTH bound to: 8 - type: integer 
	Parameter MAX_ROWS bound to: 256 - type: integer 
	Parameter MAX_COL_BEATS bound to: 32 - type: integer 
INFO: [Synth 8-6157] synthesizing module 'AXI4_Mapping' [D:/DOAN/DATN_RTL/RTL/AXI4_Mapping.v:17]
	Parameter AXI_DATA_WIDTH bound to: 128 - type: integer 
	Parameter AXI_ADDR_WIDTH bound to: 40 - type: integer 
	Parameter NUM_LANES bound to: 16 - type: integer 
	Parameter ACT_WIDTH bound to: 8 - type: integer 
	Parameter WEIGHT_WIDTH bound to: 8 - type: integer 
	Parameter ACC_WIDTH bound to: 32 - type: integer 
	Parameter SCALE_WIDTH bound to: 16 - type: integer 
	Parameter SCALE_FRAC_BITS bound to: 15 - type: integer 
	Parameter RESULT_FIFO_DEPTH bound to: 8 - type: integer 
	Parameter MAX_ROWS bound to: 256 - type: integer 
	Parameter MAX_COL_BEATS bound to: 32 - type: integer 
INFO: [Synth 8-6157] synthesizing module 'Matrix_Vector_Multiplication' [D:/DOAN/DATN_RTL/RTL/Matrix_Vector_Multiplication.v:32]
	Parameter NUM_LANES bound to: 16 - type: integer 
	Parameter ACT_WIDTH bound to: 8 - type: integer 
	Parameter WEIGHT_WIDTH bound to: 8 - type: integer 
	Parameter ACC_WIDTH bound to: 32 - type: integer 
	Parameter SCALE_WIDTH bound to: 16 - type: integer 
	Parameter SCALE_FRAC_BITS bound to: 15 - type: integer 
	Parameter RESULT_FIFO_DEPTH bound to: 8 - type: integer 
	Parameter AXI_DATA_WIDTH bound to: 128 - type: integer 
	Parameter MAX_ROWS bound to: 256 - type: integer 
	Parameter MAX_COL_BEATS bound to: 32 - type: integer 
INFO: [Synth 8-6157] synthesizing module 'Dual_Port_BRAM' [D:/DOAN/DATN_RTL/RTL/Dual_Port_BRAM.v:21]
	Parameter AWIDTH bound to: 13 - type: integer 
	Parameter DWIDTH bound to: 32 - type: integer 
	Parameter OUTPUT_REG bound to: 1 - type: integer 
INFO: [Synth 8-6155] done synthesizing module 'Dual_Port_BRAM' (0#1) [D:/DOAN/DATN_RTL/RTL/Dual_Port_BRAM.v:21]
INFO: [Synth 8-6157] synthesizing module 'PMAU_Full' [D:/DOAN/DATN_RTL/RTL/PMAU_Full.v:33]
	Parameter NUM_LANES bound to: 16 - type: integer 
	Parameter ACT_WIDTH bound to: 8 - type: integer 
	Parameter WEIGHT_WIDTH bound to: 8 - type: integer 
	Parameter ACC_WIDTH bound to: 32 - type: integer 
	Parameter SCALE_WIDTH bound to: 16 - type: integer 
	Parameter SCALE_FRAC_BITS bound to: 15 - type: integer 
	Parameter RESULT_FIFO_DEPTH bound to: 8 - type: integer 
INFO: [Synth 8-638] synthesizing module 'mult_gen_0' [d:/doan/datn_rtl/datn_vivado/project_1/tmp_edit_project.gen/sources_1/ip/mult_gen_0/synth/mult_gen_0.vhd:68]
WARNING: [Synth 8-5640] Port 'zero_detect' is missing in component declaration [d:/doan/datn_rtl/datn_vivado/project_1/tmp_edit_project.gen/sources_1/ip/mult_gen_0/synth/mult_gen_0.vhd:71]
WARNING: [Synth 8-5640] Port 'pcasc' is missing in component declaration [d:/doan/datn_rtl/datn_vivado/project_1/tmp_edit_project.gen/sources_1/ip/mult_gen_0/synth/mult_gen_0.vhd:71]
	Parameter C_VERBOSITY bound to: 0 - type: integer 
	Parameter C_MODEL_TYPE bound to: 0 - type: integer 
	Parameter C_OPTIMIZE_GOAL bound to: 1 - type: integer 
	Parameter C_XDEVICEFAMILY bound to: zynquplus - type: string 
	Parameter C_HAS_CE bound to: 0 - type: integer 
	Parameter C_HAS_SCLR bound to: 0 - type: integer 
	Parameter C_LATENCY bound to: 3 - type: integer 
	Parameter C_A_WIDTH bound to: 8 - type: integer 
	Parameter C_A_TYPE bound to: 0 - type: integer 
	Parameter C_B_WIDTH bound to: 8 - type: integer 
	Parameter C_B_TYPE bound to: 0 - type: integer 
	Parameter C_OUT_HIGH bound to: 15 - type: integer 
	Parameter C_OUT_LOW bound to: 0 - type: integer 
	Parameter C_MULT_TYPE bound to: 1 - type: integer 
	Parameter C_CE_OVERRIDES_SCLR bound to: 0 - type: integer 
	Parameter C_CCM_IMP bound to: 0 - type: integer 
	Parameter C_B_VALUE bound to: 10000001 - type: string 
	Parameter C_HAS_ZERO_DETECT bound to: 0 - type: integer 
	Parameter C_ROUND_OUTPUT bound to: 0 - type: integer 
	Parameter C_ROUND_PT bound to: 0 - type: integer 
INFO: [Synth 8-3491] module 'mult_gen_v12_0_18' declared at 'd:/doan/datn_rtl/datn_vivado/project_1/tmp_edit_project.gen/sources_1/ip/mult_gen_0/hdl/mult_gen_v12_0_vh_rfs.vhd:21010' bound to instance 'U0' of component 'mult_gen_v12_0_18' [d:/doan/datn_rtl/datn_vivado/project_1/tmp_edit_project.gen/sources_1/ip/mult_gen_0/synth/mult_gen_0.vhd:120]
WARNING: [Synth 8-5974] attribute "use_dsp48" has been deprecated, please use "use_dsp" instead 
INFO: [Synth 8-256] done synthesizing module 'mult_gen_0' (0#1) [d:/doan/datn_rtl/datn_vivado/project_1/tmp_edit_project.gen/sources_1/ip/mult_gen_0/synth/mult_gen_0.vhd:68]
INFO: [Synth 8-6155] done synthesizing module 'PMAU_Full' (0#1) [D:/DOAN/DATN_RTL/RTL/PMAU_Full.v:33]
INFO: [Synth 8-6157] synthesizing module 'Dual_Port_BRAM__parameterized0' [D:/DOAN/DATN_RTL/RTL/Dual_Port_BRAM.v:21]
	Parameter AWIDTH bound to: 5 - type: integer 
	Parameter DWIDTH bound to: 128 - type: integer 
	Parameter OUTPUT_REG bound to: 1 - type: integer 
INFO: [Synth 8-6155] done synthesizing module 'Dual_Port_BRAM__parameterized0' (0#1) [D:/DOAN/DATN_RTL/RTL/Dual_Port_BRAM.v:21]
INFO: [Synth 8-6157] synthesizing module 'Dual_Port_BRAM__parameterized1' [D:/DOAN/DATN_RTL/RTL/Dual_Port_BRAM.v:21]
	Parameter AWIDTH bound to: 10 - type: integer 
	Parameter DWIDTH bound to: 128 - type: integer 
INFO: [Synth 8-6155] done synthesizing module 'Dual_Port_BRAM__parameterized1' (0#1) [D:/DOAN/DATN_RTL/RTL/Dual_Port_BRAM.v:21]
INFO: [Synth 8-6155] done synthesizing module 'Matrix_Vector_Multiplication' (0#1) [D:/DOAN/DATN_RTL/RTL/Matrix_Vector_Multiplication.v:32]
INFO: [Synth 8-6155] done synthesizing module 'AXI4_Mapping' (0#1) [D:/DOAN/DATN_RTL/RTL/AXI4_Mapping.v:17]
INFO: [Synth 8-6155] done synthesizing module 'MY_IP' (0#1) [D:/DOAN/DATN_RTL/RTL/MY_IP.v:3]
INFO: [Synth 8-6155] done synthesizing module 'VPU_Top' (0#1) [D:/DOAN/DATN_RTL/RTL/VPU_Top.v:14]
WARNING: [Synth 8-6014] Unused sequential element sum_pipe_reg[1][4] was removed.  [D:/DOAN/DATN_RTL/RTL/PMAU_Full.v:200]
WARNING: [Synth 8-6014] Unused sequential element sum_pipe_reg[1][5] was removed.  [D:/DOAN/DATN_RTL/RTL/PMAU_Full.v:200]
WARNING: [Synth 8-6014] Unused sequential element sum_pipe_reg[1][6] was removed.  [D:/DOAN/DATN_RTL/RTL/PMAU_Full.v:200]
WARNING: [Synth 8-6014] Unused sequential element sum_pipe_reg[1][7] was removed.  [D:/DOAN/DATN_RTL/RTL/PMAU_Full.v:200]
WARNING: [Synth 8-6014] Unused sequential element sum_pipe_reg[2][2] was removed.  [D:/DOAN/DATN_RTL/RTL/PMAU_Full.v:200]
WARNING: [Synth 8-6014] Unused sequential element sum_pipe_reg[2][3] was removed.  [D:/DOAN/DATN_RTL/RTL/PMAU_Full.v:200]
WARNING: [Synth 8-6014] Unused sequential element sum_pipe_reg[2][4] was removed.  [D:/DOAN/DATN_RTL/RTL/PMAU_Full.v:200]
WARNING: [Synth 8-6014] Unused sequential element sum_pipe_reg[2][5] was removed.  [D:/DOAN/DATN_RTL/RTL/PMAU_Full.v:200]
WARNING: [Synth 8-6014] Unused sequential element sum_pipe_reg[2][6] was removed.  [D:/DOAN/DATN_RTL/RTL/PMAU_Full.v:200]
WARNING: [Synth 8-6014] Unused sequential element sum_pipe_reg[2][7] was removed.  [D:/DOAN/DATN_RTL/RTL/PMAU_Full.v:200]
WARNING: [Synth 8-6014] Unused sequential element sum_pipe_reg[3][1] was removed.  [D:/DOAN/DATN_RTL/RTL/PMAU_Full.v:200]
WARNING: [Synth 8-6014] Unused sequential element sum_pipe_reg[3][2] was removed.  [D:/DOAN/DATN_RTL/RTL/PMAU_Full.v:200]
WARNING: [Synth 8-6014] Unused sequential element sum_pipe_reg[3][3] was removed.  [D:/DOAN/DATN_RTL/RTL/PMAU_Full.v:200]
WARNING: [Synth 8-6014] Unused sequential element sum_pipe_reg[3][4] was removed.  [D:/DOAN/DATN_RTL/RTL/PMAU_Full.v:200]
WARNING: [Synth 8-6014] Unused sequential element sum_pipe_reg[3][5] was removed.  [D:/DOAN/DATN_RTL/RTL/PMAU_Full.v:200]
WARNING: [Synth 8-6014] Unused sequential element sum_pipe_reg[3][6] was removed.  [D:/DOAN/DATN_RTL/RTL/PMAU_Full.v:200]
WARNING: [Synth 8-6014] Unused sequential element sum_pipe_reg[3][7] was removed.  [D:/DOAN/DATN_RTL/RTL/PMAU_Full.v:200]
WARNING: [Synth 8-6014] Unused sequential element deq_s1_last_reg was removed.  [D:/DOAN/DATN_RTL/RTL/PMAU_Full.v:309]
WARNING: [Synth 8-6014] Unused sequential element deq_s2_last_reg was removed.  [D:/DOAN/DATN_RTL/RTL/PMAU_Full.v:313]
WARNING: [Synth 8-6014] Unused sequential element compute_rd_en_reg was removed.  [D:/DOAN/DATN_RTL/RTL/Matrix_Vector_Multiplication.v:364]
WARNING: [Synth 8-7129] Port CLK in module delay_line is either unconnected or has no load
WARNING: [Synth 8-7129] Port CE in module delay_line is either unconnected or has no load
WARNING: [Synth 8-7129] Port SCLR in module delay_line is either unconnected or has no load
WARNING: [Synth 8-7129] Port C_PORT[47] in module dsp is either unconnected or has no load
WARNING: [Synth 8-7129] Port C_PORT[46] in module dsp is either unconnected or has no load
WARNING: [Synth 8-7129] Port C_PORT[45] in module dsp is either unconnected or has no load
WARNING: [Synth 8-7129] Port C_PORT[44] in module dsp is either unconnected or has no load
WARNING: [Synth 8-7129] Port C_PORT[43] in module dsp is either unconnected or has no load
WARNING: [Synth 8-7129] Port C_PORT[42] in module dsp is either unconnected or has no load
WARNING: [Synth 8-7129] Port C_PORT[41] in module dsp is either unconnected or has no load
WARNING: [Synth 8-7129] Port C_PORT[40] in module dsp is either unconnected or has no load
WARNING: [Synth 8-7129] Port C_PORT[39] in module dsp is either unconnected or has no load
WARNING: [Synth 8-7129] Port C_PORT[38] in module dsp is either unconnected or has no load
WARNING: [Synth 8-7129] Port C_PORT[37] in module dsp is either unconnected or has no load
WARNING: [Synth 8-7129] Port C_PORT[36] in module dsp is either unconnected or has no load
WARNING: [Synth 8-7129] Port C_PORT[35] in module dsp is either unconnected or has no load
WARNING: [Synth 8-7129] Port C_PORT[34] in module dsp is either unconnected or has no load
WARNING: [Synth 8-7129] Port C_PORT[33] in module dsp is either unconnected or has no load
WARNING: [Synth 8-7129] Port C_PORT[32] in module dsp is either unconnected or has no load
WARNING: [Synth 8-7129] Port C_PORT[31] in module dsp is either unconnected or has no load
WARNING: [Synth 8-7129] Port C_PORT[30] in module dsp is either unconnected or has no load
WARNING: [Synth 8-7129] Port C_PORT[29] in module dsp is either unconnected or has no load
WARNING: [Synth 8-7129] Port C_PORT[28] in module dsp is either unconnected or has no load
WARNING: [Synth 8-7129] Port C_PORT[27] in module dsp is either unconnected or has no load
WARNING: [Synth 8-7129] Port C_PORT[26] in module dsp is either unconnected or has no load
WARNING: [Synth 8-7129] Port C_PORT[25] in module dsp is either unconnected or has no load
WARNING: [Synth 8-7129] Port C_PORT[24] in module dsp is either unconnected or has no load
WARNING: [Synth 8-7129] Port C_PORT[23] in module dsp is either unconnected or has no load
WARNING: [Synth 8-7129] Port C_PORT[22] in module dsp is either unconnected or has no load
WARNING: [Synth 8-7129] Port C_PORT[21] in module dsp is either unconnected or has no load
WARNING: [Synth 8-7129] Port C_PORT[20] in module dsp is either unconnected or has no load
WARNING: [Synth 8-7129] Port C_PORT[19] in module dsp is either unconnected or has no load
WARNING: [Synth 8-7129] Port C_PORT[18] in module dsp is either unconnected or has no load
WARNING: [Synth 8-7129] Port C_PORT[17] in module dsp is either unconnected or has no load
WARNING: [Synth 8-7129] Port C_PORT[16] in module dsp is either unconnected or has no load
WARNING: [Synth 8-7129] Port C_PORT[15] in module dsp is either unconnected or has no load
WARNING: [Synth 8-7129] Port C_PORT[14] in module dsp is either unconnected or has no load
WARNING: [Synth 8-7129] Port C_PORT[13] in module dsp is either unconnected or has no load
WARNING: [Synth 8-7129] Port C_PORT[12] in module dsp is either unconnected or has no load
WARNING: [Synth 8-7129] Port C_PORT[11] in module dsp is either unconnected or has no load
WARNING: [Synth 8-7129] Port C_PORT[10] in module dsp is either unconnected or has no load
WARNING: [Synth 8-7129] Port C_PORT[9] in module dsp is either unconnected or has no load
WARNING: [Synth 8-7129] Port C_PORT[8] in module dsp is either unconnected or has no load
WARNING: [Synth 8-7129] Port C_PORT[7] in module dsp is either unconnected or has no load
WARNING: [Synth 8-7129] Port C_PORT[6] in module dsp is either unconnected or has no load
WARNING: [Synth 8-7129] Port C_PORT[5] in module dsp is either unconnected or has no load
WARNING: [Synth 8-7129] Port C_PORT[4] in module dsp is either unconnected or has no load
WARNING: [Synth 8-7129] Port C_PORT[3] in module dsp is either unconnected or has no load
WARNING: [Synth 8-7129] Port C_PORT[2] in module dsp is either unconnected or has no load
WARNING: [Synth 8-7129] Port C_PORT[1] in module dsp is either unconnected or has no load
WARNING: [Synth 8-7129] Port C_PORT[0] in module dsp is either unconnected or has no load
WARNING: [Synth 8-7129] Port D_PORT[24] in module dsp is either unconnected or has no load
WARNING: [Synth 8-7129] Port D_PORT[23] in module dsp is either unconnected or has no load
WARNING: [Synth 8-7129] Port D_PORT[22] in module dsp is either unconnected or has no load
WARNING: [Synth 8-7129] Port D_PORT[21] in module dsp is either unconnected or has no load
WARNING: [Synth 8-7129] Port D_PORT[20] in module dsp is either unconnected or has no load
WARNING: [Synth 8-7129] Port D_PORT[19] in module dsp is either unconnected or has no load
WARNING: [Synth 8-7129] Port D_PORT[18] in module dsp is either unconnected or has no load
WARNING: [Synth 8-7129] Port D_PORT[17] in module dsp is either unconnected or has no load
WARNING: [Synth 8-7129] Port D_PORT[16] in module dsp is either unconnected or has no load
WARNING: [Synth 8-7129] Port D_PORT[15] in module dsp is either unconnected or has no load
WARNING: [Synth 8-7129] Port D_PORT[14] in module dsp is either unconnected or has no load
WARNING: [Synth 8-7129] Port D_PORT[13] in module dsp is either unconnected or has no load
WARNING: [Synth 8-7129] Port D_PORT[12] in module dsp is either unconnected or has no load
WARNING: [Synth 8-7129] Port D_PORT[11] in module dsp is either unconnected or has no load
WARNING: [Synth 8-7129] Port D_PORT[10] in module dsp is either unconnected or has no load
WARNING: [Synth 8-7129] Port D_PORT[9] in module dsp is either unconnected or has no load
WARNING: [Synth 8-7129] Port D_PORT[8] in module dsp is either unconnected or has no load
WARNING: [Synth 8-7129] Port D_PORT[7] in module dsp is either unconnected or has no load
WARNING: [Synth 8-7129] Port D_PORT[6] in module dsp is either unconnected or has no load
WARNING: [Synth 8-7129] Port D_PORT[5] in module dsp is either unconnected or has no load
WARNING: [Synth 8-7129] Port D_PORT[4] in module dsp is either unconnected or has no load
WARNING: [Synth 8-7129] Port D_PORT[3] in module dsp is either unconnected or has no load
WARNING: [Synth 8-7129] Port D_PORT[2] in module dsp is either unconnected or has no load
WARNING: [Synth 8-7129] Port D_PORT[1] in module dsp is either unconnected or has no load
WARNING: [Synth 8-7129] Port D_PORT[0] in module dsp is either unconnected or has no load
WARNING: [Synth 8-7129] Port SUBTRACT in module dsp is either unconnected or has no load
WARNING: [Synth 8-7129] Port CARRY_IN in module dsp is either unconnected or has no load
WARNING: [Synth 8-7129] Port PCASC_IN[47] in module dsp is either unconnected or has no load
WARNING: [Synth 8-7129] Port PCASC_IN[46] in module dsp is either unconnected or has no load
WARNING: [Synth 8-7129] Port PCASC_IN[45] in module dsp is either unconnected or has no load
WARNING: [Synth 8-7129] Port PCASC_IN[44] in module dsp is either unconnected or has no load
WARNING: [Synth 8-7129] Port PCASC_IN[43] in module dsp is either unconnected or has no load
WARNING: [Synth 8-7129] Port PCASC_IN[42] in module dsp is either unconnected or has no load
WARNING: [Synth 8-7129] Port PCASC_IN[41] in module dsp is either unconnected or has no load
WARNING: [Synth 8-7129] Port PCASC_IN[40] in module dsp is either unconnected or has no load
WARNING: [Synth 8-7129] Port PCASC_IN[39] in module dsp is either unconnected or has no load
WARNING: [Synth 8-7129] Port PCASC_IN[38] in module dsp is either unconnected or has no load
WARNING: [Synth 8-7129] Port PCASC_IN[37] in module dsp is either unconnected or has no load
WARNING: [Synth 8-7129] Port PCASC_IN[36] in module dsp is either unconnected or has no load
WARNING: [Synth 8-7129] Port PCASC_IN[35] in module dsp is either unconnected or has no load
WARNING: [Synth 8-7129] Port PCASC_IN[34] in module dsp is either unconnected or has no load
WARNING: [Synth 8-7129] Port PCASC_IN[33] in module dsp is either unconnected or has no load
WARNING: [Synth 8-7129] Port PCASC_IN[32] in module dsp is either unconnected or has no load
WARNING: [Synth 8-7129] Port PCASC_IN[31] in module dsp is either unconnected or has no load
WARNING: [Synth 8-7129] Port PCASC_IN[30] in module dsp is either unconnected or has no load
WARNING: [Synth 8-7129] Port PCASC_IN[29] in module dsp is either unconnected or has no load
WARNING: [Synth 8-7129] Port PCASC_IN[28] in module dsp is either unconnected or has no load
WARNING: [Synth 8-7129] Port PCASC_IN[27] in module dsp is either unconnected or has no load
WARNING: [Synth 8-7129] Port PCASC_IN[26] in module dsp is either unconnected or has no load
INFO: [Common 17-14] Message 'Synth 8-7129' appears 100 times and further instances of the messages will be disabled. Use the Tcl command set_msg_config to change the current settings.
---------------------------------------------------------------------------------
Finished Synthesize : Time (s): cpu = 00:00:07 ; elapsed = 00:00:09 . Memory (MB): peak = 1589.207 ; gain = 514.156
---------------------------------------------------------------------------------
---------------------------------------------------------------------------------
Finished Constraint Validation : Time (s): cpu = 00:00:07 ; elapsed = 00:00:10 . Memory (MB): peak = 1589.207 ; gain = 514.156
---------------------------------------------------------------------------------
---------------------------------------------------------------------------------
Start Loading Part and Timing Information
---------------------------------------------------------------------------------
Loading part: xczu7ev-ffvc1156-2-e
INFO: [Synth 8-6742] Reading net delay rules and data
INFO: [Device 21-403] Loading part xczu7ev-ffvc1156-2-e
---------------------------------------------------------------------------------
Finished Loading Part and Timing Information : Time (s): cpu = 00:00:07 ; elapsed = 00:00:10 . Memory (MB): peak = 1589.207 ; gain = 514.156
---------------------------------------------------------------------------------
WARNING: [Synth 8-6841] Block RAM (mem_reg) originally specified as a Byte Wide Write Enable RAM cannot take advantage of ByteWide feature and is implemented with single write enable per RAM due to following reason.
(address width (13) is more than optimal threshold of 12. Implementing using BWWE will require more logic and timing would be suboptimal. Please use attribute ram_decomp = power if BWWE is desired.)
INFO: [Synth 8-5555] Implemented Block Ram Cascade chain of height 2 and width 8 for RAM "Dual_Port_BRAM:/mem_reg"
INFO: [Synth 8-5555] Implemented Block Ram Cascade chain of height 2 and width 8 for RAM "Dual_Port_BRAM:/mem_reg"
INFO: [Synth 8-5555] Implemented Block Ram Cascade chain of height 2 and width 8 for RAM "Dual_Port_BRAM:/mem_reg"
INFO: [Synth 8-5555] Implemented Block Ram Cascade chain of height 2 and width 8 for RAM "Dual_Port_BRAM:/mem_reg"
INFO: [Synth 8-3971] The signal "Dual_Port_BRAM:/mem_reg" was recognized as a true dual port RAM template.
INFO: [Synth 8-3971] The signal "Dual_Port_BRAM__parameterized0:/mem_reg" was recognized as a true dual port RAM template.
INFO: [Synth 8-3971] The signal "Dual_Port_BRAM__parameterized1:/mem_reg" was recognized as a true dual port RAM template.
---------------------------------------------------------------------------------
Finished RTL Optimization Phase 2 : Time (s): cpu = 00:00:10 ; elapsed = 00:00:12 . Memory (MB): peak = 1589.207 ; gain = 514.156
---------------------------------------------------------------------------------
No constraint files found.
---------------------------------------------------------------------------------
Start RTL Component Statistics 
---------------------------------------------------------------------------------
---------------------------------------------------------------------------------
Finished RTL Component Statistics 
---------------------------------------------------------------------------------
---------------------------------------------------------------------------------
Start Part Resource Summary
---------------------------------------------------------------------------------
Part Resources:
DSPs: 1728 (col length:144)
BRAMs: 624 (col length: RAMB18 144 RAMB36 72)
---------------------------------------------------------------------------------
Finished Part Resource Summary
---------------------------------------------------------------------------------
No constraint files found.
---------------------------------------------------------------------------------
Start Cross Boundary and Area Optimization
---------------------------------------------------------------------------------
WARNING: [Synth 8-7080] Parallel synthesis criteria is not met
WARNING: [Synth 8-3917] design VPU_Top has port s00_axi_bresp[1] driven by constant 0
WARNING: [Synth 8-3917] design VPU_Top has port s00_axi_bresp[0] driven by constant 0
WARNING: [Synth 8-3917] design VPU_Top has port s00_axi_buser[0] driven by constant 0
WARNING: [Synth 8-3917] design VPU_Top has port s00_axi_ruser[0] driven by constant 0
WARNING: [Synth 8-6841] Block RAM (GEN_WEIGHT_BANK[0].u_weight_bram_bank/mem_reg) originally specified as a Byte Wide Write Enable RAM cannot take advantage of ByteWide feature and is implemented with single write enable per RAM due to following reason.
(address width (13) is more than optimal threshold of 12. Implementing using BWWE will require more logic and timing would be suboptimal. Please use attribute ram_decomp = power if BWWE is desired.)
INFO: [Synth 8-5555] Implemented Block Ram Cascade chain of height 2 and width 8 for RAM "\u_my_ip/u_axi4_mapping/u_gemv/GEN_WEIGHT_BANK[0].u_weight_bram_bank/mem_reg "
INFO: [Synth 8-5555] Implemented Block Ram Cascade chain of height 2 and width 8 for RAM "\u_my_ip/u_axi4_mapping/u_gemv/GEN_WEIGHT_BANK[0].u_weight_bram_bank/mem_reg "
INFO: [Synth 8-5555] Implemented Block Ram Cascade chain of height 2 and width 8 for RAM "\u_my_ip/u_axi4_mapping/u_gemv/GEN_WEIGHT_BANK[0].u_weight_bram_bank/mem_reg "
INFO: [Synth 8-5555] Implemented Block Ram Cascade chain of height 2 and width 8 for RAM "\u_my_ip/u_axi4_mapping/u_gemv/GEN_WEIGHT_BANK[0].u_weight_bram_bank/mem_reg "
INFO: [Synth 8-3971] The signal "\u_my_ip/u_axi4_mapping/u_gemv/GEN_WEIGHT_BANK[0].u_weight_bram_bank/mem_reg " was recognized as a true dual port RAM template.
WARNING: [Synth 8-6841] Block RAM (GEN_WEIGHT_BANK[1].u_weight_bram_bank/mem_reg) originally specified as a Byte Wide Write Enable RAM cannot take advantage of ByteWide feature and is implemented with single write enable per RAM due to following reason.
(address width (13) is more than optimal threshold of 12. Implementing using BWWE will require more logic and timing would be suboptimal. Please use attribute ram_decomp = power if BWWE is desired.)
INFO: [Synth 8-5555] Implemented Block Ram Cascade chain of height 2 and width 8 for RAM "\u_my_ip/u_axi4_mapping/u_gemv/GEN_WEIGHT_BANK[1].u_weight_bram_bank/mem_reg "
INFO: [Synth 8-5555] Implemented Block Ram Cascade chain of height 2 and width 8 for RAM "\u_my_ip/u_axi4_mapping/u_gemv/GEN_WEIGHT_BANK[1].u_weight_bram_bank/mem_reg "
INFO: [Synth 8-5555] Implemented Block Ram Cascade chain of height 2 and width 8 for RAM "\u_my_ip/u_axi4_mapping/u_gemv/GEN_WEIGHT_BANK[1].u_weight_bram_bank/mem_reg "
INFO: [Synth 8-5555] Implemented Block Ram Cascade chain of height 2 and width 8 for RAM "\u_my_ip/u_axi4_mapping/u_gemv/GEN_WEIGHT_BANK[1].u_weight_bram_bank/mem_reg "
INFO: [Synth 8-3971] The signal "\u_my_ip/u_axi4_mapping/u_gemv/GEN_WEIGHT_BANK[1].u_weight_bram_bank/mem_reg " was recognized as a true dual port RAM template.
WARNING: [Synth 8-6841] Block RAM (GEN_WEIGHT_BANK[2].u_weight_bram_bank/mem_reg) originally specified as a Byte Wide Write Enable RAM cannot take advantage of ByteWide feature and is implemented with single write enable per RAM due to following reason.
(address width (13) is more than optimal threshold of 12. Implementing using BWWE will require more logic and timing would be suboptimal. Please use attribute ram_decomp = power if BWWE is desired.)
INFO: [Synth 8-5555] Implemented Block Ram Cascade chain of height 2 and width 8 for RAM "\u_my_ip/u_axi4_mapping/u_gemv/GEN_WEIGHT_BANK[2].u_weight_bram_bank/mem_reg "
INFO: [Synth 8-5555] Implemented Block Ram Cascade chain of height 2 and width 8 for RAM "\u_my_ip/u_axi4_mapping/u_gemv/GEN_WEIGHT_BANK[2].u_weight_bram_bank/mem_reg "
INFO: [Synth 8-5555] Implemented Block Ram Cascade chain of height 2 and width 8 for RAM "\u_my_ip/u_axi4_mapping/u_gemv/GEN_WEIGHT_BANK[2].u_weight_bram_bank/mem_reg "
INFO: [Synth 8-5555] Implemented Block Ram Cascade chain of height 2 and width 8 for RAM "\u_my_ip/u_axi4_mapping/u_gemv/GEN_WEIGHT_BANK[2].u_weight_bram_bank/mem_reg "
INFO: [Synth 8-3971] The signal "\u_my_ip/u_axi4_mapping/u_gemv/GEN_WEIGHT_BANK[2].u_weight_bram_bank/mem_reg " was recognized as a true dual port RAM template.
WARNING: [Synth 8-6841] Block RAM (GEN_WEIGHT_BANK[3].u_weight_bram_bank/mem_reg) originally specified as a Byte Wide Write Enable RAM cannot take advantage of ByteWide feature and is implemented with single write enable per RAM due to following reason.
(address width (13) is more than optimal threshold of 12. Implementing using BWWE will require more logic and timing would be suboptimal. Please use attribute ram_decomp = power if BWWE is desired.)
INFO: [Synth 8-5555] Implemented Block Ram Cascade chain of height 2 and width 8 for RAM "\u_my_ip/u_axi4_mapping/u_gemv/GEN_WEIGHT_BANK[3].u_weight_bram_bank/mem_reg "
INFO: [Synth 8-5555] Implemented Block Ram Cascade chain of height 2 and width 8 for RAM "\u_my_ip/u_axi4_mapping/u_gemv/GEN_WEIGHT_BANK[3].u_weight_bram_bank/mem_reg "
INFO: [Synth 8-5555] Implemented Block Ram Cascade chain of height 2 and width 8 for RAM "\u_my_ip/u_axi4_mapping/u_gemv/GEN_WEIGHT_BANK[3].u_weight_bram_bank/mem_reg "
INFO: [Synth 8-5555] Implemented Block Ram Cascade chain of height 2 and width 8 for RAM "\u_my_ip/u_axi4_mapping/u_gemv/GEN_WEIGHT_BANK[3].u_weight_bram_bank/mem_reg "
INFO: [Synth 8-3971] The signal "\u_my_ip/u_axi4_mapping/u_gemv/GEN_WEIGHT_BANK[3].u_weight_bram_bank/mem_reg " was recognized as a true dual port RAM template.
INFO: [Synth 8-3971] The signal "\u_my_ip/u_axi4_mapping/u_gemv /u_act_bram/mem_reg" was recognized as a true dual port RAM template.
INFO: [Synth 8-3971] The signal "\u_my_ip/u_axi4_mapping/u_gemv /u_result_bram/mem_reg" was recognized as a true dual port RAM template.
---------------------------------------------------------------------------------
Finished Cross Boundary and Area Optimization : Time (s): cpu = 00:00:22 ; elapsed = 00:00:27 . Memory (MB): peak = 2524.258 ; gain = 1449.207
---------------------------------------------------------------------------------
No constraint files found.
---------------------------------------------------------------------------------
Start Timing Optimization
---------------------------------------------------------------------------------
---------------------------------------------------------------------------------
Finished Timing Optimization : Time (s): cpu = 00:00:23 ; elapsed = 00:00:27 . Memory (MB): peak = 2524.258 ; gain = 1449.207
---------------------------------------------------------------------------------
---------------------------------------------------------------------------------
Start Technology Mapping
---------------------------------------------------------------------------------
INFO: [Synth 8-7052] The timing for the instance u_my_ip/u_axi4_mapping/u_gemv/u_result_bram/mem_reg_0 (implemented as a Block RAM) might be sub-optimal as no optional output register could be merged into the ram block. Providing additional output register may help in improving timing.
INFO: [Synth 8-7052] The timing for the instance u_my_ip/u_axi4_mapping/u_gemv/u_result_bram/mem_reg_1 (implemented as a Block RAM) might be sub-optimal as no optional output register could be merged into the ram block. Providing additional output register may help in improving timing.
INFO: [Synth 8-7052] The timing for the instance u_my_ip/u_axi4_mapping/u_gemv/u_result_bram/mem_reg_2 (implemented as a Block RAM) might be sub-optimal as no optional output register could be merged into the ram block. Providing additional output register may help in improving timing.
INFO: [Synth 8-7052] The timing for the instance u_my_ip/u_axi4_mapping/u_gemv/u_result_bram/mem_reg_3 (implemented as a Block RAM) might be sub-optimal as no optional output register could be merged into the ram block. Providing additional output register may help in improving timing.
---------------------------------------------------------------------------------
Finished Technology Mapping : Time (s): cpu = 00:00:24 ; elapsed = 00:00:28 . Memory (MB): peak = 2524.258 ; gain = 1449.207
---------------------------------------------------------------------------------
---------------------------------------------------------------------------------
Start IO Insertion
---------------------------------------------------------------------------------
---------------------------------------------------------------------------------
Start Flattening Before IO Insertion
---------------------------------------------------------------------------------
---------------------------------------------------------------------------------
Finished Flattening Before IO Insertion
---------------------------------------------------------------------------------
---------------------------------------------------------------------------------
Start Final Netlist Cleanup
---------------------------------------------------------------------------------
---------------------------------------------------------------------------------
Finished Final Netlist Cleanup
---------------------------------------------------------------------------------
---------------------------------------------------------------------------------
Finished IO Insertion : Time (s): cpu = 00:00:26 ; elapsed = 00:00:31 . Memory (MB): peak = 2524.258 ; gain = 1449.207
---------------------------------------------------------------------------------
---------------------------------------------------------------------------------
Start Renaming Generated Instances
---------------------------------------------------------------------------------
---------------------------------------------------------------------------------
Finished Renaming Generated Instances : Time (s): cpu = 00:00:26 ; elapsed = 00:00:31 . Memory (MB): peak = 2524.258 ; gain = 1449.207
---------------------------------------------------------------------------------
---------------------------------------------------------------------------------
Start Rebuilding User Hierarchy
---------------------------------------------------------------------------------
---------------------------------------------------------------------------------
Finished Rebuilding User Hierarchy : Time (s): cpu = 00:00:27 ; elapsed = 00:00:32 . Memory (MB): peak = 2524.258 ; gain = 1449.207
---------------------------------------------------------------------------------
---------------------------------------------------------------------------------
Start Renaming Generated Ports
---------------------------------------------------------------------------------
---------------------------------------------------------------------------------
Finished Renaming Generated Ports : Time (s): cpu = 00:00:27 ; elapsed = 00:00:32 . Memory (MB): peak = 2524.258 ; gain = 1449.207
---------------------------------------------------------------------------------
---------------------------------------------------------------------------------
Start Handling Custom Attributes
---------------------------------------------------------------------------------
---------------------------------------------------------------------------------
Finished Handling Custom Attributes : Time (s): cpu = 00:00:27 ; elapsed = 00:00:32 . Memory (MB): peak = 2524.258 ; gain = 1449.207
---------------------------------------------------------------------------------
---------------------------------------------------------------------------------
Start Renaming Generated Nets
---------------------------------------------------------------------------------
---------------------------------------------------------------------------------
Finished Renaming Generated Nets : Time (s): cpu = 00:00:27 ; elapsed = 00:00:32 . Memory (MB): peak = 2524.258 ; gain = 1449.207
---------------------------------------------------------------------------------
---------------------------------------------------------------------------------
Start Writing Synthesis Report
---------------------------------------------------------------------------------

DSP Final Report (the ' indicates corresponding REG is set)
+------------+-----------------+--------+--------+--------+--------+--------+------+------+------+------+-------+------+------+
|Module Name | DSP Mapping     | A Size | B Size | C Size | D Size | P Size | AREG | BREG | CREG | DREG | ADREG | MREG | PREG | 
+------------+-----------------+--------+--------+--------+--------+--------+------+------+------+------+-------+------+------+
|PMAU_Full   | A'*B''          | 17     | 16     | -      | -      | 48     | 1    | 2    | -    | -    | -     | 0    | 0    | 
|PMAU_Full   | PCIN>>17+A''*B' | 16     | 18     | -      | -      | 48     | 2    | 1    | -    | -    | -     | 0    | 0    | 
|dsp         | ((A'*B')')'     | 30     | 18     | -      | -      | 16     | 1    | 1    | -    | -    | -     | 1    | 1    | 
|dsp         | ((A'*B')')'     | 30     | 18     | -      | -      | 16     | 1    | 1    | -    | -    | -     | 1    | 1    | 
|dsp         | ((A'*B')')'     | 30     | 18     | -      | -      | 16     | 1    | 1    | -    | -    | -     | 1    | 1    | 
|dsp         | ((A'*B')')'     | 30     | 18     | -      | -      | 16     | 1    | 1    | -    | -    | -     | 1    | 1    | 
|dsp         | ((A'*B')')'     | 30     | 18     | -      | -      | 16     | 1    | 1    | -    | -    | -     | 1    | 1    | 
|dsp         | ((A'*B')')'     | 30     | 18     | -      | -      | 16     | 1    | 1    | -    | -    | -     | 1    | 1    | 
|dsp         | ((A'*B')')'     | 30     | 18     | -      | -      | 16     | 1    | 1    | -    | -    | -     | 1    | 1    | 
|dsp         | ((A'*B')')'     | 30     | 18     | -      | -      | 16     | 1    | 1    | -    | -    | -     | 1    | 1    | 
|dsp         | ((A'*B')')'     | 30     | 18     | -      | -      | 16     | 1    | 1    | -    | -    | -     | 1    | 1    | 
|dsp         | ((A'*B')')'     | 30     | 18     | -      | -      | 16     | 1    | 1    | -    | -    | -     | 1    | 1    | 
|dsp         | ((A'*B')')'     | 30     | 18     | -      | -      | 16     | 1    | 1    | -    | -    | -     | 1    | 1    | 
|dsp         | ((A'*B')')'     | 30     | 18     | -      | -      | 16     | 1    | 1    | -    | -    | -     | 1    | 1    | 
|dsp         | ((A'*B')')'     | 30     | 18     | -      | -      | 16     | 1    | 1    | -    | -    | -     | 1    | 1    | 
|dsp         | ((A'*B')')'     | 30     | 18     | -      | -      | 16     | 1    | 1    | -    | -    | -     | 1    | 1    | 
|dsp         | ((A'*B')')'     | 30     | 18     | -      | -      | 16     | 1    | 1    | -    | -    | -     | 1    | 1    | 
|dsp         | ((A'*B')')'     | 30     | 18     | -      | -      | 16     | 1    | 1    | -    | -    | -     | 1    | 1    | 
+------------+-----------------+--------+--------+--------+--------+--------+------+------+------+------+-------+------+------+


Report BlackBoxes: 
+-+--------------+----------+
| |BlackBox name |Instances |
+-+--------------+----------+
+-+--------------+----------+

Report Cell Usage: 
+------+---------+------+
|      |Cell     |Count |
+------+---------+------+
|1     |CARRY8   |   111|
|2     |DSP48E2  |    18|
|3     |LUT1     |   104|
|4     |LUT2     |   885|
|5     |LUT3     |   416|
|6     |LUT4     |   346|
|7     |LUT5     |   286|
|8     |LUT6     |   306|
|9     |MUXF7    |     2|
|10    |RAMB36E2 |    40|
|11    |SRL16E   |    19|
|12    |FDRE     |  3139|
|13    |FDSE     |    10|
+------+---------+------+
---------------------------------------------------------------------------------
Finished Writing Synthesis Report : Time (s): cpu = 00:00:27 ; elapsed = 00:00:32 . Memory (MB): peak = 2524.258 ; gain = 1449.207
---------------------------------------------------------------------------------
Synthesis finished with 0 errors, 0 critical warnings and 299 warnings.
Synthesis Optimization Runtime : Time (s): cpu = 00:00:27 ; elapsed = 00:00:32 . Memory (MB): peak = 2524.258 ; gain = 1449.207
Synthesis Optimization Complete : Time (s): cpu = 00:00:27 ; elapsed = 00:00:32 . Memory (MB): peak = 2524.258 ; gain = 1449.207
INFO: [Project 1-571] Translating synthesized netlist
Netlist sorting complete. Time (s): cpu = 00:00:00 ; elapsed = 00:00:00.052 . Memory (MB): peak = 2524.258 ; gain = 0.000
INFO: [Netlist 29-17] Analyzing 131 Unisim elements for replacement
INFO: [Netlist 29-28] Unisim Transformation completed in 0 CPU seconds
INFO: [Project 1-570] Preparing netlist for logic optimization
INFO: [Opt 31-138] Pushed 0 inverter(s) to 0 load pin(s).
Netlist sorting complete. Time (s): cpu = 00:00:00 ; elapsed = 00:00:00.001 . Memory (MB): peak = 2574.711 ; gain = 0.000
INFO: [Project 1-111] Unisim Transformation Summary:
  A total of 18 instances were transformed.
  DSP48E2 => DSP48E2 (DSP_ALU, DSP_A_B_DATA, DSP_C_DATA, DSP_MULTIPLIER, DSP_M_DATA, DSP_OUTPUT, DSP_PREADD, DSP_PREADD_DATA): 18 instances

Synth Design complete, checksum: d877d322
INFO: [Common 17-83] Releasing license: Synthesis
67 Infos, 133 Warnings, 0 Critical Warnings and 0 Errors encountered.
synth_design completed successfully
synth_design: Time (s): cpu = 00:00:29 ; elapsed = 00:00:35 . Memory (MB): peak = 2574.711 ; gain = 1499.676
# create_clock -period 3.333 -name s00_axi_aclk [get_ports s00_axi_aclk]
# report_utilization -file [file join $script_dir "current_rtl_synth_utilization.rpt"]
# report_utilization -hierarchical -hierarchical_depth 7 \
#     -file [file join $script_dir "current_rtl_synth_hier_utilization.rpt"]
# report_timing_summary -delay_type min_max -max_paths 20 \
#     -file [file join $script_dir "current_rtl_synth_timing_300mhz.rpt"]
INFO: [Timing 38-35] Done setting XDC timing constraints.
INFO: [Timing 38-91] UpdateTimingParams: Speed grade: -2, Temperature grade: E, Delay Type: min_max.
INFO: [Timing 38-191] Multithreading enabled for timing update using a maximum of 2 CPUs
WARNING: [Timing 38-242] The property HD.CLK_SRC of clock port "s00_axi_aclk" is not set. In out-of-context mode, this prevents timing estimation for clock delay/skew
Resolution: Set the HD.CLK_SRC property of the out-of-context port to the location of the clock buffer instance in the top-level design
report_timing_summary: Time (s): cpu = 00:00:27 ; elapsed = 00:00:33 . Memory (MB): peak = 4266.953 ; gain = 1692.242
# opt_design
Command: opt_design
Attempting to get a license for feature 'Implementation' and/or device 'xczu7ev'
INFO: [Common 17-349] Got license for feature 'Implementation' and/or device 'xczu7ev'
Running DRC as a precondition to command opt_design

Starting DRC Task
INFO: [DRC 23-27] Running DRC with 2 threads
INFO: [Project 1-461] DRC finished with 0 Errors
INFO: [Project 1-462] Please refer to the DRC report (report_drc) for more information.

Time (s): cpu = 00:00:02 ; elapsed = 00:00:02 . Memory (MB): peak = 4266.953 ; gain = 0.000

Starting Cache Timing Information Task
Ending Cache Timing Information Task | Checksum: e7800b87

Time (s): cpu = 00:00:00 ; elapsed = 00:00:00.130 . Memory (MB): peak = 4266.953 ; gain = 0.000

Starting Logic Optimization Task

Phase 1 Retarget
INFO: [Opt 31-1287] Pulled Inverter u_my_ip/core_wr_en_r_i_33 into driver instance u_my_ip/u_axi4_mapping/i__carry__0_i_13__0, which resulted in an inversion of 4 pins
INFO: [Opt 31-1287] Pulled Inverter u_my_ip/core_wr_en_r_i_34 into driver instance u_my_ip/u_axi4_mapping/i__carry__0_i_14__0, which resulted in an inversion of 4 pins
INFO: [Opt 31-1287] Pulled Inverter u_my_ip/core_wr_en_r_i_35 into driver instance u_my_ip/u_axi4_mapping/i__carry__0_i_15__0, which resulted in an inversion of 4 pins
INFO: [Opt 31-1287] Pulled Inverter u_my_ip/u_axi4_mapping/i__carry__0_i_4 into driver instance u_my_ip/u_axi4_mapping/u_gemv/i__carry__0_i_13, which resulted in an inversion of 7 pins
INFO: [Opt 31-1287] Pulled Inverter u_my_ip/u_axi4_mapping/i__carry__0_i_5 into driver instance u_my_ip/u_axi4_mapping/u_gemv/i__carry__0_i_14, which resulted in an inversion of 7 pins
INFO: [Opt 31-1287] Pulled Inverter u_my_ip/u_axi4_mapping/i__carry__0_i_6 into driver instance u_my_ip/u_axi4_mapping/u_gemv/rd_pipe_index_r[12]_i_4, which resulted in an inversion of 9 pins
INFO: [Opt 31-1287] Pulled Inverter u_my_ip/u_axi4_mapping/u_gemv/i__carry__1_i_1 into driver instance u_my_ip/u_axi4_mapping/u_gemv/rd_pipe_index_r[12]_i_5, which resulted in an inversion of 9 pins
INFO: [Opt 31-1287] Pulled Inverter u_my_ip/u_axi4_mapping/u_gemv/rd_pipe_index_r[11]_i_1 into driver instance u_my_ip/u_axi4_mapping/u_gemv/rd_pipe_index_r[11]_i_2, which resulted in an inversion of 3 pins
INFO: [Opt 31-1287] Pulled Inverter u_my_ip/u_axi4_mapping/u_gemv/rd_pipe_region_r[0]_i_1 into driver instance u_my_ip/u_axi4_mapping/u_gemv/rd_pipe_region_r[1]_i_3, which resulted in an inversion of 4 pins
INFO: [Opt 31-138] Pushed 2 inverter(s) to 2843 load pin(s).
INFO: [Opt 31-49] Retargeted 0 cell(s).
Phase 1 Retarget | Checksum: c273db3a

Time (s): cpu = 00:00:01 ; elapsed = 00:00:00.900 . Memory (MB): peak = 4266.953 ; gain = 0.000
INFO: [Opt 31-389] Phase Retarget created 0 cells and removed 23 cells
INFO: [Opt 31-1021] In phase Retarget, 108 netlist objects are constrained preventing optimization. Please run opt_design with -debug_log to get more detail. 

Phase 2 Constant propagation
INFO: [Opt 31-138] Pushed 0 inverter(s) to 0 load pin(s).
Phase 2 Constant propagation | Checksum: 10969c8d0

Time (s): cpu = 00:00:01 ; elapsed = 00:00:00.944 . Memory (MB): peak = 4266.953 ; gain = 0.000
INFO: [Opt 31-389] Phase Constant propagation created 0 cells and removed 0 cells
INFO: [Opt 31-1021] In phase Constant propagation, 108 netlist objects are constrained preventing optimization. Please run opt_design with -debug_log to get more detail. 

Phase 3 Sweep
Phase 3 Sweep | Checksum: 16d21ce34

Time (s): cpu = 00:00:01 ; elapsed = 00:00:01 . Memory (MB): peak = 4266.953 ; gain = 0.000
INFO: [Opt 31-389] Phase Sweep created 0 cells and removed 0 cells
INFO: [Opt 31-1021] In phase Sweep, 216 netlist objects are constrained preventing optimization. Please run opt_design with -debug_log to get more detail. 

Phase 4 BUFG optimization
INFO: [Opt 31-1077] Phase BUFG optimization inserted 0 global clock buffer(s) for CLOCK_LOW_FANOUT.
Phase 4 BUFG optimization | Checksum: 16d21ce34

Time (s): cpu = 00:00:01 ; elapsed = 00:00:01 . Memory (MB): peak = 4266.953 ; gain = 0.000
INFO: [Opt 31-662] Phase BUFG optimization created 0 cells of which 0 are BUFGs and removed 0 cells.

Phase 5 Shift Register Optimization
INFO: [Opt 31-1064] SRL Remap converted 0 SRLs to 0 registers and converted 0 registers of register chains to 0 SRLs
Phase 5 Shift Register Optimization | Checksum: 16d21ce34

Time (s): cpu = 00:00:01 ; elapsed = 00:00:01 . Memory (MB): peak = 4266.953 ; gain = 0.000
INFO: [Opt 31-389] Phase Shift Register Optimization created 0 cells and removed 0 cells

Phase 6 Post Processing Netlist
Phase 6 Post Processing Netlist | Checksum: 16d21ce34

Time (s): cpu = 00:00:01 ; elapsed = 00:00:01 . Memory (MB): peak = 4266.953 ; gain = 0.000
INFO: [Opt 31-389] Phase Post Processing Netlist created 0 cells and removed 0 cells
INFO: [Opt 31-1021] In phase Post Processing Netlist, 108 netlist objects are constrained preventing optimization. Please run opt_design with -debug_log to get more detail. 
Opt_design Change Summary
=========================


-------------------------------------------------------------------------------------------------------------------------
|  Phase                        |  #Cells created  |  #Cells Removed  |  #Constrained objects preventing optimizations  |
-------------------------------------------------------------------------------------------------------------------------
|  Retarget                     |               0  |              23  |                                            108  |
|  Constant propagation         |               0  |               0  |                                            108  |
|  Sweep                        |               0  |               0  |                                            216  |
|  BUFG optimization            |               0  |               0  |                                              0  |
|  Shift Register Optimization  |               0  |               0  |                                              0  |
|  Post Processing Netlist      |               0  |               0  |                                            108  |
-------------------------------------------------------------------------------------------------------------------------



Starting Connectivity Check Task

Time (s): cpu = 00:00:00 ; elapsed = 00:00:00.005 . Memory (MB): peak = 4266.953 ; gain = 0.000
Ending Logic Optimization Task | Checksum: 1ec51835b

Time (s): cpu = 00:00:01 ; elapsed = 00:00:01 . Memory (MB): peak = 4266.953 ; gain = 0.000

Starting Power Optimization Task
INFO: [Pwropt 34-132] Skipping clock gating for clocks with a period < 2.00 ns.
INFO: [Pwropt 34-9] Applying IDT optimizations ...
INFO: [Pwropt 34-10] Applying ODC optimizations ...
INFO: [Timing 38-35] Done setting XDC timing constraints.
Running Vector-less Activity Propagation...

Finished Running Vector-less Activity Propagation


Starting PowerOpt Patch Enables Task
INFO: [Pwropt 34-162] WRITE_MODE attribute of 0 BRAM(s) out of a total of 40 has been updated to save power. Run report_power_opt to get a complete listing of the BRAMs updated.
INFO: [Pwropt 34-201] Structural ODC has moved 4 WE to EN ports
Number of BRAM Ports augmented: 32 newly gated: 4 Total Ports: 80
Ending PowerOpt Patch Enables Task | Checksum: c31c4ae5

Time (s): cpu = 00:00:01 ; elapsed = 00:00:00.313 . Memory (MB): peak = 4266.953 ; gain = 0.000
Ending Power Optimization Task | Checksum: c31c4ae5

Time (s): cpu = 00:00:07 ; elapsed = 00:00:06 . Memory (MB): peak = 4266.953 ; gain = 0.000

Starting Final Cleanup Task

Starting Logic Optimization Task
INFO: [Timing 38-35] Done setting XDC timing constraints.
Ending Logic Optimization Task | Checksum: a582b216

Time (s): cpu = 00:00:01 ; elapsed = 00:00:01 . Memory (MB): peak = 4266.953 ; gain = 0.000
Ending Final Cleanup Task | Checksum: a582b216

Time (s): cpu = 00:00:03 ; elapsed = 00:00:03 . Memory (MB): peak = 4266.953 ; gain = 0.000

Starting Netlist Obfuscation Task
Netlist sorting complete. Time (s): cpu = 00:00:00 ; elapsed = 00:00:00.002 . Memory (MB): peak = 4266.953 ; gain = 0.000
Ending Netlist Obfuscation Task | Checksum: a582b216

Time (s): cpu = 00:00:00 ; elapsed = 00:00:00.002 . Memory (MB): peak = 4266.953 ; gain = 0.000
INFO: [Common 17-83] Releasing license: Implementation
36 Infos, 0 Warnings, 0 Critical Warnings and 0 Errors encountered.
opt_design completed successfully
opt_design: Time (s): cpu = 00:00:15 ; elapsed = 00:00:16 . Memory (MB): peak = 4266.953 ; gain = 0.000
# place_design
Command: place_design
Attempting to get a license for feature 'Implementation' and/or device 'xczu7ev'
INFO: [Common 17-349] Got license for feature 'Implementation' and/or device 'xczu7ev'
INFO: [DRC 23-27] Running DRC with 2 threads
INFO: [Vivado_Tcl 4-198] DRC finished with 0 Errors
INFO: [Vivado_Tcl 4-199] Please refer to the DRC report (report_drc) for more information.
Running DRC as a precondition to command place_design
INFO: [DRC 23-27] Running DRC with 2 threads
INFO: [Vivado_Tcl 4-198] DRC finished with 0 Errors
INFO: [Vivado_Tcl 4-199] Please refer to the DRC report (report_drc) for more information.

Starting Placer Task
INFO: [Place 30-611] Multithreading enabled for place_design using a maximum of 2 CPUs

Phase 1 Placer Initialization

Phase 1.1 Placer Initialization Netlist Sorting
Netlist sorting complete. Time (s): cpu = 00:00:00 ; elapsed = 00:00:00.001 . Memory (MB): peak = 4266.953 ; gain = 0.000
Phase 1.1 Placer Initialization Netlist Sorting | Checksum: 1e2341df

Time (s): cpu = 00:00:00 ; elapsed = 00:00:00.115 . Memory (MB): peak = 4266.953 ; gain = 0.000
Netlist sorting complete. Time (s): cpu = 00:00:00 ; elapsed = 00:00:00.001 . Memory (MB): peak = 4266.953 ; gain = 0.000

Phase 1.2 IO Placement/ Clock Placement/ Build Placer Device
INFO: [Timing 38-35] Done setting XDC timing constraints.
Phase 1.2 IO Placement/ Clock Placement/ Build Placer Device | Checksum: 5df89644

Time (s): cpu = 00:00:02 ; elapsed = 00:00:02 . Memory (MB): peak = 4266.953 ; gain = 0.000

Phase 1.3 Build Placer Netlist Model
Phase 1.3 Build Placer Netlist Model | Checksum: f2389631

Time (s): cpu = 00:00:05 ; elapsed = 00:00:05 . Memory (MB): peak = 4266.953 ; gain = 0.000

Phase 1.4 Constrain Clocks/Macros
Phase 1.4 Constrain Clocks/Macros | Checksum: f2389631

Time (s): cpu = 00:00:05 ; elapsed = 00:00:05 . Memory (MB): peak = 4266.953 ; gain = 0.000
Phase 1 Placer Initialization | Checksum: f2389631

Time (s): cpu = 00:00:05 ; elapsed = 00:00:05 . Memory (MB): peak = 4266.953 ; gain = 0.000

Phase 2 Global Placement

Phase 2.1 Floorplanning

Phase 2.1.1 Partition Driven Placement

Phase 2.1.1.1 PBP: Partition Driven Placement
Phase 2.1.1.1 PBP: Partition Driven Placement | Checksum: 141b0d8e1

Time (s): cpu = 00:00:07 ; elapsed = 00:00:06 . Memory (MB): peak = 4266.953 ; gain = 0.000

Phase 2.1.1.2 PBP: Clock Region Placement
Phase 2.1.1.2 PBP: Clock Region Placement | Checksum: 14e80269b

Time (s): cpu = 00:00:07 ; elapsed = 00:00:06 . Memory (MB): peak = 4266.953 ; gain = 0.000

Phase 2.1.1.3 PBP: Compute Congestion
Phase 2.1.1.3 PBP: Compute Congestion | Checksum: 14e80269b

Time (s): cpu = 00:00:08 ; elapsed = 00:00:07 . Memory (MB): peak = 4266.953 ; gain = 0.000

Phase 2.1.1.4 PBP: UpdateTiming
Phase 2.1.1.4 PBP: UpdateTiming | Checksum: e82f55e4

Time (s): cpu = 00:00:08 ; elapsed = 00:00:07 . Memory (MB): peak = 4266.953 ; gain = 0.000

Phase 2.1.1.5 PBP: Add part constraints
Phase 2.1.1.5 PBP: Add part constraints | Checksum: e82f55e4

Time (s): cpu = 00:00:08 ; elapsed = 00:00:07 . Memory (MB): peak = 4266.953 ; gain = 0.000
Phase 2.1.1 Partition Driven Placement | Checksum: e82f55e4

Time (s): cpu = 00:00:08 ; elapsed = 00:00:07 . Memory (MB): peak = 4266.953 ; gain = 0.000
Phase 2.1 Floorplanning | Checksum: e82f55e4

Time (s): cpu = 00:00:08 ; elapsed = 00:00:07 . Memory (MB): peak = 4266.953 ; gain = 0.000

Phase 2.2 Update Timing before SLR Path Opt
Phase 2.2 Update Timing before SLR Path Opt | Checksum: e82f55e4

Time (s): cpu = 00:00:08 ; elapsed = 00:00:07 . Memory (MB): peak = 4266.953 ; gain = 0.000

Phase 2.3 Post-Processing in Floorplanning
Phase 2.3 Post-Processing in Floorplanning | Checksum: e82f55e4

Time (s): cpu = 00:00:08 ; elapsed = 00:00:07 . Memory (MB): peak = 4266.953 ; gain = 0.000

Phase 2.4 Global Placement Core

Phase 2.4.1 UpdateTiming Before Physical Synthesis
Phase 2.4.1 UpdateTiming Before Physical Synthesis | Checksum: 151ab7431

Time (s): cpu = 00:00:18 ; elapsed = 00:00:14 . Memory (MB): peak = 4266.953 ; gain = 0.000

Phase 2.4.2 Physical Synthesis In Placer
INFO: [Physopt 32-1035] Found 1 LUTNM shape to break, 99 LUT instances to create LUTNM shape
INFO: [Physopt 32-1044] Break lutnm for timing: one critical 0, two critical 1, total 1, new lutff created 0
INFO: [Physopt 32-1138] End 1 Pass. Optimized 47 nets or LUTs. Breaked 1 LUT, combined 46 existing LUTs and moved 0 existing LUT
INFO: [Physopt 32-69] No nets found for rewiring optimization.
INFO: [Physopt 32-661] Optimized 0 net.  Re-placed 0 instance.
INFO: [Physopt 32-775] End 1 Pass. Optimized 0 net or cell. Created 0 new cell, deleted 0 existing cell and moved 0 existing cell
