#-----------------------------------------------------------
# Vivado v2022.2 (64-bit)
# SW Build 3671981 on Fri Oct 14 05:00:03 MDT 2022
# IP Build 3669848 on Fri Oct 14 08:30:02 MDT 2022
# Start of session at: Fri Jul 10 11:20:28 2026
# Process ID: 32928
# Current directory: D:/DOAN/DATN_RTL/DATN_VIVADO/manual_sim
# Command line: vivado.exe -mode batch -source D:\DOAN\DATN_RTL\DATN_VIVADO\manual_sim\run_spu_timing_check.tcl
# Log file: D:/DOAN/DATN_RTL/DATN_VIVADO/manual_sim/vivado.log
# Journal file: D:/DOAN/DATN_RTL/DATN_VIVADO/manual_sim\vivado.jou
# Running On: Cuong-Desktop, OS: Windows, CPU Frequency: 2496 MHz, CPU Physical cores: 6, Host memory: 16984 MB
#-----------------------------------------------------------
source {D:\DOAN\DATN_RTL\DATN_VIVADO\manual_sim\run_spu_timing_check.tcl}
# set origin_dir [file normalize [file dirname [info script]]]
# set rtl_dir [file normalize [file join $origin_dir .. .. RTL]]
# set report_dir [file join $origin_dir spu_timing_check]
# file mkdir $report_dir
# create_project -in_memory -part xczu7ev-ffvc1156-2-e
create_project: Time (s): cpu = 00:00:04 ; elapsed = 00:00:09 . Memory (MB): peak = 1003.207 ; gain = 118.957
# set_property XPM_LIBRARIES {XPM_MEMORY} [current_project]
# read_verilog -sv [file join $rtl_dir Dual_Port_BRAM.v]
# read_verilog -sv [file join $rtl_dir SPU_Quantize_Q8_0.v]
# read_verilog -sv [file join $rtl_dir SPU_SiLU_Mul.v]
# read_verilog -sv [file join $rtl_dir SPU_RMSNorm.v]
# read_verilog -sv [file join $rtl_dir SPU_RoPE.v]
# read_verilog -sv [file join $rtl_dir SPU_Softmax.v]
# read_verilog -sv [file join $rtl_dir SPU_Local_Memory.v]
# read_verilog -sv [file join $rtl_dir SPU_Controller.v]
# read_verilog -sv [file join $rtl_dir SPU_Top.v]
# synth_design -top SPU_Top -part xczu7ev-ffvc1156-2-e
Command: synth_design -top SPU_Top -part xczu7ev-ffvc1156-2-e
Starting synth_design
Attempting to get a license for feature 'Synthesis' and/or device 'xczu7ev'
INFO: [Common 17-349] Got license for feature 'Synthesis' and/or device 'xczu7ev'
INFO: [Device 21-403] Loading part xczu7ev-ffvc1156-2-e
INFO: [Synth 8-7079] Multithreading enabled for synth_design using a maximum of 2 processes.
INFO: [Synth 8-7078] Launching helper process for spawning children vivado processes
INFO: [Synth 8-7075] Helper process launched with PID 32576
INFO: [Synth 8-11241] undeclared symbol 'REGCCE', assumed default net type 'wire' [D:/Xlinx/Vivado/2022.2/data/verilog/src/unimacro/BRAM_SINGLE_MACRO.v:2170]
---------------------------------------------------------------------------------
Starting RTL Elaboration : Time (s): cpu = 00:00:04 ; elapsed = 00:00:07 . Memory (MB): peak = 2506.906 ; gain = 336.520
---------------------------------------------------------------------------------
INFO: [Synth 8-6157] synthesizing module 'SPU_Top' [D:/DOAN/DATN_RTL/RTL/SPU_Top.v:18]
INFO: [Synth 8-6157] synthesizing module 'SPU_SiLU_Mul' [D:/DOAN/DATN_RTL/RTL/SPU_SiLU_Mul.v:16]
INFO: [Synth 8-6155] done synthesizing module 'SPU_SiLU_Mul' (0#1) [D:/DOAN/DATN_RTL/RTL/SPU_SiLU_Mul.v:16]
INFO: [Synth 8-6157] synthesizing module 'SPU_RMSNorm' [D:/DOAN/DATN_RTL/RTL/SPU_RMSNorm.v:17]
INFO: [Synth 8-6155] done synthesizing module 'SPU_RMSNorm' (0#1) [D:/DOAN/DATN_RTL/RTL/SPU_RMSNorm.v:17]
INFO: [Synth 8-6157] synthesizing module 'SPU_RoPE' [D:/DOAN/DATN_RTL/RTL/SPU_RoPE.v:16]
INFO: [Synth 8-6155] done synthesizing module 'SPU_RoPE' (0#1) [D:/DOAN/DATN_RTL/RTL/SPU_RoPE.v:16]
INFO: [Synth 8-6157] synthesizing module 'SPU_Softmax' [D:/DOAN/DATN_RTL/RTL/SPU_Softmax.v:16]
INFO: [Synth 8-6155] done synthesizing module 'SPU_Softmax' (0#1) [D:/DOAN/DATN_RTL/RTL/SPU_Softmax.v:16]
INFO: [Synth 8-6157] synthesizing module 'SPU_Controller' [D:/DOAN/DATN_RTL/RTL/SPU_Controller.v:18]
	Parameter AXI_DATA_WIDTH bound to: 128 - type: integer 
	Parameter WORD_DEPTH bound to: 4096 - type: integer 
INFO: [Synth 8-6157] synthesizing module 'SPU_Quantize_Q8_0' [D:/DOAN/DATN_RTL/RTL/SPU_Quantize_Q8_0.v:16]
INFO: [Synth 8-6155] done synthesizing module 'SPU_Quantize_Q8_0' (0#1) [D:/DOAN/DATN_RTL/RTL/SPU_Quantize_Q8_0.v:16]
INFO: [Synth 8-226] default block is never used [D:/DOAN/DATN_RTL/RTL/SPU_Controller.v:171]
INFO: [Synth 8-6155] done synthesizing module 'SPU_Controller' (0#1) [D:/DOAN/DATN_RTL/RTL/SPU_Controller.v:18]
INFO: [Synth 8-6157] synthesizing module 'SPU_Local_Memory' [D:/DOAN/DATN_RTL/RTL/SPU_Local_Memory.v:25]
	Parameter AXI_DATA_WIDTH bound to: 128 - type: integer 
	Parameter WORD_DEPTH bound to: 4096 - type: integer 
INFO: [Synth 8-6157] synthesizing module 'Dual_Port_BRAM' [D:/DOAN/DATN_RTL/RTL/Dual_Port_BRAM.v:36]
	Parameter AWIDTH bound to: 12 - type: integer 
	Parameter DWIDTH bound to: 128 - type: integer 
	Parameter OUTPUT_REG bound to: 0 - type: integer 
	Parameter USE_URAM bound to: 0 - type: integer 
INFO: [Synth 8-6155] done synthesizing module 'Dual_Port_BRAM' (0#1) [D:/DOAN/DATN_RTL/RTL/Dual_Port_BRAM.v:36]
INFO: [Synth 8-6155] done synthesizing module 'SPU_Local_Memory' (0#1) [D:/DOAN/DATN_RTL/RTL/SPU_Local_Memory.v:25]
INFO: [Synth 8-6155] done synthesizing module 'SPU_Top' (0#1) [D:/DOAN/DATN_RTL/RTL/SPU_Top.v:18]
WARNING: [Synth 8-3917] design SPU_Top has port spu_caps[31] driven by constant 0
WARNING: [Synth 8-3917] design SPU_Top has port spu_caps[30] driven by constant 0
WARNING: [Synth 8-3917] design SPU_Top has port spu_caps[29] driven by constant 0
WARNING: [Synth 8-3917] design SPU_Top has port spu_caps[28] driven by constant 1
WARNING: [Synth 8-3917] design SPU_Top has port spu_caps[27] driven by constant 0
WARNING: [Synth 8-3917] design SPU_Top has port spu_caps[26] driven by constant 0
WARNING: [Synth 8-3917] design SPU_Top has port spu_caps[25] driven by constant 0
WARNING: [Synth 8-3917] design SPU_Top has port spu_caps[24] driven by constant 0
WARNING: [Synth 8-3917] design SPU_Top has port spu_caps[23] driven by constant 0
WARNING: [Synth 8-3917] design SPU_Top has port spu_caps[22] driven by constant 0
WARNING: [Synth 8-3917] design SPU_Top has port spu_caps[21] driven by constant 0
WARNING: [Synth 8-3917] design SPU_Top has port spu_caps[20] driven by constant 0
WARNING: [Synth 8-3917] design SPU_Top has port spu_caps[19] driven by constant 0
WARNING: [Synth 8-3917] design SPU_Top has port spu_caps[18] driven by constant 0
WARNING: [Synth 8-3917] design SPU_Top has port spu_caps[17] driven by constant 0
WARNING: [Synth 8-3917] design SPU_Top has port spu_caps[16] driven by constant 0
WARNING: [Synth 8-3917] design SPU_Top has port spu_caps[15] driven by constant 0
WARNING: [Synth 8-3917] design SPU_Top has port spu_caps[14] driven by constant 0
WARNING: [Synth 8-3917] design SPU_Top has port spu_caps[13] driven by constant 0
WARNING: [Synth 8-3917] design SPU_Top has port spu_caps[12] driven by constant 0
WARNING: [Synth 8-3917] design SPU_Top has port spu_caps[11] driven by constant 0
WARNING: [Synth 8-3917] design SPU_Top has port spu_caps[10] driven by constant 0
WARNING: [Synth 8-3917] design SPU_Top has port spu_caps[9] driven by constant 0
WARNING: [Synth 8-3917] design SPU_Top has port spu_caps[8] driven by constant 0
WARNING: [Synth 8-3917] design SPU_Top has port spu_caps[7] driven by constant 1
WARNING: [Synth 8-3917] design SPU_Top has port spu_caps[6] driven by constant 0
WARNING: [Synth 8-3917] design SPU_Top has port spu_caps[1] driven by constant 1
WARNING: [Synth 8-3917] design SPU_Top has port spu_caps[0] driven by constant 1
WARNING: [Synth 8-7129] Port aux0[31] in module SPU_Controller is either unconnected or has no load
WARNING: [Synth 8-7129] Port aux0[30] in module SPU_Controller is either unconnected or has no load
WARNING: [Synth 8-7129] Port aux0[29] in module SPU_Controller is either unconnected or has no load
WARNING: [Synth 8-7129] Port aux0[28] in module SPU_Controller is either unconnected or has no load
WARNING: [Synth 8-7129] Port aux0[27] in module SPU_Controller is either unconnected or has no load
WARNING: [Synth 8-7129] Port aux0[26] in module SPU_Controller is either unconnected or has no load
WARNING: [Synth 8-7129] Port aux0[25] in module SPU_Controller is either unconnected or has no load
WARNING: [Synth 8-7129] Port aux0[24] in module SPU_Controller is either unconnected or has no load
WARNING: [Synth 8-7129] Port aux0[23] in module SPU_Controller is either unconnected or has no load
WARNING: [Synth 8-7129] Port aux0[22] in module SPU_Controller is either unconnected or has no load
WARNING: [Synth 8-7129] Port aux0[21] in module SPU_Controller is either unconnected or has no load
WARNING: [Synth 8-7129] Port aux0[20] in module SPU_Controller is either unconnected or has no load
WARNING: [Synth 8-7129] Port aux0[19] in module SPU_Controller is either unconnected or has no load
WARNING: [Synth 8-7129] Port aux0[18] in module SPU_Controller is either unconnected or has no load
WARNING: [Synth 8-7129] Port aux0[17] in module SPU_Controller is either unconnected or has no load
WARNING: [Synth 8-7129] Port aux0[16] in module SPU_Controller is either unconnected or has no load
WARNING: [Synth 8-7129] Port aux0[15] in module SPU_Controller is either unconnected or has no load
WARNING: [Synth 8-7129] Port aux0[14] in module SPU_Controller is either unconnected or has no load
WARNING: [Synth 8-7129] Port aux0[13] in module SPU_Controller is either unconnected or has no load
WARNING: [Synth 8-7129] Port aux0[12] in module SPU_Controller is either unconnected or has no load
WARNING: [Synth 8-7129] Port aux0[11] in module SPU_Controller is either unconnected or has no load
WARNING: [Synth 8-7129] Port aux0[10] in module SPU_Controller is either unconnected or has no load
WARNING: [Synth 8-7129] Port aux0[9] in module SPU_Controller is either unconnected or has no load
WARNING: [Synth 8-7129] Port aux0[8] in module SPU_Controller is either unconnected or has no load
WARNING: [Synth 8-7129] Port aux0[7] in module SPU_Controller is either unconnected or has no load
WARNING: [Synth 8-7129] Port aux0[6] in module SPU_Controller is either unconnected or has no load
WARNING: [Synth 8-7129] Port aux0[5] in module SPU_Controller is either unconnected or has no load
WARNING: [Synth 8-7129] Port aux0[4] in module SPU_Controller is either unconnected or has no load
WARNING: [Synth 8-7129] Port aux0[3] in module SPU_Controller is either unconnected or has no load
WARNING: [Synth 8-7129] Port aux0[2] in module SPU_Controller is either unconnected or has no load
WARNING: [Synth 8-7129] Port aux0[1] in module SPU_Controller is either unconnected or has no load
WARNING: [Synth 8-7129] Port aux0[0] in module SPU_Controller is either unconnected or has no load
WARNING: [Synth 8-7129] Port aux1[31] in module SPU_Controller is either unconnected or has no load
WARNING: [Synth 8-7129] Port aux1[30] in module SPU_Controller is either unconnected or has no load
WARNING: [Synth 8-7129] Port aux1[29] in module SPU_Controller is either unconnected or has no load
WARNING: [Synth 8-7129] Port aux1[28] in module SPU_Controller is either unconnected or has no load
WARNING: [Synth 8-7129] Port aux1[27] in module SPU_Controller is either unconnected or has no load
WARNING: [Synth 8-7129] Port aux1[26] in module SPU_Controller is either unconnected or has no load
WARNING: [Synth 8-7129] Port aux1[25] in module SPU_Controller is either unconnected or has no load
WARNING: [Synth 8-7129] Port aux1[24] in module SPU_Controller is either unconnected or has no load
WARNING: [Synth 8-7129] Port aux1[23] in module SPU_Controller is either unconnected or has no load
WARNING: [Synth 8-7129] Port aux1[22] in module SPU_Controller is either unconnected or has no load
WARNING: [Synth 8-7129] Port aux1[21] in module SPU_Controller is either unconnected or has no load
WARNING: [Synth 8-7129] Port aux1[20] in module SPU_Controller is either unconnected or has no load
WARNING: [Synth 8-7129] Port aux1[19] in module SPU_Controller is either unconnected or has no load
WARNING: [Synth 8-7129] Port aux1[18] in module SPU_Controller is either unconnected or has no load
WARNING: [Synth 8-7129] Port aux1[17] in module SPU_Controller is either unconnected or has no load
WARNING: [Synth 8-7129] Port aux1[16] in module SPU_Controller is either unconnected or has no load
WARNING: [Synth 8-7129] Port aux1[15] in module SPU_Controller is either unconnected or has no load
WARNING: [Synth 8-7129] Port aux1[14] in module SPU_Controller is either unconnected or has no load
WARNING: [Synth 8-7129] Port aux1[13] in module SPU_Controller is either unconnected or has no load
WARNING: [Synth 8-7129] Port aux1[12] in module SPU_Controller is either unconnected or has no load
WARNING: [Synth 8-7129] Port aux1[11] in module SPU_Controller is either unconnected or has no load
WARNING: [Synth 8-7129] Port aux1[10] in module SPU_Controller is either unconnected or has no load
WARNING: [Synth 8-7129] Port aux1[9] in module SPU_Controller is either unconnected or has no load
WARNING: [Synth 8-7129] Port aux1[8] in module SPU_Controller is either unconnected or has no load
WARNING: [Synth 8-7129] Port aux1[7] in module SPU_Controller is either unconnected or has no load
WARNING: [Synth 8-7129] Port aux1[6] in module SPU_Controller is either unconnected or has no load
WARNING: [Synth 8-7129] Port aux1[5] in module SPU_Controller is either unconnected or has no load
WARNING: [Synth 8-7129] Port aux1[4] in module SPU_Controller is either unconnected or has no load
WARNING: [Synth 8-7129] Port aux1[3] in module SPU_Controller is either unconnected or has no load
WARNING: [Synth 8-7129] Port aux1[2] in module SPU_Controller is either unconnected or has no load
WARNING: [Synth 8-7129] Port aux1[1] in module SPU_Controller is either unconnected or has no load
WARNING: [Synth 8-7129] Port aux1[0] in module SPU_Controller is either unconnected or has no load
---------------------------------------------------------------------------------
Finished RTL Elaboration : Time (s): cpu = 00:00:06 ; elapsed = 00:00:09 . Memory (MB): peak = 2623.379 ; gain = 452.992
---------------------------------------------------------------------------------
---------------------------------------------------------------------------------
Start Handling Custom Attributes
---------------------------------------------------------------------------------
---------------------------------------------------------------------------------
Finished Handling Custom Attributes : Time (s): cpu = 00:00:06 ; elapsed = 00:00:09 . Memory (MB): peak = 2636.828 ; gain = 466.441
---------------------------------------------------------------------------------
---------------------------------------------------------------------------------
Finished RTL Optimization Phase 1 : Time (s): cpu = 00:00:06 ; elapsed = 00:00:09 . Memory (MB): peak = 2636.828 ; gain = 466.441
---------------------------------------------------------------------------------
Netlist sorting complete. Time (s): cpu = 00:00:01 ; elapsed = 00:00:00.116 . Memory (MB): peak = 2636.828 ; gain = 0.000
INFO: [Project 1-570] Preparing netlist for logic optimization

Processing XDC Constraints
Initializing timing engine
Completed Processing XDC Constraints

Netlist sorting complete. Time (s): cpu = 00:00:00 ; elapsed = 00:00:00.001 . Memory (MB): peak = 2743.379 ; gain = 0.000
INFO: [Project 1-111] Unisim Transformation Summary:
No Unisim elements were transformed.

Constraint Validation Runtime : Time (s): cpu = 00:00:00 ; elapsed = 00:00:00.201 . Memory (MB): peak = 2743.379 ; gain = 0.000
INFO: [Synth 8-11241] undeclared symbol 'REGCCE', assumed default net type 'wire' [D:/Xlinx/Vivado/2022.2/data/verilog/src/unimacro/BRAM_SINGLE_MACRO.v:2170]
---------------------------------------------------------------------------------
Finished Constraint Validation : Time (s): cpu = 00:00:13 ; elapsed = 00:00:19 . Memory (MB): peak = 2743.379 ; gain = 572.992
---------------------------------------------------------------------------------
---------------------------------------------------------------------------------
Start Loading Part and Timing Information
---------------------------------------------------------------------------------
Loading part: xczu7ev-ffvc1156-2-e
INFO: [Synth 8-6742] Reading net delay rules and data
---------------------------------------------------------------------------------
Finished Loading Part and Timing Information : Time (s): cpu = 00:00:13 ; elapsed = 00:00:20 . Memory (MB): peak = 2743.379 ; gain = 572.992
---------------------------------------------------------------------------------
---------------------------------------------------------------------------------
Start Applying 'set_property' XDC Constraints
---------------------------------------------------------------------------------
---------------------------------------------------------------------------------
Finished applying 'set_property' XDC Constraints : Time (s): cpu = 00:00:13 ; elapsed = 00:00:20 . Memory (MB): peak = 2743.379 ; gain = 572.992
---------------------------------------------------------------------------------
INFO: [Synth 8-802] inferred FSM for state register 'state_r_reg' in module 'SPU_Quantize_Q8_0'
INFO: [Synth 8-3971] The signal "Dual_Port_BRAM:/GEN_BLOCK_RAM.mem_reg" was recognized as a true dual port RAM template.
---------------------------------------------------------------------------------
Finished RTL Optimization Phase 2 : Time (s): cpu = 00:00:14 ; elapsed = 00:00:21 . Memory (MB): peak = 2743.379 ; gain = 572.992
---------------------------------------------------------------------------------
---------------------------------------------------------------------------------
Start RTL Component Statistics 
---------------------------------------------------------------------------------
Detailed RTL Component Info : 
+---Adders : 
	   2 Input   32 Bit       Adders := 11    
	   4 Input   23 Bit       Adders := 1     
	   3 Input   17 Bit       Adders := 1     
	   2 Input   16 Bit       Adders := 1     
	   2 Input    8 Bit       Adders := 1     
	   2 Input    5 Bit       Adders := 2     
	   2 Input    2 Bit       Adders := 1     
+---Registers : 
	              512 Bit    Registers := 2     
	              256 Bit    Registers := 1     
	              128 Bit    Registers := 9     
	               32 Bit    Registers := 4     
	               23 Bit    Registers := 2     
	               17 Bit    Registers := 1     
	               16 Bit    Registers := 3     
	                5 Bit    Registers := 3     
	                4 Bit    Registers := 1     
	                2 Bit    Registers := 4     
	                1 Bit    Registers := 18    
+---RAMs : 
	             512K Bit	(4096 X 128 bit)          RAMs := 4     
+---Muxes : 
	   2 Input  512 Bit        Muxes := 1     
	  16 Input  512 Bit        Muxes := 1     
	   2 Input  256 Bit        Muxes := 2     
	   4 Input  256 Bit        Muxes := 2     
	  16 Input  128 Bit        Muxes := 1     
	   2 Input  128 Bit        Muxes := 240   
	   5 Input  128 Bit        Muxes := 2     
	  16 Input   32 Bit        Muxes := 3     
	   5 Input   32 Bit        Muxes := 1     
	   4 Input   23 Bit        Muxes := 1     
	   2 Input   17 Bit        Muxes := 1     
	   4 Input   17 Bit        Muxes := 1     
	   2 Input   16 Bit        Muxes := 19    
	   4 Input   16 Bit        Muxes := 1     
	  16 Input   16 Bit        Muxes := 1     
	   2 Input   12 Bit        Muxes := 4     
	   2 Input    8 Bit        Muxes := 11    
	   2 Input    5 Bit        Muxes := 1     
	   4 Input    5 Bit        Muxes := 2     
	   2 Input    4 Bit        Muxes := 10    
	   3 Input    4 Bit        Muxes := 1     
	  16 Input    3 Bit        Muxes := 1     
	   2 Input    2 Bit        Muxes := 11    
	   4 Input    2 Bit        Muxes := 2     
	   3 Input    2 Bit        Muxes := 1     
	  16 Input    2 Bit        Muxes := 8     
	   2 Input    1 Bit        Muxes := 28    
	   4 Input    1 Bit        Muxes := 13    
	  16 Input    1 Bit        Muxes := 9     
	   3 Input    1 Bit        Muxes := 2     
---------------------------------------------------------------------------------
Finished RTL Component Statistics 
---------------------------------------------------------------------------------
---------------------------------------------------------------------------------
Start Part Resource Summary
---------------------------------------------------------------------------------
Part Resources:
DSPs: 1728 (col length:144)
BRAMs: 624 (col length: RAMB18 144 RAMB36 72)
---------------------------------------------------------------------------------
Finished Part Resource Summary
---------------------------------------------------------------------------------
---------------------------------------------------------------------------------
Start Cross Boundary and Area Optimization
---------------------------------------------------------------------------------
WARNING: [Synth 8-7080] Parallel synthesis criteria is not met
WARNING: [Synth 8-3917] design SPU_Top has port spu_caps[31] driven by constant 0
WARNING: [Synth 8-3917] design SPU_Top has port spu_caps[30] driven by constant 0
WARNING: [Synth 8-3917] design SPU_Top has port spu_caps[29] driven by constant 0
WARNING: [Synth 8-3917] design SPU_Top has port spu_caps[28] driven by constant 1
WARNING: [Synth 8-3917] design SPU_Top has port spu_caps[27] driven by constant 0
WARNING: [Synth 8-3917] design SPU_Top has port spu_caps[26] driven by constant 0
WARNING: [Synth 8-3917] design SPU_Top has port spu_caps[25] driven by constant 0
WARNING: [Synth 8-3917] design SPU_Top has port spu_caps[24] driven by constant 0
WARNING: [Synth 8-3917] design SPU_Top has port spu_caps[23] driven by constant 0
WARNING: [Synth 8-3917] design SPU_Top has port spu_caps[22] driven by constant 0
WARNING: [Synth 8-3917] design SPU_Top has port spu_caps[21] driven by constant 0
WARNING: [Synth 8-3917] design SPU_Top has port spu_caps[20] driven by constant 0
WARNING: [Synth 8-3917] design SPU_Top has port spu_caps[19] driven by constant 0
WARNING: [Synth 8-3917] design SPU_Top has port spu_caps[18] driven by constant 0
WARNING: [Synth 8-3917] design SPU_Top has port spu_caps[17] driven by constant 0
WARNING: [Synth 8-3917] design SPU_Top has port spu_caps[16] driven by constant 0
WARNING: [Synth 8-3917] design SPU_Top has port spu_caps[15] driven by constant 0
WARNING: [Synth 8-3917] design SPU_Top has port spu_caps[14] driven by constant 0
WARNING: [Synth 8-3917] design SPU_Top has port spu_caps[13] driven by constant 0
WARNING: [Synth 8-3917] design SPU_Top has port spu_caps[12] driven by constant 0
WARNING: [Synth 8-3917] design SPU_Top has port spu_caps[11] driven by constant 0
WARNING: [Synth 8-3917] design SPU_Top has port spu_caps[10] driven by constant 0
WARNING: [Synth 8-3917] design SPU_Top has port spu_caps[9] driven by constant 0
WARNING: [Synth 8-3917] design SPU_Top has port spu_caps[8] driven by constant 0
WARNING: [Synth 8-3917] design SPU_Top has port spu_caps[7] driven by constant 1
WARNING: [Synth 8-3917] design SPU_Top has port spu_caps[6] driven by constant 0
WARNING: [Synth 8-3917] design SPU_Top has port spu_caps[1] driven by constant 1
WARNING: [Synth 8-3917] design SPU_Top has port spu_caps[0] driven by constant 1
INFO: [Synth 8-3971] The signal "i_1/\u_spu_local_memory/u_spu_in_ram /GEN_BLOCK_RAM.mem_reg" was recognized as a true dual port RAM template.
INFO: [Synth 8-3971] The signal "i_1/\u_spu_local_memory/u_spu_out_ram /GEN_BLOCK_RAM.mem_reg" was recognized as a true dual port RAM template.
INFO: [Synth 8-3971] The signal "i_1/\u_spu_local_memory/u_spu_param_ram /GEN_BLOCK_RAM.mem_reg" was recognized as a true dual port RAM template.
INFO: [Synth 8-3971] The signal "i_1/\u_spu_local_memory/u_spu_scratch_ram /GEN_BLOCK_RAM.mem_reg" was recognized as a true dual port RAM template.
---------------------------------------------------------------------------------
Finished Cross Boundary and Area Optimization : Time (s): cpu = 00:00:27 ; elapsed = 00:00:34 . Memory (MB): peak = 2743.379 ; gain = 572.992
---------------------------------------------------------------------------------
---------------------------------------------------------------------------------
Start ROM, RAM, DSP, Shift Register and Retiming Reporting
---------------------------------------------------------------------------------

Block RAM: Preliminary Mapping Report (see note below)
+-------------------------------------------+-----------------------+------------------------+---+---+------------------------+---+---+------------------+--------+--------+-----------------+
|Module Name                                | RTL Object            | PORT A (Depth x Width) | W | R | PORT B (Depth x Width) | W | R | Ports driving FF | RAMB18 | RAMB36 | Cascade Heights | 
+-------------------------------------------+-----------------------+------------------------+---+---+------------------------+---+---+------------------+--------+--------+-----------------+
|i_1/\u_spu_local_memory/u_spu_in_ram       | GEN_BLOCK_RAM.mem_reg | 4 K x 128(READ_FIRST)  | W | R | 4 K x 128(READ_FIRST)  | W | R | Port A and B     | 0      | 16     |                 | 
|i_1/\u_spu_local_memory/u_spu_out_ram      | GEN_BLOCK_RAM.mem_reg | 4 K x 128(READ_FIRST)  | W | R | 4 K x 128(READ_FIRST)  | W | R | Port A and B     | 0      | 16     |                 | 
|i_1/\u_spu_local_memory/u_spu_param_ram    | GEN_BLOCK_RAM.mem_reg | 4 K x 128(READ_FIRST)  | W | R | 4 K x 128(READ_FIRST)  | W | R | Port A and B     | 0      | 16     |                 | 
|i_1/\u_spu_local_memory/u_spu_scratch_ram  | GEN_BLOCK_RAM.mem_reg | 4 K x 128(READ_FIRST)  | W | R | 4 K x 128(READ_FIRST)  | W | R | Port A and B     | 0      | 16     |                 | 
+-------------------------------------------+-----------------------+------------------------+---+---+------------------------+---+---+------------------+--------+--------+-----------------+

Note: The table above is a preliminary report that shows the Block RAMs at the current stage of the synthesis flow. Some Block RAMs may be reimplemented as non Block RAM primitives later in the synthesis flow. Multiple instantiated Block RAMs are reported only once. 
---------------------------------------------------------------------------------
Finished ROM, RAM, DSP, Shift Register and Retiming Reporting
---------------------------------------------------------------------------------
---------------------------------------------------------------------------------
Start Applying XDC Timing Constraints
---------------------------------------------------------------------------------
---------------------------------------------------------------------------------
Finished Applying XDC Timing Constraints : Time (s): cpu = 00:00:38 ; elapsed = 00:00:51 . Memory (MB): peak = 3207.305 ; gain = 1036.918
---------------------------------------------------------------------------------
---------------------------------------------------------------------------------
Start Timing Optimization
---------------------------------------------------------------------------------
---------------------------------------------------------------------------------
Finished Timing Optimization : Time (s): cpu = 00:00:39 ; elapsed = 00:00:51 . Memory (MB): peak = 3209.930 ; gain = 1039.543
---------------------------------------------------------------------------------
---------------------------------------------------------------------------------
Start ROM, RAM, DSP, Shift Register and Retiming Reporting
---------------------------------------------------------------------------------

Block RAM: Final Mapping Report
+-------------------------------------------+-----------------------+------------------------+---+---+------------------------+---+---+------------------+--------+--------+-----------------+
|Module Name                                | RTL Object            | PORT A (Depth x Width) | W | R | PORT B (Depth x Width) | W | R | Ports driving FF | RAMB18 | RAMB36 | Cascade Heights | 
+-------------------------------------------+-----------------------+------------------------+---+---+------------------------+---+---+------------------+--------+--------+-----------------+
|i_1/\u_spu_local_memory/u_spu_in_ram       | GEN_BLOCK_RAM.mem_reg | 4 K x 128(READ_FIRST)  | W | R | 4 K x 128(READ_FIRST)  | W | R | Port A and B     | 0      | 16     |                 | 
|i_1/\u_spu_local_memory/u_spu_out_ram      | GEN_BLOCK_RAM.mem_reg | 4 K x 128(READ_FIRST)  | W | R | 4 K x 128(READ_FIRST)  | W | R | Port A and B     | 0      | 16     |                 | 
|i_1/\u_spu_local_memory/u_spu_param_ram    | GEN_BLOCK_RAM.mem_reg | 4 K x 128(READ_FIRST)  | W | R | 4 K x 128(READ_FIRST)  | W | R | Port A and B     | 0      | 16     |                 | 
|i_1/\u_spu_local_memory/u_spu_scratch_ram  | GEN_BLOCK_RAM.mem_reg | 4 K x 128(READ_FIRST)  | W | R | 4 K x 128(READ_FIRST)  | W | R | Port A and B     | 0      | 16     |                 | 
+-------------------------------------------+-----------------------+------------------------+---+---+------------------------+---+---+------------------+--------+--------+-----------------+

---------------------------------------------------------------------------------
Finished ROM, RAM, DSP, Shift Register and Retiming Reporting
---------------------------------------------------------------------------------
---------------------------------------------------------------------------------
Start Technology Mapping
---------------------------------------------------------------------------------
INFO: [Synth 8-7052] The timing for the instance u_spu_local_memory/u_spu_in_ram/GEN_BLOCK_RAM.mem_reg_0 (implemented as a Block RAM) might be sub-optimal as no optional output register could be merged into the ram block. Providing additional output register may help in improving timing.
INFO: [Synth 8-7052] The timing for the instance u_spu_local_memory/u_spu_in_ram/GEN_BLOCK_RAM.mem_reg_0 (implemented as a Block RAM) might be sub-optimal as no optional output register could be merged into the ram block. Providing additional output register may help in improving timing.
INFO: [Synth 8-7052] The timing for the instance u_spu_local_memory/u_spu_in_ram/GEN_BLOCK_RAM.mem_reg_1 (implemented as a Block RAM) might be sub-optimal as no optional output register could be merged into the ram block. Providing additional output register may help in improving timing.
INFO: [Synth 8-7052] The timing for the instance u_spu_local_memory/u_spu_in_ram/GEN_BLOCK_RAM.mem_reg_1 (implemented as a Block RAM) might be sub-optimal as no optional output register could be merged into the ram block. Providing additional output register may help in improving timing.
INFO: [Synth 8-7052] The timing for the instance u_spu_local_memory/u_spu_in_ram/GEN_BLOCK_RAM.mem_reg_2 (implemented as a Block RAM) might be sub-optimal as no optional output register could be merged into the ram block. Providing additional output register may help in improving timing.
INFO: [Synth 8-7052] The timing for the instance u_spu_local_memory/u_spu_in_ram/GEN_BLOCK_RAM.mem_reg_2 (implemented as a Block RAM) might be sub-optimal as no optional output register could be merged into the ram block. Providing additional output register may help in improving timing.
INFO: [Synth 8-7052] The timing for the instance u_spu_local_memory/u_spu_in_ram/GEN_BLOCK_RAM.mem_reg_3 (implemented as a Block RAM) might be sub-optimal as no optional output register could be merged into the ram block. Providing additional output register may help in improving timing.
INFO: [Synth 8-7052] The timing for the instance u_spu_local_memory/u_spu_in_ram/GEN_BLOCK_RAM.mem_reg_3 (implemented as a Block RAM) might be sub-optimal as no optional output register could be merged into the ram block. Providing additional output register may help in improving timing.
INFO: [Synth 8-7052] The timing for the instance u_spu_local_memory/u_spu_in_ram/GEN_BLOCK_RAM.mem_reg_4 (implemented as a Block RAM) might be sub-optimal as no optional output register could be merged into the ram block. Providing additional output register may help in improving timing.
INFO: [Synth 8-7052] The timing for the instance u_spu_local_memory/u_spu_in_ram/GEN_BLOCK_RAM.mem_reg_4 (implemented as a Block RAM) might be sub-optimal as no optional output register could be merged into the ram block. Providing additional output register may help in improving timing.
INFO: [Synth 8-7052] The timing for the instance u_spu_local_memory/u_spu_in_ram/GEN_BLOCK_RAM.mem_reg_5 (implemented as a Block RAM) might be sub-optimal as no optional output register could be merged into the ram block. Providing additional output register may help in improving timing.
INFO: [Synth 8-7052] The timing for the instance u_spu_local_memory/u_spu_in_ram/GEN_BLOCK_RAM.mem_reg_5 (implemented as a Block RAM) might be sub-optimal as no optional output register could be merged into the ram block. Providing additional output register may help in improving timing.
INFO: [Synth 8-7052] The timing for the instance u_spu_local_memory/u_spu_in_ram/GEN_BLOCK_RAM.mem_reg_6 (implemented as a Block RAM) might be sub-optimal as no optional output register could be merged into the ram block. Providing additional output register may help in improving timing.
INFO: [Synth 8-7052] The timing for the instance u_spu_local_memory/u_spu_in_ram/GEN_BLOCK_RAM.mem_reg_6 (implemented as a Block RAM) might be sub-optimal as no optional output register could be merged into the ram block. Providing additional output register may help in improving timing.
INFO: [Synth 8-7052] The timing for the instance u_spu_local_memory/u_spu_in_ram/GEN_BLOCK_RAM.mem_reg_7 (implemented as a Block RAM) might be sub-optimal as no optional output register could be merged into the ram block. Providing additional output register may help in improving timing.
INFO: [Synth 8-7052] The timing for the instance u_spu_local_memory/u_spu_in_ram/GEN_BLOCK_RAM.mem_reg_7 (implemented as a Block RAM) might be sub-optimal as no optional output register could be merged into the ram block. Providing additional output register may help in improving timing.
INFO: [Synth 8-7052] The timing for the instance u_spu_local_memory/u_spu_in_ram/GEN_BLOCK_RAM.mem_reg_8 (implemented as a Block RAM) might be sub-optimal as no optional output register could be merged into the ram block. Providing additional output register may help in improving timing.
INFO: [Synth 8-7052] The timing for the instance u_spu_local_memory/u_spu_in_ram/GEN_BLOCK_RAM.mem_reg_8 (implemented as a Block RAM) might be sub-optimal as no optional output register could be merged into the ram block. Providing additional output register may help in improving timing.
INFO: [Synth 8-7052] The timing for the instance u_spu_local_memory/u_spu_in_ram/GEN_BLOCK_RAM.mem_reg_9 (implemented as a Block RAM) might be sub-optimal as no optional output register could be merged into the ram block. Providing additional output register may help in improving timing.
INFO: [Synth 8-7052] The timing for the instance u_spu_local_memory/u_spu_in_ram/GEN_BLOCK_RAM.mem_reg_9 (implemented as a Block RAM) might be sub-optimal as no optional output register could be merged into the ram block. Providing additional output register may help in improving timing.
INFO: [Synth 8-7052] The timing for the instance u_spu_local_memory/u_spu_in_ram/GEN_BLOCK_RAM.mem_reg_10 (implemented as a Block RAM) might be sub-optimal as no optional output register could be merged into the ram block. Providing additional output register may help in improving timing.
INFO: [Synth 8-7052] The timing for the instance u_spu_local_memory/u_spu_in_ram/GEN_BLOCK_RAM.mem_reg_10 (implemented as a Block RAM) might be sub-optimal as no optional output register could be merged into the ram block. Providing additional output register may help in improving timing.
INFO: [Synth 8-7052] The timing for the instance u_spu_local_memory/u_spu_in_ram/GEN_BLOCK_RAM.mem_reg_11 (implemented as a Block RAM) might be sub-optimal as no optional output register could be merged into the ram block. Providing additional output register may help in improving timing.
INFO: [Synth 8-7052] The timing for the instance u_spu_local_memory/u_spu_in_ram/GEN_BLOCK_RAM.mem_reg_11 (implemented as a Block RAM) might be sub-optimal as no optional output register could be merged into the ram block. Providing additional output register may help in improving timing.
INFO: [Synth 8-7052] The timing for the instance u_spu_local_memory/u_spu_in_ram/GEN_BLOCK_RAM.mem_reg_12 (implemented as a Block RAM) might be sub-optimal as no optional output register could be merged into the ram block. Providing additional output register may help in improving timing.
INFO: [Synth 8-7052] The timing for the instance u_spu_local_memory/u_spu_in_ram/GEN_BLOCK_RAM.mem_reg_12 (implemented as a Block RAM) might be sub-optimal as no optional output register could be merged into the ram block. Providing additional output register may help in improving timing.
INFO: [Synth 8-7052] The timing for the instance u_spu_local_memory/u_spu_in_ram/GEN_BLOCK_RAM.mem_reg_13 (implemented as a Block RAM) might be sub-optimal as no optional output register could be merged into the ram block. Providing additional output register may help in improving timing.
INFO: [Synth 8-7052] The timing for the instance u_spu_local_memory/u_spu_in_ram/GEN_BLOCK_RAM.mem_reg_13 (implemented as a Block RAM) might be sub-optimal as no optional output register could be merged into the ram block. Providing additional output register may help in improving timing.
INFO: [Synth 8-7052] The timing for the instance u_spu_local_memory/u_spu_in_ram/GEN_BLOCK_RAM.mem_reg_14 (implemented as a Block RAM) might be sub-optimal as no optional output register could be merged into the ram block. Providing additional output register may help in improving timing.
INFO: [Synth 8-7052] The timing for the instance u_spu_local_memory/u_spu_in_ram/GEN_BLOCK_RAM.mem_reg_14 (implemented as a Block RAM) might be sub-optimal as no optional output register could be merged into the ram block. Providing additional output register may help in improving timing.
INFO: [Synth 8-7052] The timing for the instance u_spu_local_memory/u_spu_in_ram/GEN_BLOCK_RAM.mem_reg_15 (implemented as a Block RAM) might be sub-optimal as no optional output register could be merged into the ram block. Providing additional output register may help in improving timing.
INFO: [Synth 8-7052] The timing for the instance u_spu_local_memory/u_spu_in_ram/GEN_BLOCK_RAM.mem_reg_15 (implemented as a Block RAM) might be sub-optimal as no optional output register could be merged into the ram block. Providing additional output register may help in improving timing.
INFO: [Synth 8-7052] The timing for the instance u_spu_local_memory/u_spu_out_ram/GEN_BLOCK_RAM.mem_reg_0 (implemented as a Block RAM) might be sub-optimal as no optional output register could be merged into the ram block. Providing additional output register may help in improving timing.
INFO: [Synth 8-7052] The timing for the instance u_spu_local_memory/u_spu_out_ram/GEN_BLOCK_RAM.mem_reg_0 (implemented as a Block RAM) might be sub-optimal as no optional output register could be merged into the ram block. Providing additional output register may help in improving timing.
INFO: [Synth 8-7052] The timing for the instance u_spu_local_memory/u_spu_out_ram/GEN_BLOCK_RAM.mem_reg_1 (implemented as a Block RAM) might be sub-optimal as no optional output register could be merged into the ram block. Providing additional output register may help in improving timing.
INFO: [Synth 8-7052] The timing for the instance u_spu_local_memory/u_spu_out_ram/GEN_BLOCK_RAM.mem_reg_1 (implemented as a Block RAM) might be sub-optimal as no optional output register could be merged into the ram block. Providing additional output register may help in improving timing.
INFO: [Synth 8-7052] The timing for the instance u_spu_local_memory/u_spu_out_ram/GEN_BLOCK_RAM.mem_reg_2 (implemented as a Block RAM) might be sub-optimal as no optional output register could be merged into the ram block. Providing additional output register may help in improving timing.
INFO: [Synth 8-7052] The timing for the instance u_spu_local_memory/u_spu_out_ram/GEN_BLOCK_RAM.mem_reg_2 (implemented as a Block RAM) might be sub-optimal as no optional output register could be merged into the ram block. Providing additional output register may help in improving timing.
INFO: [Synth 8-7052] The timing for the instance u_spu_local_memory/u_spu_out_ram/GEN_BLOCK_RAM.mem_reg_3 (implemented as a Block RAM) might be sub-optimal as no optional output register could be merged into the ram block. Providing additional output register may help in improving timing.
INFO: [Synth 8-7052] The timing for the instance u_spu_local_memory/u_spu_out_ram/GEN_BLOCK_RAM.mem_reg_3 (implemented as a Block RAM) might be sub-optimal as no optional output register could be merged into the ram block. Providing additional output register may help in improving timing.
INFO: [Synth 8-7052] The timing for the instance u_spu_local_memory/u_spu_out_ram/GEN_BLOCK_RAM.mem_reg_4 (implemented as a Block RAM) might be sub-optimal as no optional output register could be merged into the ram block. Providing additional output register may help in improving timing.
INFO: [Synth 8-7052] The timing for the instance u_spu_local_memory/u_spu_out_ram/GEN_BLOCK_RAM.mem_reg_4 (implemented as a Block RAM) might be sub-optimal as no optional output register could be merged into the ram block. Providing additional output register may help in improving timing.
INFO: [Synth 8-7052] The timing for the instance u_spu_local_memory/u_spu_out_ram/GEN_BLOCK_RAM.mem_reg_5 (implemented as a Block RAM) might be sub-optimal as no optional output register could be merged into the ram block. Providing additional output register may help in improving timing.
INFO: [Synth 8-7052] The timing for the instance u_spu_local_memory/u_spu_out_ram/GEN_BLOCK_RAM.mem_reg_5 (implemented as a Block RAM) might be sub-optimal as no optional output register could be merged into the ram block. Providing additional output register may help in improving timing.
INFO: [Synth 8-7052] The timing for the instance u_spu_local_memory/u_spu_out_ram/GEN_BLOCK_RAM.mem_reg_6 (implemented as a Block RAM) might be sub-optimal as no optional output register could be merged into the ram block. Providing additional output register may help in improving timing.
INFO: [Synth 8-7052] The timing for the instance u_spu_local_memory/u_spu_out_ram/GEN_BLOCK_RAM.mem_reg_6 (implemented as a Block RAM) might be sub-optimal as no optional output register could be merged into the ram block. Providing additional output register may help in improving timing.
INFO: [Synth 8-7052] The timing for the instance u_spu_local_memory/u_spu_out_ram/GEN_BLOCK_RAM.mem_reg_7 (implemented as a Block RAM) might be sub-optimal as no optional output register could be merged into the ram block. Providing additional output register may help in improving timing.
INFO: [Synth 8-7052] The timing for the instance u_spu_local_memory/u_spu_out_ram/GEN_BLOCK_RAM.mem_reg_7 (implemented as a Block RAM) might be sub-optimal as no optional output register could be merged into the ram block. Providing additional output register may help in improving timing.
INFO: [Synth 8-7052] The timing for the instance u_spu_local_memory/u_spu_out_ram/GEN_BLOCK_RAM.mem_reg_8 (implemented as a Block RAM) might be sub-optimal as no optional output register could be merged into the ram block. Providing additional output register may help in improving timing.
INFO: [Synth 8-7052] The timing for the instance u_spu_local_memory/u_spu_out_ram/GEN_BLOCK_RAM.mem_reg_8 (implemented as a Block RAM) might be sub-optimal as no optional output register could be merged into the ram block. Providing additional output register may help in improving timing.
INFO: [Synth 8-7052] The timing for the instance u_spu_local_memory/u_spu_out_ram/GEN_BLOCK_RAM.mem_reg_9 (implemented as a Block RAM) might be sub-optimal as no optional output register could be merged into the ram block. Providing additional output register may help in improving timing.
INFO: [Synth 8-7052] The timing for the instance u_spu_local_memory/u_spu_out_ram/GEN_BLOCK_RAM.mem_reg_9 (implemented as a Block RAM) might be sub-optimal as no optional output register could be merged into the ram block. Providing additional output register may help in improving timing.
INFO: [Synth 8-7052] The timing for the instance u_spu_local_memory/u_spu_out_ram/GEN_BLOCK_RAM.mem_reg_10 (implemented as a Block RAM) might be sub-optimal as no optional output register could be merged into the ram block. Providing additional output register may help in improving timing.
INFO: [Synth 8-7052] The timing for the instance u_spu_local_memory/u_spu_out_ram/GEN_BLOCK_RAM.mem_reg_10 (implemented as a Block RAM) might be sub-optimal as no optional output register could be merged into the ram block. Providing additional output register may help in improving timing.
INFO: [Synth 8-7052] The timing for the instance u_spu_local_memory/u_spu_out_ram/GEN_BLOCK_RAM.mem_reg_11 (implemented as a Block RAM) might be sub-optimal as no optional output register could be merged into the ram block. Providing additional output register may help in improving timing.
INFO: [Synth 8-7052] The timing for the instance u_spu_local_memory/u_spu_out_ram/GEN_BLOCK_RAM.mem_reg_11 (implemented as a Block RAM) might be sub-optimal as no optional output register could be merged into the ram block. Providing additional output register may help in improving timing.
INFO: [Synth 8-7052] The timing for the instance u_spu_local_memory/u_spu_out_ram/GEN_BLOCK_RAM.mem_reg_12 (implemented as a Block RAM) might be sub-optimal as no optional output register could be merged into the ram block. Providing additional output register may help in improving timing.
INFO: [Synth 8-7052] The timing for the instance u_spu_local_memory/u_spu_out_ram/GEN_BLOCK_RAM.mem_reg_12 (implemented as a Block RAM) might be sub-optimal as no optional output register could be merged into the ram block. Providing additional output register may help in improving timing.
INFO: [Synth 8-7052] The timing for the instance u_spu_local_memory/u_spu_out_ram/GEN_BLOCK_RAM.mem_reg_13 (implemented as a Block RAM) might be sub-optimal as no optional output register could be merged into the ram block. Providing additional output register may help in improving timing.
INFO: [Synth 8-7052] The timing for the instance u_spu_local_memory/u_spu_out_ram/GEN_BLOCK_RAM.mem_reg_13 (implemented as a Block RAM) might be sub-optimal as no optional output register could be merged into the ram block. Providing additional output register may help in improving timing.
INFO: [Synth 8-7052] The timing for the instance u_spu_local_memory/u_spu_out_ram/GEN_BLOCK_RAM.mem_reg_14 (implemented as a Block RAM) might be sub-optimal as no optional output register could be merged into the ram block. Providing additional output register may help in improving timing.
INFO: [Synth 8-7052] The timing for the instance u_spu_local_memory/u_spu_out_ram/GEN_BLOCK_RAM.mem_reg_14 (implemented as a Block RAM) might be sub-optimal as no optional output register could be merged into the ram block. Providing additional output register may help in improving timing.
INFO: [Synth 8-7052] The timing for the instance u_spu_local_memory/u_spu_out_ram/GEN_BLOCK_RAM.mem_reg_15 (implemented as a Block RAM) might be sub-optimal as no optional output register could be merged into the ram block. Providing additional output register may help in improving timing.
INFO: [Synth 8-7052] The timing for the instance u_spu_local_memory/u_spu_out_ram/GEN_BLOCK_RAM.mem_reg_15 (implemented as a Block RAM) might be sub-optimal as no optional output register could be merged into the ram block. Providing additional output register may help in improving timing.
INFO: [Synth 8-7052] The timing for the instance u_spu_local_memory/u_spu_param_ram/GEN_BLOCK_RAM.mem_reg_0 (implemented as a Block RAM) might be sub-optimal as no optional output register could be merged into the ram block. Providing additional output register may help in improving timing.
INFO: [Synth 8-7052] The timing for the instance u_spu_local_memory/u_spu_param_ram/GEN_BLOCK_RAM.mem_reg_0 (implemented as a Block RAM) might be sub-optimal as no optional output register could be merged into the ram block. Providing additional output register may help in improving timing.
INFO: [Synth 8-7052] The timing for the instance u_spu_local_memory/u_spu_param_ram/GEN_BLOCK_RAM.mem_reg_1 (implemented as a Block RAM) might be sub-optimal as no optional output register could be merged into the ram block. Providing additional output register may help in improving timing.
INFO: [Synth 8-7052] The timing for the instance u_spu_local_memory/u_spu_param_ram/GEN_BLOCK_RAM.mem_reg_1 (implemented as a Block RAM) might be sub-optimal as no optional output register could be merged into the ram block. Providing additional output register may help in improving timing.
INFO: [Synth 8-7052] The timing for the instance u_spu_local_memory/u_spu_param_ram/GEN_BLOCK_RAM.mem_reg_2 (implemented as a Block RAM) might be sub-optimal as no optional output register could be merged into the ram block. Providing additional output register may help in improving timing.
INFO: [Synth 8-7052] The timing for the instance u_spu_local_memory/u_spu_param_ram/GEN_BLOCK_RAM.mem_reg_2 (implemented as a Block RAM) might be sub-optimal as no optional output register could be merged into the ram block. Providing additional output register may help in improving timing.
INFO: [Synth 8-7052] The timing for the instance u_spu_local_memory/u_spu_param_ram/GEN_BLOCK_RAM.mem_reg_3 (implemented as a Block RAM) might be sub-optimal as no optional output register could be merged into the ram block. Providing additional output register may help in improving timing.
INFO: [Synth 8-7052] The timing for the instance u_spu_local_memory/u_spu_param_ram/GEN_BLOCK_RAM.mem_reg_3 (implemented as a Block RAM) might be sub-optimal as no optional output register could be merged into the ram block. Providing additional output register may help in improving timing.
INFO: [Synth 8-7052] The timing for the instance u_spu_local_memory/u_spu_param_ram/GEN_BLOCK_RAM.mem_reg_4 (implemented as a Block RAM) might be sub-optimal as no optional output register could be merged into the ram block. Providing additional output register may help in improving timing.
INFO: [Synth 8-7052] The timing for the instance u_spu_local_memory/u_spu_param_ram/GEN_BLOCK_RAM.mem_reg_4 (implemented as a Block RAM) might be sub-optimal as no optional output register could be merged into the ram block. Providing additional output register may help in improving timing.
INFO: [Synth 8-7052] The timing for the instance u_spu_local_memory/u_spu_param_ram/GEN_BLOCK_RAM.mem_reg_5 (implemented as a Block RAM) might be sub-optimal as no optional output register could be merged into the ram block. Providing additional output register may help in improving timing.
INFO: [Synth 8-7052] The timing for the instance u_spu_local_memory/u_spu_param_ram/GEN_BLOCK_RAM.mem_reg_5 (implemented as a Block RAM) might be sub-optimal as no optional output register could be merged into the ram block. Providing additional output register may help in improving timing.
INFO: [Synth 8-7052] The timing for the instance u_spu_local_memory/u_spu_param_ram/GEN_BLOCK_RAM.mem_reg_6 (implemented as a Block RAM) might be sub-optimal as no optional output register could be merged into the ram block. Providing additional output register may help in improving timing.
INFO: [Synth 8-7052] The timing for the instance u_spu_local_memory/u_spu_param_ram/GEN_BLOCK_RAM.mem_reg_6 (implemented as a Block RAM) might be sub-optimal as no optional output register could be merged into the ram block. Providing additional output register may help in improving timing.
INFO: [Synth 8-7052] The timing for the instance u_spu_local_memory/u_spu_param_ram/GEN_BLOCK_RAM.mem_reg_7 (implemented as a Block RAM) might be sub-optimal as no optional output register could be merged into the ram block. Providing additional output register may help in improving timing.
INFO: [Synth 8-7052] The timing for the instance u_spu_local_memory/u_spu_param_ram/GEN_BLOCK_RAM.mem_reg_7 (implemented as a Block RAM) might be sub-optimal as no optional output register could be merged into the ram block. Providing additional output register may help in improving timing.
INFO: [Synth 8-7052] The timing for the instance u_spu_local_memory/u_spu_param_ram/GEN_BLOCK_RAM.mem_reg_8 (implemented as a Block RAM) might be sub-optimal as no optional output register could be merged into the ram block. Providing additional output register may help in improving timing.
INFO: [Synth 8-7052] The timing for the instance u_spu_local_memory/u_spu_param_ram/GEN_BLOCK_RAM.mem_reg_8 (implemented as a Block RAM) might be sub-optimal as no optional output register could be merged into the ram block. Providing additional output register may help in improving timing.
INFO: [Synth 8-7052] The timing for the instance u_spu_local_memory/u_spu_param_ram/GEN_BLOCK_RAM.mem_reg_9 (implemented as a Block RAM) might be sub-optimal as no optional output register could be merged into the ram block. Providing additional output register may help in improving timing.
INFO: [Synth 8-7052] The timing for the instance u_spu_local_memory/u_spu_param_ram/GEN_BLOCK_RAM.mem_reg_9 (implemented as a Block RAM) might be sub-optimal as no optional output register could be merged into the ram block. Providing additional output register may help in improving timing.
INFO: [Synth 8-7052] The timing for the instance u_spu_local_memory/u_spu_param_ram/GEN_BLOCK_RAM.mem_reg_10 (implemented as a Block RAM) might be sub-optimal as no optional output register could be merged into the ram block. Providing additional output register may help in improving timing.
INFO: [Synth 8-7052] The timing for the instance u_spu_local_memory/u_spu_param_ram/GEN_BLOCK_RAM.mem_reg_10 (implemented as a Block RAM) might be sub-optimal as no optional output register could be merged into the ram block. Providing additional output register may help in improving timing.
INFO: [Synth 8-7052] The timing for the instance u_spu_local_memory/u_spu_param_ram/GEN_BLOCK_RAM.mem_reg_11 (implemented as a Block RAM) might be sub-optimal as no optional output register could be merged into the ram block. Providing additional output register may help in improving timing.
INFO: [Synth 8-7052] The timing for the instance u_spu_local_memory/u_spu_param_ram/GEN_BLOCK_RAM.mem_reg_11 (implemented as a Block RAM) might be sub-optimal as no optional output register could be merged into the ram block. Providing additional output register may help in improving timing.
INFO: [Synth 8-7052] The timing for the instance u_spu_local_memory/u_spu_param_ram/GEN_BLOCK_RAM.mem_reg_12 (implemented as a Block RAM) might be sub-optimal as no optional output register could be merged into the ram block. Providing additional output register may help in improving timing.
INFO: [Synth 8-7052] The timing for the instance u_spu_local_memory/u_spu_param_ram/GEN_BLOCK_RAM.mem_reg_12 (implemented as a Block RAM) might be sub-optimal as no optional output register could be merged into the ram block. Providing additional output register may help in improving timing.
INFO: [Synth 8-7052] The timing for the instance u_spu_local_memory/u_spu_param_ram/GEN_BLOCK_RAM.mem_reg_13 (implemented as a Block RAM) might be sub-optimal as no optional output register could be merged into the ram block. Providing additional output register may help in improving timing.
INFO: [Synth 8-7052] The timing for the instance u_spu_local_memory/u_spu_param_ram/GEN_BLOCK_RAM.mem_reg_13 (implemented as a Block RAM) might be sub-optimal as no optional output register could be merged into the ram block. Providing additional output register may help in improving timing.
INFO: [Synth 8-7052] The timing for the instance u_spu_local_memory/u_spu_param_ram/GEN_BLOCK_RAM.mem_reg_14 (implemented as a Block RAM) might be sub-optimal as no optional output register could be merged into the ram block. Providing additional output register may help in improving timing.
INFO: [Synth 8-7052] The timing for the instance u_spu_local_memory/u_spu_param_ram/GEN_BLOCK_RAM.mem_reg_14 (implemented as a Block RAM) might be sub-optimal as no optional output register could be merged into the ram block. Providing additional output register may help in improving timing.
INFO: [Synth 8-7052] The timing for the instance u_spu_local_memory/u_spu_param_ram/GEN_BLOCK_RAM.mem_reg_15 (implemented as a Block RAM) might be sub-optimal as no optional output register could be merged into the ram block. Providing additional output register may help in improving timing.
INFO: [Synth 8-7052] The timing for the instance u_spu_local_memory/u_spu_param_ram/GEN_BLOCK_RAM.mem_reg_15 (implemented as a Block RAM) might be sub-optimal as no optional output register could be merged into the ram block. Providing additional output register may help in improving timing.
INFO: [Synth 8-7052] The timing for the instance u_spu_local_memory/u_spu_scratch_ram/GEN_BLOCK_RAM.mem_reg_0 (implemented as a Block RAM) might be sub-optimal as no optional output register could be merged into the ram block. Providing additional output register may help in improving timing.
INFO: [Synth 8-7052] The timing for the instance u_spu_local_memory/u_spu_scratch_ram/GEN_BLOCK_RAM.mem_reg_0 (implemented as a Block RAM) might be sub-optimal as no optional output register could be merged into the ram block. Providing additional output register may help in improving timing.
INFO: [Synth 8-7052] The timing for the instance u_spu_local_memory/u_spu_scratch_ram/GEN_BLOCK_RAM.mem_reg_1 (implemented as a Block RAM) might be sub-optimal as no optional output register could be merged into the ram block. Providing additional output register may help in improving timing.
INFO: [Synth 8-7052] The timing for the instance u_spu_local_memory/u_spu_scratch_ram/GEN_BLOCK_RAM.mem_reg_1 (implemented as a Block RAM) might be sub-optimal as no optional output register could be merged into the ram block. Providing additional output register may help in improving timing.
INFO: [Common 17-14] Message 'Synth 8-7052' appears 100 times and further instances of the messages will be disabled. Use the Tcl command set_msg_config to change the current settings.
---------------------------------------------------------------------------------
Finished Technology Mapping : Time (s): cpu = 00:00:39 ; elapsed = 00:00:52 . Memory (MB): peak = 3254.887 ; gain = 1084.500
---------------------------------------------------------------------------------
---------------------------------------------------------------------------------
Start IO Insertion
---------------------------------------------------------------------------------
---------------------------------------------------------------------------------
Start Flattening Before IO Insertion
---------------------------------------------------------------------------------
---------------------------------------------------------------------------------
Finished Flattening Before IO Insertion
---------------------------------------------------------------------------------
---------------------------------------------------------------------------------
Start Final Netlist Cleanup
---------------------------------------------------------------------------------
---------------------------------------------------------------------------------
Finished Final Netlist Cleanup
---------------------------------------------------------------------------------
---------------------------------------------------------------------------------
Finished IO Insertion : Time (s): cpu = 00:00:43 ; elapsed = 00:00:55 . Memory (MB): peak = 3269.707 ; gain = 1099.320
---------------------------------------------------------------------------------
---------------------------------------------------------------------------------
Start Renaming Generated Instances
---------------------------------------------------------------------------------
---------------------------------------------------------------------------------
Finished Renaming Generated Instances : Time (s): cpu = 00:00:43 ; elapsed = 00:00:56 . Memory (MB): peak = 3269.707 ; gain = 1099.320
---------------------------------------------------------------------------------
---------------------------------------------------------------------------------
Start Rebuilding User Hierarchy
---------------------------------------------------------------------------------
---------------------------------------------------------------------------------
Finished Rebuilding User Hierarchy : Time (s): cpu = 00:00:43 ; elapsed = 00:00:56 . Memory (MB): peak = 3269.707 ; gain = 1099.320
---------------------------------------------------------------------------------
---------------------------------------------------------------------------------
Start Renaming Generated Ports
---------------------------------------------------------------------------------
---------------------------------------------------------------------------------
Finished Renaming Generated Ports : Time (s): cpu = 00:00:43 ; elapsed = 00:00:56 . Memory (MB): peak = 3269.707 ; gain = 1099.320
---------------------------------------------------------------------------------
---------------------------------------------------------------------------------
Start Handling Custom Attributes
---------------------------------------------------------------------------------
---------------------------------------------------------------------------------
Finished Handling Custom Attributes : Time (s): cpu = 00:00:43 ; elapsed = 00:00:56 . Memory (MB): peak = 3269.707 ; gain = 1099.320
---------------------------------------------------------------------------------
---------------------------------------------------------------------------------
Start Renaming Generated Nets
---------------------------------------------------------------------------------
---------------------------------------------------------------------------------
Finished Renaming Generated Nets : Time (s): cpu = 00:00:43 ; elapsed = 00:00:56 . Memory (MB): peak = 3269.707 ; gain = 1099.320
---------------------------------------------------------------------------------
---------------------------------------------------------------------------------
Start Writing Synthesis Report
---------------------------------------------------------------------------------

Report BlackBoxes: 
+-+--------------+----------+
| |BlackBox name |Instances |
+-+--------------+----------+
+-+--------------+----------+

Report Cell Usage: 
+------+---------+------+
|      |Cell     |Count |
+------+---------+------+
|1     |BUFG     |     1|
|2     |CARRY8   |    45|
|3     |LUT1     |    10|
|4     |LUT2     |   156|
|5     |LUT3     |   200|
|6     |LUT4     |   708|
|7     |LUT5     |    86|
|8     |LUT6     |  1180|
|9     |MUXF7    |    67|
|10    |MUXF8    |    12|
|11    |RAMB36E2 |    64|
|12    |FDRE     |  1694|
|13    |FDSE     |     1|
|14    |IBUF     |   259|
|15    |OBUF     |   173|
+------+---------+------+
---------------------------------------------------------------------------------
Finished Writing Synthesis Report : Time (s): cpu = 00:00:43 ; elapsed = 00:00:56 . Memory (MB): peak = 3269.707 ; gain = 1099.320
---------------------------------------------------------------------------------
Synthesis finished with 0 errors, 0 critical warnings and 29 warnings.
Synthesis Optimization Runtime : Time (s): cpu = 00:00:34 ; elapsed = 00:00:51 . Memory (MB): peak = 3269.707 ; gain = 992.770
Synthesis Optimization Complete : Time (s): cpu = 00:00:43 ; elapsed = 00:00:56 . Memory (MB): peak = 3269.707 ; gain = 1099.320
INFO: [Project 1-571] Translating synthesized netlist
Netlist sorting complete. Time (s): cpu = 00:00:00 ; elapsed = 00:00:00.049 . Memory (MB): peak = 3281.738 ; gain = 0.000
INFO: [Netlist 29-17] Analyzing 384 Unisim elements for replacement
INFO: [Netlist 29-28] Unisim Transformation completed in 0 CPU seconds
INFO: [Project 1-570] Preparing netlist for logic optimization
INFO: [Opt 31-138] Pushed 0 inverter(s) to 0 load pin(s).
Netlist sorting complete. Time (s): cpu = 00:00:00 ; elapsed = 00:00:00.001 . Memory (MB): peak = 3297.879 ; gain = 0.000
INFO: [Project 1-111] Unisim Transformation Summary:
  A total of 260 instances were transformed.
  BUFG => BUFGCE: 1 instance 
  IBUF => IBUF (IBUFCTRL, INBUF): 259 instances

Synth Design complete, checksum: fd5b27c2
INFO: [Common 17-83] Releasing license: Synthesis
143 Infos, 121 Warnings, 0 Critical Warnings and 0 Errors encountered.
synth_design completed successfully
synth_design: Time (s): cpu = 00:00:51 ; elapsed = 00:01:19 . Memory (MB): peak = 3297.879 ; gain = 2294.672
# create_clock -name clk_pl_0 -period 5.333 [get_ports clk]
# opt_design
Command: opt_design
Attempting to get a license for feature 'Implementation' and/or device 'xczu7ev'
INFO: [Common 17-349] Got license for feature 'Implementation' and/or device 'xczu7ev'
Running DRC as a precondition to command opt_design

Starting DRC Task
INFO: [DRC 23-27] Running DRC with 2 threads
INFO: [Project 1-461] DRC finished with 0 Errors
INFO: [Project 1-462] Please refer to the DRC report (report_drc) for more information.

Time (s): cpu = 00:00:02 ; elapsed = 00:00:02 . Memory (MB): peak = 3297.879 ; gain = 0.000

Starting Cache Timing Information Task
INFO: [Timing 38-35] Done setting XDC timing constraints.
Ending Cache Timing Information Task | Checksum: 1dcb2e840

Time (s): cpu = 00:00:01 ; elapsed = 00:00:00.806 . Memory (MB): peak = 3383.832 ; gain = 85.953

Starting Logic Optimization Task

Phase 1 Retarget
INFO: [Opt 31-1287] Pulled Inverter u_spu_controller/u_quantize_q8_0/dividend_r[22]_i_3 into driver instance u_spu_controller/u_quantize_q8_0/max_abs_r[10]_i_2, which resulted in an inversion of 8 pins
INFO: [Opt 31-1287] Pulled Inverter u_spu_controller/u_quantize_q8_0/sign_r_i_1 into driver instance u_spu_controller/u_quantize_q8_0/max_abs_r[15]_i_5, which resulted in an inversion of 40 pins
INFO: [Opt 31-138] Pushed 1 inverter(s) to 887 load pin(s).
INFO: [Opt 31-49] Retargeted 0 cell(s).
Phase 1 Retarget | Checksum: becbd089

Time (s): cpu = 00:00:01 ; elapsed = 00:00:00.511 . Memory (MB): peak = 3552.586 ; gain = 0.000
INFO: [Opt 31-389] Phase Retarget created 0 cells and removed 3 cells

Phase 2 Constant propagation
INFO: [Opt 31-138] Pushed 0 inverter(s) to 0 load pin(s).
Phase 2 Constant propagation | Checksum: 73e8f858

Time (s): cpu = 00:00:01 ; elapsed = 00:00:00.543 . Memory (MB): peak = 3552.586 ; gain = 0.000
INFO: [Opt 31-389] Phase Constant propagation created 0 cells and removed 0 cells

Phase 3 Sweep
Phase 3 Sweep | Checksum: aa074027

Time (s): cpu = 00:00:01 ; elapsed = 00:00:00.639 . Memory (MB): peak = 3552.586 ; gain = 0.000
INFO: [Opt 31-389] Phase Sweep created 0 cells and removed 0 cells

Phase 4 BUFG optimization
INFO: [Opt 31-1077] Phase BUFG optimization inserted 0 global clock buffer(s) for CLOCK_LOW_FANOUT.
Phase 4 BUFG optimization | Checksum: aa074027

Time (s): cpu = 00:00:01 ; elapsed = 00:00:00.740 . Memory (MB): peak = 3552.586 ; gain = 0.000
INFO: [Opt 31-662] Phase BUFG optimization created 0 cells of which 0 are BUFGs and removed 0 cells.

Phase 5 Shift Register Optimization
INFO: [Opt 31-1064] SRL Remap converted 0 SRLs to 0 registers and converted 0 registers of register chains to 0 SRLs
Phase 5 Shift Register Optimization | Checksum: aa074027

Time (s): cpu = 00:00:01 ; elapsed = 00:00:00.747 . Memory (MB): peak = 3552.586 ; gain = 0.000
INFO: [Opt 31-389] Phase Shift Register Optimization created 0 cells and removed 0 cells

Phase 6 Post Processing Netlist
Phase 6 Post Processing Netlist | Checksum: aa074027

Time (s): cpu = 00:00:01 ; elapsed = 00:00:00.774 . Memory (MB): peak = 3552.586 ; gain = 0.000
INFO: [Opt 31-389] Phase Post Processing Netlist created 0 cells and removed 0 cells
Opt_design Change Summary
=========================


-------------------------------------------------------------------------------------------------------------------------
|  Phase                        |  #Cells created  |  #Cells Removed  |  #Constrained objects preventing optimizations  |
-------------------------------------------------------------------------------------------------------------------------
|  Retarget                     |               0  |               3  |                                              0  |
|  Constant propagation         |               0  |               0  |                                              0  |
|  Sweep                        |               0  |               0  |                                              0  |
|  BUFG optimization            |               0  |               0  |                                              0  |
|  Shift Register Optimization  |               0  |               0  |                                              0  |
|  Post Processing Netlist      |               0  |               0  |                                              0  |
-------------------------------------------------------------------------------------------------------------------------



Starting Connectivity Check Task

Time (s): cpu = 00:00:00 ; elapsed = 00:00:00.007 . Memory (MB): peak = 3552.586 ; gain = 0.000
Ending Logic Optimization Task | Checksum: 1260d6fe6

Time (s): cpu = 00:00:01 ; elapsed = 00:00:00.825 . Memory (MB): peak = 3552.586 ; gain = 0.000

Starting Power Optimization Task
INFO: [Pwropt 34-132] Skipping clock gating for clocks with a period < 2.00 ns.
INFO: [Timing 38-35] Done setting XDC timing constraints.
INFO: [Pwropt 34-9] Applying IDT optimizations ...
INFO: [Pwropt 34-10] Applying ODC optimizations ...
Running Vector-less Activity Propagation...

Finished Running Vector-less Activity Propagation


Starting PowerOpt Patch Enables Task
INFO: [Pwropt 34-162] WRITE_MODE attribute of 0 BRAM(s) out of a total of 64 has been updated to save power. Run report_power_opt to get a complete listing of the BRAMs updated.
INFO: [Pwropt 34-201] Structural ODC has moved 0 WE to EN ports
Number of BRAM Ports augmented: 0 newly gated: 0 Total Ports: 128
Ending PowerOpt Patch Enables Task | Checksum: 1260d6fe6

Time (s): cpu = 00:00:00 ; elapsed = 00:00:00.300 . Memory (MB): peak = 3609.441 ; gain = 0.000
Ending Power Optimization Task | Checksum: 1260d6fe6

Time (s): cpu = 00:00:07 ; elapsed = 00:00:06 . Memory (MB): peak = 3609.441 ; gain = 56.855

Starting Final Cleanup Task
Ending Final Cleanup Task | Checksum: 1260d6fe6

Time (s): cpu = 00:00:00 ; elapsed = 00:00:00.001 . Memory (MB): peak = 3609.441 ; gain = 0.000

Starting Netlist Obfuscation Task
Netlist sorting complete. Time (s): cpu = 00:00:00 ; elapsed = 00:00:00.002 . Memory (MB): peak = 3609.441 ; gain = 0.000
Ending Netlist Obfuscation Task | Checksum: 1260d6fe6

Time (s): cpu = 00:00:00 ; elapsed = 00:00:00.003 . Memory (MB): peak = 3609.441 ; gain = 0.000
INFO: [Common 17-83] Releasing license: Implementation
25 Infos, 0 Warnings, 0 Critical Warnings and 0 Errors encountered.
opt_design completed successfully
opt_design: Time (s): cpu = 00:00:13 ; elapsed = 00:00:12 . Memory (MB): peak = 3609.441 ; gain = 311.562
# place_design
Command: place_design
Attempting to get a license for feature 'Implementation' and/or device 'xczu7ev'
INFO: [Common 17-349] Got license for feature 'Implementation' and/or device 'xczu7ev'
INFO: [DRC 23-27] Running DRC with 2 threads
INFO: [Vivado_Tcl 4-198] DRC finished with 0 Errors
INFO: [Vivado_Tcl 4-199] Please refer to the DRC report (report_drc) for more information.
Running DRC as a precondition to command place_design
INFO: [DRC 23-27] Running DRC with 2 threads
INFO: [Vivado_Tcl 4-198] DRC finished with 0 Errors
INFO: [Vivado_Tcl 4-199] Please refer to the DRC report (report_drc) for more information.

Starting Placer Task
INFO: [Place 30-611] Multithreading enabled for place_design using a maximum of 2 CPUs

Phase 1 Placer Initialization

Phase 1.1 Placer Initialization Netlist Sorting
Netlist sorting complete. Time (s): cpu = 00:00:00 ; elapsed = 00:00:00.001 . Memory (MB): peak = 3609.441 ; gain = 0.000
Phase 1.1 Placer Initialization Netlist Sorting | Checksum: fb666683

Time (s): cpu = 00:00:00 ; elapsed = 00:00:00.107 . Memory (MB): peak = 3609.441 ; gain = 0.000
Netlist sorting complete. Time (s): cpu = 00:00:00 ; elapsed = 00:00:00.001 . Memory (MB): peak = 3609.441 ; gain = 0.000

Phase 1.2 IO Placement/ Clock Placement/ Build Placer Device
ERROR: [Place 30-58] IO placement is infeasible. Number of unplaced IO Ports (431) is greater than number of available sites (360).
The following are banks with available pins: 
Resolution: Consider using Xilinx part with greater number of IO pins
ERROR: [Place 30-374] IO placer failed to find a solution
Below is the partial placement that can be analyzed to see if any constraint modifications will make the IO placement problem easier to solve.

+-------------------------------------------------------------------------------------------------------------------------------------------------------------------------+
|                                                                     IO Placement : Bank Stats                                                                           |
+----+-------+-------+------------------------------------------------------------------------+------------------------------------------+--------+--------+--------+-----+
| Id | Pins  | Terms |                               Standards                                |                IDelayCtrls               |  VREF  |  VCCO  |   VR   | DCI |
+----+-------+-------+------------------------------------------------------------------------+------------------------------------------+--------+--------+--------+-----+
|  0 |     0 |     0 |                                                                        |                                          |        |        |        |     |
| 28 |    52 |     0 |                                                                        |                                          |        |        |        |     |
| 64 |    52 |     0 |                                                                        |                                          |        |        |        |     |
| 65 |    52 |     0 |                                                                        |                                          |        |        |        |     |
| 66 |    52 |     0 |                                                                        |                                          |        |        |        |     |
| 67 |    52 |     0 |                                                                        |                                          |        |        |        |     |
| 68 |    52 |     0 |                                                                        |                                          |        |        |        |     |
| 87 |    24 |     0 |                                                                        |                                          |        |        |        |     |
| 88 |    24 |     0 |                                                                        |                                          |        |        |        |     |
+----+-------+-------+------------------------------------------------------------------------+------------------------------------------+--------+--------+--------+-----+
|    |   360 |     0 |                                                                        |                                          |        |        |        |     |
+----+-------+-------+------------------------------------------------------------------------+------------------------------------------+--------+--------+--------+-----+

IO Placement:
+--------+----------------------+-----------------+----------------------+----------------------+----------------------+
| BankId |             Terminal | Standard        | Site                 | Pin                  | Attributes           |
+--------+----------------------+-----------------+----------------------+----------------------+----------------------+

INFO: [Timing 38-35] Done setting XDC timing constraints.
Phase 1.2 IO Placement/ Clock Placement/ Build Placer Device | Checksum: f7d88afc

Time (s): cpu = 00:00:23 ; elapsed = 00:00:24 . Memory (MB): peak = 4248.523 ; gain = 639.082
Phase 1 Placer Initialization | Checksum: f7d88afc

Time (s): cpu = 00:00:23 ; elapsed = 00:00:24 . Memory (MB): peak = 4248.523 ; gain = 639.082
ERROR: [Place 30-99] Placer failed with error: 'IO Clock Placer failed'
Please review all ERROR, CRITICAL WARNING, and WARNING messages during placement to understand the cause for failure.
Ending Placer Task | Checksum: f7d88afc

Time (s): cpu = 00:00:23 ; elapsed = 00:00:24 . Memory (MB): peak = 4248.523 ; gain = 639.082
INFO: [Common 17-83] Releasing license: Implementation
10 Infos, 0 Warnings, 0 Critical Warnings and 4 Errors encountered.
place_design failed
ERROR: [Common 17-69] Command failed: Placer could not place all instances
INFO: [Common 17-206] Exiting Vivado at Fri Jul 10 11:22:59 2026...
