#-----------------------------------------------------------
# Vivado v2022.2 (64-bit)
# SW Build 3671981 on Fri Oct 14 05:00:03 MDT 2022
# IP Build 3669848 on Fri Oct 14 08:30:02 MDT 2022
# Start of session at: Fri Jul 10 09:45:09 2026
# Process ID: 2760
# Current directory: D:/DOAN/DATN_RTL/DATN_VIVADO/manual_sim
# Command line: vivado.exe -mode batch -source D:\DOAN\DATN_RTL\DATN_VIVADO\manual_sim\run_spu_synth_check.tcl
# Log file: D:/DOAN/DATN_RTL/DATN_VIVADO/manual_sim/vivado.log
# Journal file: D:/DOAN/DATN_RTL/DATN_VIVADO/manual_sim\vivado.jou
# Running On: Cuong-Desktop, OS: Windows, CPU Frequency: 2496 MHz, CPU Physical cores: 6, Host memory: 16984 MB
#-----------------------------------------------------------
source {D:\DOAN\DATN_RTL\DATN_VIVADO\manual_sim\run_spu_synth_check.tcl}
# set origin_dir [file normalize [file dirname [info script]]]
# set rtl_dir [file normalize [file join $origin_dir .. .. RTL]]
# set report_dir [file join $origin_dir spu_synth_check]
# file mkdir $report_dir
# create_project -in_memory -part xczu7ev-ffvc1156-2-e
# set_property XPM_LIBRARIES {XPM_MEMORY} [current_project]
# read_verilog -sv [file join $rtl_dir Dual_Port_BRAM.v]
# read_verilog -sv [file join $rtl_dir SPU_Quantize_Q8_0.v]
# read_verilog -sv [file join $rtl_dir SPU_SiLU_Mul.v]
# read_verilog -sv [file join $rtl_dir SPU_RMSNorm.v]
# read_verilog -sv [file join $rtl_dir SPU_RoPE.v]
# read_verilog -sv [file join $rtl_dir SPU_Softmax.v]
# read_verilog -sv [file join $rtl_dir SPU_Local_Memory.v]
# read_verilog -sv [file join $rtl_dir SPU_Controller.v]
# read_verilog -sv [file join $rtl_dir SPU_Top.v]
# synth_design -top SPU_Top -part xczu7ev-ffvc1156-2-e
Command: synth_design -top SPU_Top -part xczu7ev-ffvc1156-2-e
Starting synth_design
Attempting to get a license for feature 'Synthesis' and/or device 'xczu7ev'
INFO: [Common 17-349] Got license for feature 'Synthesis' and/or device 'xczu7ev'
INFO: [Device 21-403] Loading part xczu7ev-ffvc1156-2-e
INFO: [Synth 8-7079] Multithreading enabled for synth_design using a maximum of 2 processes.
INFO: [Synth 8-7078] Launching helper process for spawning children vivado processes
INFO: [Synth 8-7075] Helper process launched with PID 13636
INFO: [Synth 8-11241] undeclared symbol 'REGCCE', assumed default net type 'wire' [D:/Xlinx/Vivado/2022.2/data/verilog/src/unimacro/BRAM_SINGLE_MACRO.v:2170]
---------------------------------------------------------------------------------
Starting RTL Elaboration : Time (s): cpu = 00:00:04 ; elapsed = 00:00:04 . Memory (MB): peak = 2505.273 ; gain = 336.605
---------------------------------------------------------------------------------
INFO: [Synth 8-6157] synthesizing module 'SPU_Top' [D:/DOAN/DATN_RTL/RTL/SPU_Top.v:18]
INFO: [Synth 8-6157] synthesizing module 'SPU_SiLU_Mul' [D:/DOAN/DATN_RTL/RTL/SPU_SiLU_Mul.v:16]
INFO: [Synth 8-6155] done synthesizing module 'SPU_SiLU_Mul' (0#1) [D:/DOAN/DATN_RTL/RTL/SPU_SiLU_Mul.v:16]
INFO: [Synth 8-6157] synthesizing module 'SPU_RMSNorm' [D:/DOAN/DATN_RTL/RTL/SPU_RMSNorm.v:17]
INFO: [Synth 8-6155] done synthesizing module 'SPU_RMSNorm' (0#1) [D:/DOAN/DATN_RTL/RTL/SPU_RMSNorm.v:17]
INFO: [Synth 8-6157] synthesizing module 'SPU_RoPE' [D:/DOAN/DATN_RTL/RTL/SPU_RoPE.v:16]
INFO: [Synth 8-6155] done synthesizing module 'SPU_RoPE' (0#1) [D:/DOAN/DATN_RTL/RTL/SPU_RoPE.v:16]
INFO: [Synth 8-6157] synthesizing module 'SPU_Softmax' [D:/DOAN/DATN_RTL/RTL/SPU_Softmax.v:16]
INFO: [Synth 8-6155] done synthesizing module 'SPU_Softmax' (0#1) [D:/DOAN/DATN_RTL/RTL/SPU_Softmax.v:16]
INFO: [Synth 8-6157] synthesizing module 'SPU_Controller' [D:/DOAN/DATN_RTL/RTL/SPU_Controller.v:18]
	Parameter AXI_DATA_WIDTH bound to: 128 - type: integer 
	Parameter WORD_DEPTH bound to: 4096 - type: integer 
INFO: [Synth 8-6157] synthesizing module 'SPU_Quantize_Q8_0' [D:/DOAN/DATN_RTL/RTL/SPU_Quantize_Q8_0.v:17]
INFO: [Synth 8-6155] done synthesizing module 'SPU_Quantize_Q8_0' (0#1) [D:/DOAN/DATN_RTL/RTL/SPU_Quantize_Q8_0.v:17]
INFO: [Synth 8-226] default block is never used [D:/DOAN/DATN_RTL/RTL/SPU_Controller.v:171]
INFO: [Synth 8-6155] done synthesizing module 'SPU_Controller' (0#1) [D:/DOAN/DATN_RTL/RTL/SPU_Controller.v:18]
INFO: [Synth 8-6157] synthesizing module 'SPU_Local_Memory' [D:/DOAN/DATN_RTL/RTL/SPU_Local_Memory.v:25]
	Parameter AXI_DATA_WIDTH bound to: 128 - type: integer 
	Parameter WORD_DEPTH bound to: 4096 - type: integer 
INFO: [Synth 8-6157] synthesizing module 'Dual_Port_BRAM' [D:/DOAN/DATN_RTL/RTL/Dual_Port_BRAM.v:36]
	Parameter AWIDTH bound to: 12 - type: integer 
	Parameter DWIDTH bound to: 128 - type: integer 
	Parameter OUTPUT_REG bound to: 0 - type: integer 
	Parameter USE_URAM bound to: 0 - type: integer 
INFO: [Synth 8-6155] done synthesizing module 'Dual_Port_BRAM' (0#1) [D:/DOAN/DATN_RTL/RTL/Dual_Port_BRAM.v:36]
INFO: [Synth 8-6155] done synthesizing module 'SPU_Local_Memory' (0#1) [D:/DOAN/DATN_RTL/RTL/SPU_Local_Memory.v:25]
INFO: [Synth 8-6155] done synthesizing module 'SPU_Top' (0#1) [D:/DOAN/DATN_RTL/RTL/SPU_Top.v:18]
WARNING: [Synth 8-3917] design SPU_Top has port spu_caps[31] driven by constant 0
WARNING: [Synth 8-3917] design SPU_Top has port spu_caps[30] driven by constant 0
WARNING: [Synth 8-3917] design SPU_Top has port spu_caps[29] driven by constant 0
WARNING: [Synth 8-3917] design SPU_Top has port spu_caps[28] driven by constant 1
WARNING: [Synth 8-3917] design SPU_Top has port spu_caps[27] driven by constant 0
WARNING: [Synth 8-3917] design SPU_Top has port spu_caps[26] driven by constant 0
WARNING: [Synth 8-3917] design SPU_Top has port spu_caps[25] driven by constant 0
WARNING: [Synth 8-3917] design SPU_Top has port spu_caps[24] driven by constant 0
WARNING: [Synth 8-3917] design SPU_Top has port spu_caps[23] driven by constant 0
WARNING: [Synth 8-3917] design SPU_Top has port spu_caps[22] driven by constant 0
WARNING: [Synth 8-3917] design SPU_Top has port spu_caps[21] driven by constant 0
WARNING: [Synth 8-3917] design SPU_Top has port spu_caps[20] driven by constant 0
WARNING: [Synth 8-3917] design SPU_Top has port spu_caps[19] driven by constant 0
WARNING: [Synth 8-3917] design SPU_Top has port spu_caps[18] driven by constant 0
WARNING: [Synth 8-3917] design SPU_Top has port spu_caps[17] driven by constant 0
WARNING: [Synth 8-3917] design SPU_Top has port spu_caps[16] driven by constant 0
WARNING: [Synth 8-3917] design SPU_Top has port spu_caps[15] driven by constant 0
WARNING: [Synth 8-3917] design SPU_Top has port spu_caps[14] driven by constant 0
WARNING: [Synth 8-3917] design SPU_Top has port spu_caps[13] driven by constant 0
WARNING: [Synth 8-3917] design SPU_Top has port spu_caps[12] driven by constant 0
WARNING: [Synth 8-3917] design SPU_Top has port spu_caps[11] driven by constant 0
WARNING: [Synth 8-3917] design SPU_Top has port spu_caps[10] driven by constant 0
WARNING: [Synth 8-3917] design SPU_Top has port spu_caps[9] driven by constant 0
WARNING: [Synth 8-3917] design SPU_Top has port spu_caps[8] driven by constant 0
WARNING: [Synth 8-3917] design SPU_Top has port spu_caps[7] driven by constant 1
WARNING: [Synth 8-3917] design SPU_Top has port spu_caps[6] driven by constant 0
WARNING: [Synth 8-3917] design SPU_Top has port spu_caps[1] driven by constant 1
WARNING: [Synth 8-3917] design SPU_Top has port spu_caps[0] driven by constant 1
WARNING: [Synth 8-7129] Port aux0[31] in module SPU_Controller is either unconnected or has no load
WARNING: [Synth 8-7129] Port aux0[30] in module SPU_Controller is either unconnected or has no load
WARNING: [Synth 8-7129] Port aux0[29] in module SPU_Controller is either unconnected or has no load
WARNING: [Synth 8-7129] Port aux0[28] in module SPU_Controller is either unconnected or has no load
WARNING: [Synth 8-7129] Port aux0[27] in module SPU_Controller is either unconnected or has no load
WARNING: [Synth 8-7129] Port aux0[26] in module SPU_Controller is either unconnected or has no load
WARNING: [Synth 8-7129] Port aux0[25] in module SPU_Controller is either unconnected or has no load
WARNING: [Synth 8-7129] Port aux0[24] in module SPU_Controller is either unconnected or has no load
WARNING: [Synth 8-7129] Port aux0[23] in module SPU_Controller is either unconnected or has no load
WARNING: [Synth 8-7129] Port aux0[22] in module SPU_Controller is either unconnected or has no load
WARNING: [Synth 8-7129] Port aux0[21] in module SPU_Controller is either unconnected or has no load
WARNING: [Synth 8-7129] Port aux0[20] in module SPU_Controller is either unconnected or has no load
WARNING: [Synth 8-7129] Port aux0[19] in module SPU_Controller is either unconnected or has no load
WARNING: [Synth 8-7129] Port aux0[18] in module SPU_Controller is either unconnected or has no load
WARNING: [Synth 8-7129] Port aux0[17] in module SPU_Controller is either unconnected or has no load
WARNING: [Synth 8-7129] Port aux0[16] in module SPU_Controller is either unconnected or has no load
WARNING: [Synth 8-7129] Port aux0[15] in module SPU_Controller is either unconnected or has no load
WARNING: [Synth 8-7129] Port aux0[14] in module SPU_Controller is either unconnected or has no load
WARNING: [Synth 8-7129] Port aux0[13] in module SPU_Controller is either unconnected or has no load
WARNING: [Synth 8-7129] Port aux0[12] in module SPU_Controller is either unconnected or has no load
WARNING: [Synth 8-7129] Port aux0[11] in module SPU_Controller is either unconnected or has no load
WARNING: [Synth 8-7129] Port aux0[10] in module SPU_Controller is either unconnected or has no load
WARNING: [Synth 8-7129] Port aux0[9] in module SPU_Controller is either unconnected or has no load
WARNING: [Synth 8-7129] Port aux0[8] in module SPU_Controller is either unconnected or has no load
WARNING: [Synth 8-7129] Port aux0[7] in module SPU_Controller is either unconnected or has no load
WARNING: [Synth 8-7129] Port aux0[6] in module SPU_Controller is either unconnected or has no load
WARNING: [Synth 8-7129] Port aux0[5] in module SPU_Controller is either unconnected or has no load
WARNING: [Synth 8-7129] Port aux0[4] in module SPU_Controller is either unconnected or has no load
WARNING: [Synth 8-7129] Port aux0[3] in module SPU_Controller is either unconnected or has no load
WARNING: [Synth 8-7129] Port aux0[2] in module SPU_Controller is either unconnected or has no load
WARNING: [Synth 8-7129] Port aux0[1] in module SPU_Controller is either unconnected or has no load
WARNING: [Synth 8-7129] Port aux0[0] in module SPU_Controller is either unconnected or has no load
WARNING: [Synth 8-7129] Port aux1[31] in module SPU_Controller is either unconnected or has no load
WARNING: [Synth 8-7129] Port aux1[30] in module SPU_Controller is either unconnected or has no load
WARNING: [Synth 8-7129] Port aux1[29] in module SPU_Controller is either unconnected or has no load
WARNING: [Synth 8-7129] Port aux1[28] in module SPU_Controller is either unconnected or has no load
WARNING: [Synth 8-7129] Port aux1[27] in module SPU_Controller is either unconnected or has no load
WARNING: [Synth 8-7129] Port aux1[26] in module SPU_Controller is either unconnected or has no load
WARNING: [Synth 8-7129] Port aux1[25] in module SPU_Controller is either unconnected or has no load
WARNING: [Synth 8-7129] Port aux1[24] in module SPU_Controller is either unconnected or has no load
WARNING: [Synth 8-7129] Port aux1[23] in module SPU_Controller is either unconnected or has no load
WARNING: [Synth 8-7129] Port aux1[22] in module SPU_Controller is either unconnected or has no load
WARNING: [Synth 8-7129] Port aux1[21] in module SPU_Controller is either unconnected or has no load
WARNING: [Synth 8-7129] Port aux1[20] in module SPU_Controller is either unconnected or has no load
WARNING: [Synth 8-7129] Port aux1[19] in module SPU_Controller is either unconnected or has no load
WARNING: [Synth 8-7129] Port aux1[18] in module SPU_Controller is either unconnected or has no load
WARNING: [Synth 8-7129] Port aux1[17] in module SPU_Controller is either unconnected or has no load
WARNING: [Synth 8-7129] Port aux1[16] in module SPU_Controller is either unconnected or has no load
WARNING: [Synth 8-7129] Port aux1[15] in module SPU_Controller is either unconnected or has no load
WARNING: [Synth 8-7129] Port aux1[14] in module SPU_Controller is either unconnected or has no load
WARNING: [Synth 8-7129] Port aux1[13] in module SPU_Controller is either unconnected or has no load
WARNING: [Synth 8-7129] Port aux1[12] in module SPU_Controller is either unconnected or has no load
WARNING: [Synth 8-7129] Port aux1[11] in module SPU_Controller is either unconnected or has no load
WARNING: [Synth 8-7129] Port aux1[10] in module SPU_Controller is either unconnected or has no load
WARNING: [Synth 8-7129] Port aux1[9] in module SPU_Controller is either unconnected or has no load
WARNING: [Synth 8-7129] Port aux1[8] in module SPU_Controller is either unconnected or has no load
WARNING: [Synth 8-7129] Port aux1[7] in module SPU_Controller is either unconnected or has no load
WARNING: [Synth 8-7129] Port aux1[6] in module SPU_Controller is either unconnected or has no load
WARNING: [Synth 8-7129] Port aux1[5] in module SPU_Controller is either unconnected or has no load
WARNING: [Synth 8-7129] Port aux1[4] in module SPU_Controller is either unconnected or has no load
WARNING: [Synth 8-7129] Port aux1[3] in module SPU_Controller is either unconnected or has no load
WARNING: [Synth 8-7129] Port aux1[2] in module SPU_Controller is either unconnected or has no load
WARNING: [Synth 8-7129] Port aux1[1] in module SPU_Controller is either unconnected or has no load
WARNING: [Synth 8-7129] Port aux1[0] in module SPU_Controller is either unconnected or has no load
---------------------------------------------------------------------------------
Finished RTL Elaboration : Time (s): cpu = 00:00:06 ; elapsed = 00:00:06 . Memory (MB): peak = 2623.930 ; gain = 455.262
---------------------------------------------------------------------------------
---------------------------------------------------------------------------------
Start Handling Custom Attributes
---------------------------------------------------------------------------------
---------------------------------------------------------------------------------
Finished Handling Custom Attributes : Time (s): cpu = 00:00:06 ; elapsed = 00:00:06 . Memory (MB): peak = 2637.379 ; gain = 468.711
---------------------------------------------------------------------------------
---------------------------------------------------------------------------------
Finished RTL Optimization Phase 1 : Time (s): cpu = 00:00:06 ; elapsed = 00:00:06 . Memory (MB): peak = 2637.379 ; gain = 468.711
---------------------------------------------------------------------------------
Netlist sorting complete. Time (s): cpu = 00:00:00 ; elapsed = 00:00:00.119 . Memory (MB): peak = 2637.379 ; gain = 0.000
INFO: [Project 1-570] Preparing netlist for logic optimization

Processing XDC Constraints
Initializing timing engine
Completed Processing XDC Constraints

Netlist sorting complete. Time (s): cpu = 00:00:00 ; elapsed = 00:00:00.001 . Memory (MB): peak = 2744.023 ; gain = 0.000
INFO: [Project 1-111] Unisim Transformation Summary:
No Unisim elements were transformed.

Constraint Validation Runtime : Time (s): cpu = 00:00:00 ; elapsed = 00:00:00.016 . Memory (MB): peak = 2744.023 ; gain = 0.000
INFO: [Synth 8-11241] undeclared symbol 'REGCCE', assumed default net type 'wire' [D:/Xlinx/Vivado/2022.2/data/verilog/src/unimacro/BRAM_SINGLE_MACRO.v:2170]
---------------------------------------------------------------------------------
Finished Constraint Validation : Time (s): cpu = 00:00:13 ; elapsed = 00:00:14 . Memory (MB): peak = 2744.023 ; gain = 575.355
---------------------------------------------------------------------------------
---------------------------------------------------------------------------------
Start Loading Part and Timing Information
---------------------------------------------------------------------------------
Loading part: xczu7ev-ffvc1156-2-e
INFO: [Synth 8-6742] Reading net delay rules and data
---------------------------------------------------------------------------------
Finished Loading Part and Timing Information : Time (s): cpu = 00:00:13 ; elapsed = 00:00:14 . Memory (MB): peak = 2744.023 ; gain = 575.355
---------------------------------------------------------------------------------
---------------------------------------------------------------------------------
Start Applying 'set_property' XDC Constraints
---------------------------------------------------------------------------------
---------------------------------------------------------------------------------
Finished applying 'set_property' XDC Constraints : Time (s): cpu = 00:00:13 ; elapsed = 00:00:14 . Memory (MB): peak = 2744.023 ; gain = 575.355
---------------------------------------------------------------------------------
INFO: [Synth 8-3971] The signal "Dual_Port_BRAM:/GEN_BLOCK_RAM.mem_reg" was recognized as a true dual port RAM template.
---------------------------------------------------------------------------------
Finished RTL Optimization Phase 2 : Time (s): cpu = 00:00:15 ; elapsed = 00:00:15 . Memory (MB): peak = 2744.023 ; gain = 575.355
---------------------------------------------------------------------------------
---------------------------------------------------------------------------------
Start RTL Component Statistics 
---------------------------------------------------------------------------------
Detailed RTL Component Info : 
+---Adders : 
	   2 Input   32 Bit       Adders := 15    
	   2 Input   16 Bit       Adders := 32    
	   2 Input    6 Bit       Adders := 2     
	   2 Input    2 Bit       Adders := 1     
+---Registers : 
	              512 Bit    Registers := 2     
	              256 Bit    Registers := 1     
	              128 Bit    Registers := 9     
	               32 Bit    Registers := 6     
	               16 Bit    Registers := 2     
	                6 Bit    Registers := 2     
	                4 Bit    Registers := 1     
	                2 Bit    Registers := 3     
	                1 Bit    Registers := 17    
+---RAMs : 
	             512K Bit	(4096 X 128 bit)          RAMs := 4     
+---Muxes : 
	   2 Input  512 Bit        Muxes := 1     
	  16 Input  512 Bit        Muxes := 1     
	   2 Input  256 Bit        Muxes := 1     
	  16 Input  128 Bit        Muxes := 1     
	   2 Input  128 Bit        Muxes := 240   
	   5 Input  128 Bit        Muxes := 2     
	   2 Input   32 Bit        Muxes := 37    
	  16 Input   32 Bit        Muxes := 3     
	   5 Input   32 Bit        Muxes := 1     
	   2 Input   16 Bit        Muxes := 80    
	  16 Input   16 Bit        Muxes := 1     
	   2 Input   12 Bit        Muxes := 4     
	   2 Input    8 Bit        Muxes := 10    
	   2 Input    4 Bit        Muxes := 10    
	   3 Input    4 Bit        Muxes := 1     
	  16 Input    3 Bit        Muxes := 1     
	   3 Input    2 Bit        Muxes := 1     
	  16 Input    2 Bit        Muxes := 8     
	   2 Input    2 Bit        Muxes := 7     
	   2 Input    1 Bit        Muxes := 27    
	  16 Input    1 Bit        Muxes := 9     
	   3 Input    1 Bit        Muxes := 2     
---------------------------------------------------------------------------------
Finished RTL Component Statistics 
---------------------------------------------------------------------------------
---------------------------------------------------------------------------------
Start Part Resource Summary
---------------------------------------------------------------------------------
Part Resources:
DSPs: 1728 (col length:144)
BRAMs: 624 (col length: RAMB18 144 RAMB36 72)
---------------------------------------------------------------------------------
Finished Part Resource Summary
---------------------------------------------------------------------------------
---------------------------------------------------------------------------------
Start Cross Boundary and Area Optimization
---------------------------------------------------------------------------------
WARNING: [Synth 8-7080] Parallel synthesis criteria is not met
DSP Report: Generating DSP rounded4, operation Mode is: -C'+A*(B:0x7f)+1-1.
DSP Report: register scale_amax_reg is absorbed into DSP rounded4.
DSP Report: operator rounded4 is absorbed into DSP rounded4.
DSP Report: operator rounded2 is absorbed into DSP rounded4.
DSP Report: Generating DSP rounded4, operation Mode is: C'+A*(B:0x7f).
DSP Report: register scale_amax_reg is absorbed into DSP rounded4.
DSP Report: operator rounded4 is absorbed into DSP rounded4.
DSP Report: operator rounded2 is absorbed into DSP rounded4.
DSP Report: Generating DSP rounded2, operation Mode is: A*(B:0x7f).
DSP Report: operator rounded2 is absorbed into DSP rounded2.
WARNING: [Synth 8-3917] design SPU_Top has port spu_error_code[7] driven by constant 0
WARNING: [Synth 8-3917] design SPU_Top has port spu_error_code[6] driven by constant 0
WARNING: [Synth 8-3917] design SPU_Top has port spu_error_code[5] driven by constant 0
WARNING: [Synth 8-3917] design SPU_Top has port spu_error_code[4] driven by constant 0
WARNING: [Synth 8-3917] design SPU_Top has port spu_error_code[3] driven by constant 0
WARNING: [Synth 8-3917] design SPU_Top has port spu_error_code[2] driven by constant 0
WARNING: [Synth 8-3917] design SPU_Top has port spu_caps[31] driven by constant 0
WARNING: [Synth 8-3917] design SPU_Top has port spu_caps[30] driven by constant 0
WARNING: [Synth 8-3917] design SPU_Top has port spu_caps[29] driven by constant 0
WARNING: [Synth 8-3917] design SPU_Top has port spu_caps[28] driven by constant 1
WARNING: [Synth 8-3917] design SPU_Top has port spu_caps[27] driven by constant 0
WARNING: [Synth 8-3917] design SPU_Top has port spu_caps[26] driven by constant 0
WARNING: [Synth 8-3917] design SPU_Top has port spu_caps[25] driven by constant 0
WARNING: [Synth 8-3917] design SPU_Top has port spu_caps[24] driven by constant 0
WARNING: [Synth 8-3917] design SPU_Top has port spu_caps[23] driven by constant 0
WARNING: [Synth 8-3917] design SPU_Top has port spu_caps[22] driven by constant 0
WARNING: [Synth 8-3917] design SPU_Top has port spu_caps[21] driven by constant 0
WARNING: [Synth 8-3917] design SPU_Top has port spu_caps[20] driven by constant 0
WARNING: [Synth 8-3917] design SPU_Top has port spu_caps[19] driven by constant 0
WARNING: [Synth 8-3917] design SPU_Top has port spu_caps[18] driven by constant 0
WARNING: [Synth 8-3917] design SPU_Top has port spu_caps[17] driven by constant 0
WARNING: [Synth 8-3917] design SPU_Top has port spu_caps[16] driven by constant 0
WARNING: [Synth 8-3917] design SPU_Top has port spu_caps[15] driven by constant 0
WARNING: [Synth 8-3917] design SPU_Top has port spu_caps[14] driven by constant 0
WARNING: [Synth 8-3917] design SPU_Top has port spu_caps[13] driven by constant 0
WARNING: [Synth 8-3917] design SPU_Top has port spu_caps[12] driven by constant 0
WARNING: [Synth 8-3917] design SPU_Top has port spu_caps[11] driven by constant 0
WARNING: [Synth 8-3917] design SPU_Top has port spu_caps[10] driven by constant 0
WARNING: [Synth 8-3917] design SPU_Top has port spu_caps[9] driven by constant 0
WARNING: [Synth 8-3917] design SPU_Top has port spu_caps[8] driven by constant 0
WARNING: [Synth 8-3917] design SPU_Top has port spu_caps[7] driven by constant 1
WARNING: [Synth 8-3917] design SPU_Top has port spu_caps[6] driven by constant 0
WARNING: [Synth 8-3917] design SPU_Top has port spu_caps[1] driven by constant 1
WARNING: [Synth 8-3917] design SPU_Top has port spu_caps[0] driven by constant 1
WARNING: [Synth 8-7129] Port spu_aux0[31] in module SPU_Top is either unconnected or has no load
WARNING: [Synth 8-7129] Port spu_aux0[30] in module SPU_Top is either unconnected or has no load
WARNING: [Synth 8-7129] Port spu_aux0[29] in module SPU_Top is either unconnected or has no load
WARNING: [Synth 8-7129] Port spu_aux0[28] in module SPU_Top is either unconnected or has no load
WARNING: [Synth 8-7129] Port spu_aux0[27] in module SPU_Top is either unconnected or has no load
WARNING: [Synth 8-7129] Port spu_aux0[26] in module SPU_Top is either unconnected or has no load
WARNING: [Synth 8-7129] Port spu_aux0[25] in module SPU_Top is either unconnected or has no load
WARNING: [Synth 8-7129] Port spu_aux0[24] in module SPU_Top is either unconnected or has no load
WARNING: [Synth 8-7129] Port spu_aux0[23] in module SPU_Top is either unconnected or has no load
WARNING: [Synth 8-7129] Port spu_aux0[22] in module SPU_Top is either unconnected or has no load
WARNING: [Synth 8-7129] Port spu_aux0[21] in module SPU_Top is either unconnected or has no load
WARNING: [Synth 8-7129] Port spu_aux0[20] in module SPU_Top is either unconnected or has no load
WARNING: [Synth 8-7129] Port spu_aux0[19] in module SPU_Top is either unconnected or has no load
WARNING: [Synth 8-7129] Port spu_aux0[18] in module SPU_Top is either unconnected or has no load
WARNING: [Synth 8-7129] Port spu_aux0[17] in module SPU_Top is either unconnected or has no load
WARNING: [Synth 8-7129] Port spu_aux0[16] in module SPU_Top is either unconnected or has no load
WARNING: [Synth 8-7129] Port spu_aux0[15] in module SPU_Top is either unconnected or has no load
WARNING: [Synth 8-7129] Port spu_aux0[14] in module SPU_Top is either unconnected or has no load
WARNING: [Synth 8-7129] Port spu_aux0[13] in module SPU_Top is either unconnected or has no load
WARNING: [Synth 8-7129] Port spu_aux0[12] in module SPU_Top is either unconnected or has no load
WARNING: [Synth 8-7129] Port spu_aux0[11] in module SPU_Top is either unconnected or has no load
WARNING: [Synth 8-7129] Port spu_aux0[10] in module SPU_Top is either unconnected or has no load
WARNING: [Synth 8-7129] Port spu_aux0[9] in module SPU_Top is either unconnected or has no load
WARNING: [Synth 8-7129] Port spu_aux0[8] in module SPU_Top is either unconnected or has no load
WARNING: [Synth 8-7129] Port spu_aux0[7] in module SPU_Top is either unconnected or has no load
WARNING: [Synth 8-7129] Port spu_aux0[6] in module SPU_Top is either unconnected or has no load
WARNING: [Synth 8-7129] Port spu_aux0[5] in module SPU_Top is either unconnected or has no load
WARNING: [Synth 8-7129] Port spu_aux0[4] in module SPU_Top is either unconnected or has no load
WARNING: [Synth 8-7129] Port spu_aux0[3] in module SPU_Top is either unconnected or has no load
WARNING: [Synth 8-7129] Port spu_aux0[2] in module SPU_Top is either unconnected or has no load
WARNING: [Synth 8-7129] Port spu_aux0[1] in module SPU_Top is either unconnected or has no load
WARNING: [Synth 8-7129] Port spu_aux0[0] in module SPU_Top is either unconnected or has no load
WARNING: [Synth 8-7129] Port spu_aux1[31] in module SPU_Top is either unconnected or has no load
WARNING: [Synth 8-7129] Port spu_aux1[30] in module SPU_Top is either unconnected or has no load
WARNING: [Synth 8-7129] Port spu_aux1[29] in module SPU_Top is either unconnected or has no load
WARNING: [Synth 8-7129] Port spu_aux1[28] in module SPU_Top is either unconnected or has no load
INFO: [Common 17-14] Message 'Synth 8-7129' appears 100 times and further instances of the messages will be disabled. Use the Tcl command set_msg_config to change the current settings.
INFO: [Synth 8-3971] The signal "i_0/\u_spu_local_memory/u_spu_in_ram /GEN_BLOCK_RAM.mem_reg" was recognized as a true dual port RAM template.
INFO: [Synth 8-3971] The signal "i_0/\u_spu_local_memory/u_spu_out_ram /GEN_BLOCK_RAM.mem_reg" was recognized as a true dual port RAM template.
INFO: [Synth 8-3971] The signal "i_0/\u_spu_local_memory/u_spu_param_ram /GEN_BLOCK_RAM.mem_reg" was recognized as a true dual port RAM template.
INFO: [Synth 8-3971] The signal "i_0/\u_spu_local_memory/u_spu_scratch_ram /GEN_BLOCK_RAM.mem_reg" was recognized as a true dual port RAM template.
---------------------------------------------------------------------------------
Finished Cross Boundary and Area Optimization : Time (s): cpu = 00:00:48 ; elapsed = 00:00:51 . Memory (MB): peak = 2790.000 ; gain = 621.332
---------------------------------------------------------------------------------
---------------------------------------------------------------------------------
Start ROM, RAM, DSP, Shift Register and Retiming Reporting
---------------------------------------------------------------------------------

Block RAM: Preliminary Mapping Report (see note below)
+-------------------------------------------+-----------------------+------------------------+---+---+------------------------+---+---+------------------+--------+--------+-----------------+
|Module Name                                | RTL Object            | PORT A (Depth x Width) | W | R | PORT B (Depth x Width) | W | R | Ports driving FF | RAMB18 | RAMB36 | Cascade Heights | 
+-------------------------------------------+-----------------------+------------------------+---+---+------------------------+---+---+------------------+--------+--------+-----------------+
|i_0/\u_spu_local_memory/u_spu_in_ram       | GEN_BLOCK_RAM.mem_reg | 4 K x 128(READ_FIRST)  | W | R | 4 K x 128(READ_FIRST)  | W | R | Port A and B     | 0      | 16     |                 | 
|i_0/\u_spu_local_memory/u_spu_out_ram      | GEN_BLOCK_RAM.mem_reg | 4 K x 128(READ_FIRST)  | W | R | 4 K x 128(READ_FIRST)  | W | R | Port A and B     | 0      | 16     |                 | 
|i_0/\u_spu_local_memory/u_spu_param_ram    | GEN_BLOCK_RAM.mem_reg | 4 K x 128(READ_FIRST)  | W | R | 4 K x 128(READ_FIRST)  | W | R | Port A and B     | 0      | 16     |                 | 
|i_0/\u_spu_local_memory/u_spu_scratch_ram  | GEN_BLOCK_RAM.mem_reg | 4 K x 128(READ_FIRST)  | W | R | 4 K x 128(READ_FIRST)  | W | R | Port A and B     | 0      | 16     |                 | 
+-------------------------------------------+-----------------------+------------------------+---+---+------------------------+---+---+------------------+--------+--------+-----------------+

Note: The table above is a preliminary report that shows the Block RAMs at the current stage of the synthesis flow. Some Block RAMs may be reimplemented as non Block RAM primitives later in the synthesis flow. Multiple instantiated Block RAMs are reported only once. 

DSP: Preliminary Mapping Report (see note below. The ' indicates corresponding REG is set)
+------------------+--------------------+--------+--------+--------+--------+--------+------+------+------+------+-------+------+------+
|Module Name       | DSP Mapping        | A Size | B Size | C Size | D Size | P Size | AREG | BREG | CREG | DREG | ADREG | MREG | PREG | 
+------------------+--------------------+--------+--------+--------+--------+--------+------+------+------+------+-------+------+------+
|SPU_Quantize_Q8_0 | -C'+A*(B:0x7f)+1-1 | 16     | 8      | 32     | -      | 32     | 0    | 0    | 1    | -    | -     | 0    | 0    | 
|SPU_Quantize_Q8_0 | C'+A*(B:0x7f)      | 16     | 8      | 32     | -      | 32     | 0    | 0    | 1    | -    | -     | 0    | 0    | 
|SPU_Quantize_Q8_0 | A*(B:0x7f)         | 16     | 8      | -      | -      | 24     | 0    | 0    | -    | -    | -     | 0    | 0    | 
+------------------+--------------------+--------+--------+--------+--------+--------+------+------+------+------+-------+------+------+

Note: The table above is a preliminary report that shows the DSPs inferred at the current stage of the synthesis flow. Some DSP may be reimplemented as non DSP primitives later in the synthesis flow. Multiple instantiated DSPs are reported only once.
---------------------------------------------------------------------------------
Finished ROM, RAM, DSP, Shift Register and Retiming Reporting
---------------------------------------------------------------------------------
---------------------------------------------------------------------------------
Start Applying XDC Timing Constraints
---------------------------------------------------------------------------------
---------------------------------------------------------------------------------
Finished Applying XDC Timing Constraints : Time (s): cpu = 00:01:03 ; elapsed = 00:01:08 . Memory (MB): peak = 3229.766 ; gain = 1061.098
---------------------------------------------------------------------------------
---------------------------------------------------------------------------------
Start Timing Optimization
---------------------------------------------------------------------------------
---------------------------------------------------------------------------------
Finished Timing Optimization : Time (s): cpu = 00:01:03 ; elapsed = 00:01:08 . Memory (MB): peak = 3229.766 ; gain = 1061.098
---------------------------------------------------------------------------------
---------------------------------------------------------------------------------
Start ROM, RAM, DSP, Shift Register and Retiming Reporting
---------------------------------------------------------------------------------

Block RAM: Final Mapping Report
+-------------------------------------------+-----------------------+------------------------+---+---+------------------------+---+---+------------------+--------+--------+-----------------+
|Module Name                                | RTL Object            | PORT A (Depth x Width) | W | R | PORT B (Depth x Width) | W | R | Ports driving FF | RAMB18 | RAMB36 | Cascade Heights | 
+-------------------------------------------+-----------------------+------------------------+---+---+------------------------+---+---+------------------+--------+--------+-----------------+
|i_0/\u_spu_local_memory/u_spu_in_ram       | GEN_BLOCK_RAM.mem_reg | 4 K x 128(READ_FIRST)  | W | R | 4 K x 128(READ_FIRST)  | W | R | Port A and B     | 0      | 16     |                 | 
|i_0/\u_spu_local_memory/u_spu_out_ram      | GEN_BLOCK_RAM.mem_reg | 4 K x 128(READ_FIRST)  | W | R | 4 K x 128(READ_FIRST)  | W | R | Port A and B     | 0      | 16     |                 | 
|i_0/\u_spu_local_memory/u_spu_param_ram    | GEN_BLOCK_RAM.mem_reg | 4 K x 128(READ_FIRST)  | W | R | 4 K x 128(READ_FIRST)  | W | R | Port A and B     | 0      | 16     |                 | 
|i_0/\u_spu_local_memory/u_spu_scratch_ram  | GEN_BLOCK_RAM.mem_reg | 4 K x 128(READ_FIRST)  | W | R | 4 K x 128(READ_FIRST)  | W | R | Port A and B     | 0      | 16     |                 | 
+-------------------------------------------+-----------------------+------------------------+---+---+------------------------+---+---+------------------+--------+--------+-----------------+

---------------------------------------------------------------------------------
Finished ROM, RAM, DSP, Shift Register and Retiming Reporting
---------------------------------------------------------------------------------
---------------------------------------------------------------------------------
Start Technology Mapping
---------------------------------------------------------------------------------
INFO: [Synth 8-7052] The timing for the instance u_spu_local_memory/u_spu_in_ram/GEN_BLOCK_RAM.mem_reg_0 (implemented as a Block RAM) might be sub-optimal as no optional output register could be merged into the ram block. Providing additional output register may help in improving timing.
INFO: [Synth 8-7052] The timing for the instance u_spu_local_memory/u_spu_in_ram/GEN_BLOCK_RAM.mem_reg_0 (implemented as a Block RAM) might be sub-optimal as no optional output register could be merged into the ram block. Providing additional output register may help in improving timing.
INFO: [Synth 8-7052] The timing for the instance u_spu_local_memory/u_spu_in_ram/GEN_BLOCK_RAM.mem_reg_1 (implemented as a Block RAM) might be sub-optimal as no optional output register could be merged into the ram block. Providing additional output register may help in improving timing.
INFO: [Synth 8-7052] The timing for the instance u_spu_local_memory/u_spu_in_ram/GEN_BLOCK_RAM.mem_reg_1 (implemented as a Block RAM) might be sub-optimal as no optional output register could be merged into the ram block. Providing additional output register may help in improving timing.
INFO: [Synth 8-7052] The timing for the instance u_spu_local_memory/u_spu_in_ram/GEN_BLOCK_RAM.mem_reg_2 (implemented as a Block RAM) might be sub-optimal as no optional output register could be merged into the ram block. Providing additional output register may help in improving timing.
INFO: [Synth 8-7052] The timing for the instance u_spu_local_memory/u_spu_in_ram/GEN_BLOCK_RAM.mem_reg_2 (implemented as a Block RAM) might be sub-optimal as no optional output register could be merged into the ram block. Providing additional output register may help in improving timing.
INFO: [Synth 8-7052] The timing for the instance u_spu_local_memory/u_spu_in_ram/GEN_BLOCK_RAM.mem_reg_3 (implemented as a Block RAM) might be sub-optimal as no optional output register could be merged into the ram block. Providing additional output register may help in improving timing.
INFO: [Synth 8-7052] The timing for the instance u_spu_local_memory/u_spu_in_ram/GEN_BLOCK_RAM.mem_reg_3 (implemented as a Block RAM) might be sub-optimal as no optional output register could be merged into the ram block. Providing additional output register may help in improving timing.
INFO: [Synth 8-7052] The timing for the instance u_spu_local_memory/u_spu_in_ram/GEN_BLOCK_RAM.mem_reg_4 (implemented as a Block RAM) might be sub-optimal as no optional output register could be merged into the ram block. Providing additional output register may help in improving timing.
INFO: [Synth 8-7052] The timing for the instance u_spu_local_memory/u_spu_in_ram/GEN_BLOCK_RAM.mem_reg_4 (implemented as a Block RAM) might be sub-optimal as no optional output register could be merged into the ram block. Providing additional output register may help in improving timing.
INFO: [Synth 8-7052] The timing for the instance u_spu_local_memory/u_spu_in_ram/GEN_BLOCK_RAM.mem_reg_5 (implemented as a Block RAM) might be sub-optimal as no optional output register could be merged into the ram block. Providing additional output register may help in improving timing.
INFO: [Synth 8-7052] The timing for the instance u_spu_local_memory/u_spu_in_ram/GEN_BLOCK_RAM.mem_reg_5 (implemented as a Block RAM) might be sub-optimal as no optional output register could be merged into the ram block. Providing additional output register may help in improving timing.
INFO: [Synth 8-7052] The timing for the instance u_spu_local_memory/u_spu_in_ram/GEN_BLOCK_RAM.mem_reg_6 (implemented as a Block RAM) might be sub-optimal as no optional output register could be merged into the ram block. Providing additional output register may help in improving timing.
INFO: [Synth 8-7052] The timing for the instance u_spu_local_memory/u_spu_in_ram/GEN_BLOCK_RAM.mem_reg_6 (implemented as a Block RAM) might be sub-optimal as no optional output register could be merged into the ram block. Providing additional output register may help in improving timing.
INFO: [Synth 8-7052] The timing for the instance u_spu_local_memory/u_spu_in_ram/GEN_BLOCK_RAM.mem_reg_7 (implemented as a Block RAM) might be sub-optimal as no optional output register could be merged into the ram block. Providing additional output register may help in improving timing.
INFO: [Synth 8-7052] The timing for the instance u_spu_local_memory/u_spu_in_ram/GEN_BLOCK_RAM.mem_reg_7 (implemented as a Block RAM) might be sub-optimal as no optional output register could be merged into the ram block. Providing additional output register may help in improving timing.
INFO: [Synth 8-7052] The timing for the instance u_spu_local_memory/u_spu_in_ram/GEN_BLOCK_RAM.mem_reg_8 (implemented as a Block RAM) might be sub-optimal as no optional output register could be merged into the ram block. Providing additional output register may help in improving timing.
INFO: [Synth 8-7052] The timing for the instance u_spu_local_memory/u_spu_in_ram/GEN_BLOCK_RAM.mem_reg_8 (implemented as a Block RAM) might be sub-optimal as no optional output register could be merged into the ram block. Providing additional output register may help in improving timing.
INFO: [Synth 8-7052] The timing for the instance u_spu_local_memory/u_spu_in_ram/GEN_BLOCK_RAM.mem_reg_9 (implemented as a Block RAM) might be sub-optimal as no optional output register could be merged into the ram block. Providing additional output register may help in improving timing.
INFO: [Synth 8-7052] The timing for the instance u_spu_local_memory/u_spu_in_ram/GEN_BLOCK_RAM.mem_reg_9 (implemented as a Block RAM) might be sub-optimal as no optional output register could be merged into the ram block. Providing additional output register may help in improving timing.
INFO: [Synth 8-7052] The timing for the instance u_spu_local_memory/u_spu_in_ram/GEN_BLOCK_RAM.mem_reg_10 (implemented as a Block RAM) might be sub-optimal as no optional output register could be merged into the ram block. Providing additional output register may help in improving timing.
INFO: [Synth 8-7052] The timing for the instance u_spu_local_memory/u_spu_in_ram/GEN_BLOCK_RAM.mem_reg_10 (implemented as a Block RAM) might be sub-optimal as no optional output register could be merged into the ram block. Providing additional output register may help in improving timing.
INFO: [Synth 8-7052] The timing for the instance u_spu_local_memory/u_spu_in_ram/GEN_BLOCK_RAM.mem_reg_11 (implemented as a Block RAM) might be sub-optimal as no optional output register could be merged into the ram block. Providing additional output register may help in improving timing.
INFO: [Synth 8-7052] The timing for the instance u_spu_local_memory/u_spu_in_ram/GEN_BLOCK_RAM.mem_reg_11 (implemented as a Block RAM) might be sub-optimal as no optional output register could be merged into the ram block. Providing additional output register may help in improving timing.
INFO: [Synth 8-7052] The timing for the instance u_spu_local_memory/u_spu_in_ram/GEN_BLOCK_RAM.mem_reg_12 (implemented as a Block RAM) might be sub-optimal as no optional output register could be merged into the ram block. Providing additional output register may help in improving timing.
INFO: [Synth 8-7052] The timing for the instance u_spu_local_memory/u_spu_in_ram/GEN_BLOCK_RAM.mem_reg_12 (implemented as a Block RAM) might be sub-optimal as no optional output register could be merged into the ram block. Providing additional output register may help in improving timing.
INFO: [Synth 8-7052] The timing for the instance u_spu_local_memory/u_spu_in_ram/GEN_BLOCK_RAM.mem_reg_13 (implemented as a Block RAM) might be sub-optimal as no optional output register could be merged into the ram block. Providing additional output register may help in improving timing.
INFO: [Synth 8-7052] The timing for the instance u_spu_local_memory/u_spu_in_ram/GEN_BLOCK_RAM.mem_reg_13 (implemented as a Block RAM) might be sub-optimal as no optional output register could be merged into the ram block. Providing additional output register may help in improving timing.
INFO: [Synth 8-7052] The timing for the instance u_spu_local_memory/u_spu_in_ram/GEN_BLOCK_RAM.mem_reg_14 (implemented as a Block RAM) might be sub-optimal as no optional output register could be merged into the ram block. Providing additional output register may help in improving timing.
INFO: [Synth 8-7052] The timing for the instance u_spu_local_memory/u_spu_in_ram/GEN_BLOCK_RAM.mem_reg_14 (implemented as a Block RAM) might be sub-optimal as no optional output register could be merged into the ram block. Providing additional output register may help in improving timing.
INFO: [Synth 8-7052] The timing for the instance u_spu_local_memory/u_spu_in_ram/GEN_BLOCK_RAM.mem_reg_15 (implemented as a Block RAM) might be sub-optimal as no optional output register could be merged into the ram block. Providing additional output register may help in improving timing.
INFO: [Synth 8-7052] The timing for the instance u_spu_local_memory/u_spu_in_ram/GEN_BLOCK_RAM.mem_reg_15 (implemented as a Block RAM) might be sub-optimal as no optional output register could be merged into the ram block. Providing additional output register may help in improving timing.
INFO: [Synth 8-7052] The timing for the instance u_spu_local_memory/u_spu_out_ram/GEN_BLOCK_RAM.mem_reg_0 (implemented as a Block RAM) might be sub-optimal as no optional output register could be merged into the ram block. Providing additional output register may help in improving timing.
INFO: [Synth 8-7052] The timing for the instance u_spu_local_memory/u_spu_out_ram/GEN_BLOCK_RAM.mem_reg_0 (implemented as a Block RAM) might be sub-optimal as no optional output register could be merged into the ram block. Providing additional output register may help in improving timing.
INFO: [Synth 8-7052] The timing for the instance u_spu_local_memory/u_spu_out_ram/GEN_BLOCK_RAM.mem_reg_1 (implemented as a Block RAM) might be sub-optimal as no optional output register could be merged into the ram block. Providing additional output register may help in improving timing.
INFO: [Synth 8-7052] The timing for the instance u_spu_local_memory/u_spu_out_ram/GEN_BLOCK_RAM.mem_reg_1 (implemented as a Block RAM) might be sub-optimal as no optional output register could be merged into the ram block. Providing additional output register may help in improving timing.
INFO: [Synth 8-7052] The timing for the instance u_spu_local_memory/u_spu_out_ram/GEN_BLOCK_RAM.mem_reg_2 (implemented as a Block RAM) might be sub-optimal as no optional output register could be merged into the ram block. Providing additional output register may help in improving timing.
INFO: [Synth 8-7052] The timing for the instance u_spu_local_memory/u_spu_out_ram/GEN_BLOCK_RAM.mem_reg_2 (implemented as a Block RAM) might be sub-optimal as no optional output register could be merged into the ram block. Providing additional output register may help in improving timing.
INFO: [Synth 8-7052] The timing for the instance u_spu_local_memory/u_spu_out_ram/GEN_BLOCK_RAM.mem_reg_3 (implemented as a Block RAM) might be sub-optimal as no optional output register could be merged into the ram block. Providing additional output register may help in improving timing.
INFO: [Synth 8-7052] The timing for the instance u_spu_local_memory/u_spu_out_ram/GEN_BLOCK_RAM.mem_reg_3 (implemented as a Block RAM) might be sub-optimal as no optional output register could be merged into the ram block. Providing additional output register may help in improving timing.
INFO: [Synth 8-7052] The timing for the instance u_spu_local_memory/u_spu_out_ram/GEN_BLOCK_RAM.mem_reg_4 (implemented as a Block RAM) might be sub-optimal as no optional output register could be merged into the ram block. Providing additional output register may help in improving timing.
INFO: [Synth 8-7052] The timing for the instance u_spu_local_memory/u_spu_out_ram/GEN_BLOCK_RAM.mem_reg_4 (implemented as a Block RAM) might be sub-optimal as no optional output register could be merged into the ram block. Providing additional output register may help in improving timing.
INFO: [Synth 8-7052] The timing for the instance u_spu_local_memory/u_spu_out_ram/GEN_BLOCK_RAM.mem_reg_5 (implemented as a Block RAM) might be sub-optimal as no optional output register could be merged into the ram block. Providing additional output register may help in improving timing.
INFO: [Synth 8-7052] The timing for the instance u_spu_local_memory/u_spu_out_ram/GEN_BLOCK_RAM.mem_reg_5 (implemented as a Block RAM) might be sub-optimal as no optional output register could be merged into the ram block. Providing additional output register may help in improving timing.
INFO: [Synth 8-7052] The timing for the instance u_spu_local_memory/u_spu_out_ram/GEN_BLOCK_RAM.mem_reg_6 (implemented as a Block RAM) might be sub-optimal as no optional output register could be merged into the ram block. Providing additional output register may help in improving timing.
INFO: [Synth 8-7052] The timing for the instance u_spu_local_memory/u_spu_out_ram/GEN_BLOCK_RAM.mem_reg_6 (implemented as a Block RAM) might be sub-optimal as no optional output register could be merged into the ram block. Providing additional output register may help in improving timing.
INFO: [Synth 8-7052] The timing for the instance u_spu_local_memory/u_spu_out_ram/GEN_BLOCK_RAM.mem_reg_7 (implemented as a Block RAM) might be sub-optimal as no optional output register could be merged into the ram block. Providing additional output register may help in improving timing.
INFO: [Synth 8-7052] The timing for the instance u_spu_local_memory/u_spu_out_ram/GEN_BLOCK_RAM.mem_reg_7 (implemented as a Block RAM) might be sub-optimal as no optional output register could be merged into the ram block. Providing additional output register may help in improving timing.
INFO: [Synth 8-7052] The timing for the instance u_spu_local_memory/u_spu_out_ram/GEN_BLOCK_RAM.mem_reg_8 (implemented as a Block RAM) might be sub-optimal as no optional output register could be merged into the ram block. Providing additional output register may help in improving timing.
INFO: [Synth 8-7052] The timing for the instance u_spu_local_memory/u_spu_out_ram/GEN_BLOCK_RAM.mem_reg_8 (implemented as a Block RAM) might be sub-optimal as no optional output register could be merged into the ram block. Providing additional output register may help in improving timing.
INFO: [Synth 8-7052] The timing for the instance u_spu_local_memory/u_spu_out_ram/GEN_BLOCK_RAM.mem_reg_9 (implemented as a Block RAM) might be sub-optimal as no optional output register could be merged into the ram block. Providing additional output register may help in improving timing.
INFO: [Synth 8-7052] The timing for the instance u_spu_local_memory/u_spu_out_ram/GEN_BLOCK_RAM.mem_reg_9 (implemented as a Block RAM) might be sub-optimal as no optional output register could be merged into the ram block. Providing additional output register may help in improving timing.
INFO: [Synth 8-7052] The timing for the instance u_spu_local_memory/u_spu_out_ram/GEN_BLOCK_RAM.mem_reg_10 (implemented as a Block RAM) might be sub-optimal as no optional output register could be merged into the ram block. Providing additional output register may help in improving timing.
INFO: [Synth 8-7052] The timing for the instance u_spu_local_memory/u_spu_out_ram/GEN_BLOCK_RAM.mem_reg_10 (implemented as a Block RAM) might be sub-optimal as no optional output register could be merged into the ram block. Providing additional output register may help in improving timing.
INFO: [Synth 8-7052] The timing for the instance u_spu_local_memory/u_spu_out_ram/GEN_BLOCK_RAM.mem_reg_11 (implemented as a Block RAM) might be sub-optimal as no optional output register could be merged into the ram block. Providing additional output register may help in improving timing.
INFO: [Synth 8-7052] The timing for the instance u_spu_local_memory/u_spu_out_ram/GEN_BLOCK_RAM.mem_reg_11 (implemented as a Block RAM) might be sub-optimal as no optional output register could be merged into the ram block. Providing additional output register may help in improving timing.
INFO: [Synth 8-7052] The timing for the instance u_spu_local_memory/u_spu_out_ram/GEN_BLOCK_RAM.mem_reg_12 (implemented as a Block RAM) might be sub-optimal as no optional output register could be merged into the ram block. Providing additional output register may help in improving timing.
INFO: [Synth 8-7052] The timing for the instance u_spu_local_memory/u_spu_out_ram/GEN_BLOCK_RAM.mem_reg_12 (implemented as a Block RAM) might be sub-optimal as no optional output register could be merged into the ram block. Providing additional output register may help in improving timing.
INFO: [Synth 8-7052] The timing for the instance u_spu_local_memory/u_spu_out_ram/GEN_BLOCK_RAM.mem_reg_13 (implemented as a Block RAM) might be sub-optimal as no optional output register could be merged into the ram block. Providing additional output register may help in improving timing.
INFO: [Synth 8-7052] The timing for the instance u_spu_local_memory/u_spu_out_ram/GEN_BLOCK_RAM.mem_reg_13 (implemented as a Block RAM) might be sub-optimal as no optional output register could be merged into the ram block. Providing additional output register may help in improving timing.
INFO: [Synth 8-7052] The timing for the instance u_spu_local_memory/u_spu_out_ram/GEN_BLOCK_RAM.mem_reg_14 (implemented as a Block RAM) might be sub-optimal as no optional output register could be merged into the ram block. Providing additional output register may help in improving timing.
INFO: [Synth 8-7052] The timing for the instance u_spu_local_memory/u_spu_out_ram/GEN_BLOCK_RAM.mem_reg_14 (implemented as a Block RAM) might be sub-optimal as no optional output register could be merged into the ram block. Providing additional output register may help in improving timing.
INFO: [Synth 8-7052] The timing for the instance u_spu_local_memory/u_spu_out_ram/GEN_BLOCK_RAM.mem_reg_15 (implemented as a Block RAM) might be sub-optimal as no optional output register could be merged into the ram block. Providing additional output register may help in improving timing.
INFO: [Synth 8-7052] The timing for the instance u_spu_local_memory/u_spu_out_ram/GEN_BLOCK_RAM.mem_reg_15 (implemented as a Block RAM) might be sub-optimal as no optional output register could be merged into the ram block. Providing additional output register may help in improving timing.
INFO: [Synth 8-7052] The timing for the instance u_spu_local_memory/u_spu_param_ram/GEN_BLOCK_RAM.mem_reg_0 (implemented as a Block RAM) might be sub-optimal as no optional output register could be merged into the ram block. Providing additional output register may help in improving timing.
INFO: [Synth 8-7052] The timing for the instance u_spu_local_memory/u_spu_param_ram/GEN_BLOCK_RAM.mem_reg_0 (implemented as a Block RAM) might be sub-optimal as no optional output register could be merged into the ram block. Providing additional output register may help in improving timing.
INFO: [Synth 8-7052] The timing for the instance u_spu_local_memory/u_spu_param_ram/GEN_BLOCK_RAM.mem_reg_1 (implemented as a Block RAM) might be sub-optimal as no optional output register could be merged into the ram block. Providing additional output register may help in improving timing.
INFO: [Synth 8-7052] The timing for the instance u_spu_local_memory/u_spu_param_ram/GEN_BLOCK_RAM.mem_reg_1 (implemented as a Block RAM) might be sub-optimal as no optional output register could be merged into the ram block. Providing additional output register may help in improving timing.
INFO: [Synth 8-7052] The timing for the instance u_spu_local_memory/u_spu_param_ram/GEN_BLOCK_RAM.mem_reg_2 (implemented as a Block RAM) might be sub-optimal as no optional output register could be merged into the ram block. Providing additional output register may help in improving timing.
INFO: [Synth 8-7052] The timing for the instance u_spu_local_memory/u_spu_param_ram/GEN_BLOCK_RAM.mem_reg_2 (implemented as a Block RAM) might be sub-optimal as no optional output register could be merged into the ram block. Providing additional output register may help in improving timing.
INFO: [Synth 8-7052] The timing for the instance u_spu_local_memory/u_spu_param_ram/GEN_BLOCK_RAM.mem_reg_3 (implemented as a Block RAM) might be sub-optimal as no optional output register could be merged into the ram block. Providing additional output register may help in improving timing.
INFO: [Synth 8-7052] The timing for the instance u_spu_local_memory/u_spu_param_ram/GEN_BLOCK_RAM.mem_reg_3 (implemented as a Block RAM) might be sub-optimal as no optional output register could be merged into the ram block. Providing additional output register may help in improving timing.
INFO: [Synth 8-7052] The timing for the instance u_spu_local_memory/u_spu_param_ram/GEN_BLOCK_RAM.mem_reg_4 (implemented as a Block RAM) might be sub-optimal as no optional output register could be merged into the ram block. Providing additional output register may help in improving timing.
INFO: [Synth 8-7052] The timing for the instance u_spu_local_memory/u_spu_param_ram/GEN_BLOCK_RAM.mem_reg_4 (implemented as a Block RAM) might be sub-optimal as no optional output register could be merged into the ram block. Providing additional output register may help in improving timing.
INFO: [Synth 8-7052] The timing for the instance u_spu_local_memory/u_spu_param_ram/GEN_BLOCK_RAM.mem_reg_5 (implemented as a Block RAM) might be sub-optimal as no optional output register could be merged into the ram block. Providing additional output register may help in improving timing.
INFO: [Synth 8-7052] The timing for the instance u_spu_local_memory/u_spu_param_ram/GEN_BLOCK_RAM.mem_reg_5 (implemented as a Block RAM) might be sub-optimal as no optional output register could be merged into the ram block. Providing additional output register may help in improving timing.
INFO: [Synth 8-7052] The timing for the instance u_spu_local_memory/u_spu_param_ram/GEN_BLOCK_RAM.mem_reg_6 (implemented as a Block RAM) might be sub-optimal as no optional output register could be merged into the ram block. Providing additional output register may help in improving timing.
INFO: [Synth 8-7052] The timing for the instance u_spu_local_memory/u_spu_param_ram/GEN_BLOCK_RAM.mem_reg_6 (implemented as a Block RAM) might be sub-optimal as no optional output register could be merged into the ram block. Providing additional output register may help in improving timing.
INFO: [Synth 8-7052] The timing for the instance u_spu_local_memory/u_spu_param_ram/GEN_BLOCK_RAM.mem_reg_7 (implemented as a Block RAM) might be sub-optimal as no optional output register could be merged into the ram block. Providing additional output register may help in improving timing.
INFO: [Synth 8-7052] The timing for the instance u_spu_local_memory/u_spu_param_ram/GEN_BLOCK_RAM.mem_reg_7 (implemented as a Block RAM) might be sub-optimal as no optional output register could be merged into the ram block. Providing additional output register may help in improving timing.
INFO: [Synth 8-7052] The timing for the instance u_spu_local_memory/u_spu_param_ram/GEN_BLOCK_RAM.mem_reg_8 (implemented as a Block RAM) might be sub-optimal as no optional output register could be merged into the ram block. Providing additional output register may help in improving timing.
INFO: [Synth 8-7052] The timing for the instance u_spu_local_memory/u_spu_param_ram/GEN_BLOCK_RAM.mem_reg_8 (implemented as a Block RAM) might be sub-optimal as no optional output register could be merged into the ram block. Providing additional output register may help in improving timing.
INFO: [Synth 8-7052] The timing for the instance u_spu_local_memory/u_spu_param_ram/GEN_BLOCK_RAM.mem_reg_9 (implemented as a Block RAM) might be sub-optimal as no optional output register could be merged into the ram block. Providing additional output register may help in improving timing.
INFO: [Synth 8-7052] The timing for the instance u_spu_local_memory/u_spu_param_ram/GEN_BLOCK_RAM.mem_reg_9 (implemented as a Block RAM) might be sub-optimal as no optional output register could be merged into the ram block. Providing additional output register may help in improving timing.
INFO: [Synth 8-7052] The timing for the instance u_spu_local_memory/u_spu_param_ram/GEN_BLOCK_RAM.mem_reg_10 (implemented as a Block RAM) might be sub-optimal as no optional output register could be merged into the ram block. Providing additional output register may help in improving timing.
INFO: [Synth 8-7052] The timing for the instance u_spu_local_memory/u_spu_param_ram/GEN_BLOCK_RAM.mem_reg_10 (implemented as a Block RAM) might be sub-optimal as no optional output register could be merged into the ram block. Providing additional output register may help in improving timing.
INFO: [Synth 8-7052] The timing for the instance u_spu_local_memory/u_spu_param_ram/GEN_BLOCK_RAM.mem_reg_11 (implemented as a Block RAM) might be sub-optimal as no optional output register could be merged into the ram block. Providing additional output register may help in improving timing.
INFO: [Synth 8-7052] The timing for the instance u_spu_local_memory/u_spu_param_ram/GEN_BLOCK_RAM.mem_reg_11 (implemented as a Block RAM) might be sub-optimal as no optional output register could be merged into the ram block. Providing additional output register may help in improving timing.
INFO: [Synth 8-7052] The timing for the instance u_spu_local_memory/u_spu_param_ram/GEN_BLOCK_RAM.mem_reg_12 (implemented as a Block RAM) might be sub-optimal as no optional output register could be merged into the ram block. Providing additional output register may help in improving timing.
INFO: [Synth 8-7052] The timing for the instance u_spu_local_memory/u_spu_param_ram/GEN_BLOCK_RAM.mem_reg_12 (implemented as a Block RAM) might be sub-optimal as no optional output register could be merged into the ram block. Providing additional output register may help in improving timing.
INFO: [Synth 8-7052] The timing for the instance u_spu_local_memory/u_spu_param_ram/GEN_BLOCK_RAM.mem_reg_13 (implemented as a Block RAM) might be sub-optimal as no optional output register could be merged into the ram block. Providing additional output register may help in improving timing.
INFO: [Synth 8-7052] The timing for the instance u_spu_local_memory/u_spu_param_ram/GEN_BLOCK_RAM.mem_reg_13 (implemented as a Block RAM) might be sub-optimal as no optional output register could be merged into the ram block. Providing additional output register may help in improving timing.
INFO: [Synth 8-7052] The timing for the instance u_spu_local_memory/u_spu_param_ram/GEN_BLOCK_RAM.mem_reg_14 (implemented as a Block RAM) might be sub-optimal as no optional output register could be merged into the ram block. Providing additional output register may help in improving timing.
INFO: [Synth 8-7052] The timing for the instance u_spu_local_memory/u_spu_param_ram/GEN_BLOCK_RAM.mem_reg_14 (implemented as a Block RAM) might be sub-optimal as no optional output register could be merged into the ram block. Providing additional output register may help in improving timing.
INFO: [Synth 8-7052] The timing for the instance u_spu_local_memory/u_spu_param_ram/GEN_BLOCK_RAM.mem_reg_15 (implemented as a Block RAM) might be sub-optimal as no optional output register could be merged into the ram block. Providing additional output register may help in improving timing.
INFO: [Synth 8-7052] The timing for the instance u_spu_local_memory/u_spu_param_ram/GEN_BLOCK_RAM.mem_reg_15 (implemented as a Block RAM) might be sub-optimal as no optional output register could be merged into the ram block. Providing additional output register may help in improving timing.
INFO: [Synth 8-7052] The timing for the instance u_spu_local_memory/u_spu_scratch_ram/GEN_BLOCK_RAM.mem_reg_0 (implemented as a Block RAM) might be sub-optimal as no optional output register could be merged into the ram block. Providing additional output register may help in improving timing.
INFO: [Synth 8-7052] The timing for the instance u_spu_local_memory/u_spu_scratch_ram/GEN_BLOCK_RAM.mem_reg_0 (implemented as a Block RAM) might be sub-optimal as no optional output register could be merged into the ram block. Providing additional output register may help in improving timing.
INFO: [Synth 8-7052] The timing for the instance u_spu_local_memory/u_spu_scratch_ram/GEN_BLOCK_RAM.mem_reg_1 (implemented as a Block RAM) might be sub-optimal as no optional output register could be merged into the ram block. Providing additional output register may help in improving timing.
INFO: [Synth 8-7052] The timing for the instance u_spu_local_memory/u_spu_scratch_ram/GEN_BLOCK_RAM.mem_reg_1 (implemented as a Block RAM) might be sub-optimal as no optional output register could be merged into the ram block. Providing additional output register may help in improving timing.
INFO: [Common 17-14] Message 'Synth 8-7052' appears 100 times and further instances of the messages will be disabled. Use the Tcl command set_msg_config to change the current settings.
---------------------------------------------------------------------------------
Finished Technology Mapping : Time (s): cpu = 00:01:05 ; elapsed = 00:01:10 . Memory (MB): peak = 3320.500 ; gain = 1151.832
---------------------------------------------------------------------------------
---------------------------------------------------------------------------------
Start IO Insertion
---------------------------------------------------------------------------------
---------------------------------------------------------------------------------
Start Flattening Before IO Insertion
---------------------------------------------------------------------------------
---------------------------------------------------------------------------------
Finished Flattening Before IO Insertion
---------------------------------------------------------------------------------
---------------------------------------------------------------------------------
Start Final Netlist Cleanup
---------------------------------------------------------------------------------
---------------------------------------------------------------------------------
Finished Final Netlist Cleanup
---------------------------------------------------------------------------------
---------------------------------------------------------------------------------
Finished IO Insertion : Time (s): cpu = 00:01:09 ; elapsed = 00:01:14 . Memory (MB): peak = 3335.500 ; gain = 1166.832
---------------------------------------------------------------------------------
---------------------------------------------------------------------------------
Start Renaming Generated Instances
---------------------------------------------------------------------------------
---------------------------------------------------------------------------------
Finished Renaming Generated Instances : Time (s): cpu = 00:01:09 ; elapsed = 00:01:14 . Memory (MB): peak = 3335.500 ; gain = 1166.832
---------------------------------------------------------------------------------
---------------------------------------------------------------------------------
Start Rebuilding User Hierarchy
---------------------------------------------------------------------------------
---------------------------------------------------------------------------------
Finished Rebuilding User Hierarchy : Time (s): cpu = 00:01:09 ; elapsed = 00:01:15 . Memory (MB): peak = 3335.500 ; gain = 1166.832
---------------------------------------------------------------------------------
---------------------------------------------------------------------------------
Start Renaming Generated Ports
---------------------------------------------------------------------------------
---------------------------------------------------------------------------------
Finished Renaming Generated Ports : Time (s): cpu = 00:01:09 ; elapsed = 00:01:15 . Memory (MB): peak = 3335.500 ; gain = 1166.832
---------------------------------------------------------------------------------
---------------------------------------------------------------------------------
Start Handling Custom Attributes
---------------------------------------------------------------------------------
---------------------------------------------------------------------------------
Finished Handling Custom Attributes : Time (s): cpu = 00:01:09 ; elapsed = 00:01:15 . Memory (MB): peak = 3335.500 ; gain = 1166.832
---------------------------------------------------------------------------------
---------------------------------------------------------------------------------
Start Renaming Generated Nets
---------------------------------------------------------------------------------
---------------------------------------------------------------------------------
Finished Renaming Generated Nets : Time (s): cpu = 00:01:09 ; elapsed = 00:01:15 . Memory (MB): peak = 3335.500 ; gain = 1166.832
---------------------------------------------------------------------------------
---------------------------------------------------------------------------------
Start Writing Synthesis Report
---------------------------------------------------------------------------------

DSP Final Report (the ' indicates corresponding REG is set)
+------------------+-------------+--------+--------+--------+--------+--------+------+------+------+------+-------+------+------+
|Module Name       | DSP Mapping | A Size | B Size | C Size | D Size | P Size | AREG | BREG | CREG | DREG | ADREG | MREG | PREG | 
+------------------+-------------+--------+--------+--------+--------+--------+------+------+------+------+-------+------+------+
|SPU_Quantize_Q8_0 | C'-(A*B+1)  | 30     | 7      | 15     | -      | 32     | 0    | 0    | 0    | -    | -     | 0    | 0    | 
|SPU_Quantize_Q8_0 | C'+A*B      | 30     | 7      | 15     | -      | 32     | 0    | 0    | 0    | -    | -     | 0    | 0    | 
|SPU_Quantize_Q8_0 | A*B         | 30     | 7      | -      | -      | 24     | 0    | 0    | -    | -    | -     | 0    | 0    | 
+------------------+-------------+--------+--------+--------+--------+--------+------+------+------+------+-------+------+------+


Report BlackBoxes: 
+-+--------------+----------+
| |BlackBox name |Instances |
+-+--------------+----------+
+-+--------------+----------+

Report Cell Usage: 
+------+----------------+------+
|      |Cell            |Count |
+------+----------------+------+
|1     |BUFG            |     1|
|2     |CARRY8          |   363|
|3     |DSP_ALU         |     3|
|4     |DSP_A_B_DATA    |     3|
|5     |DSP_C_DATA      |     3|
|6     |DSP_MULTIPLIER  |     3|
|7     |DSP_M_DATA      |     3|
|8     |DSP_OUTPUT      |     3|
|9     |DSP_PREADD      |     3|
|10    |DSP_PREADD_DATA |     3|
|11    |LUT1            |   198|
|12    |LUT2            |   952|
|13    |LUT3            |  1513|
|14    |LUT4            |   585|
|15    |LUT5            |   698|
|16    |LUT6            |  1805|
|17    |MUXF7           |    64|
|18    |RAMB36E2        |    64|
|19    |FDRE            |  1617|
|20    |FDSE            |     1|
|21    |IBUF            |   259|
|22    |OBUF            |   173|
+------+----------------+------+
---------------------------------------------------------------------------------
Finished Writing Synthesis Report : Time (s): cpu = 00:01:09 ; elapsed = 00:01:15 . Memory (MB): peak = 3335.500 ; gain = 1166.832
---------------------------------------------------------------------------------
Synthesis finished with 0 errors, 0 critical warnings and 99 warnings.
Synthesis Optimization Runtime : Time (s): cpu = 00:01:00 ; elapsed = 00:01:13 . Memory (MB): peak = 3335.500 ; gain = 1060.188
Synthesis Optimization Complete : Time (s): cpu = 00:01:09 ; elapsed = 00:01:15 . Memory (MB): peak = 3335.500 ; gain = 1166.832
INFO: [Project 1-571] Translating synthesized netlist
Netlist sorting complete. Time (s): cpu = 00:00:00 ; elapsed = 00:00:00.097 . Memory (MB): peak = 3347.555 ; gain = 0.000
INFO: [Netlist 29-17] Analyzing 690 Unisim elements for replacement
INFO: [Netlist 29-28] Unisim Transformation completed in 0 CPU seconds
INFO: [Project 1-570] Preparing netlist for logic optimization
INFO: [Opt 31-138] Pushed 0 inverter(s) to 0 load pin(s).
Netlist sorting complete. Time (s): cpu = 00:00:00 ; elapsed = 00:00:00.002 . Memory (MB): peak = 3363.688 ; gain = 0.000
INFO: [Project 1-111] Unisim Transformation Summary:
  A total of 263 instances were transformed.
  BUFG => BUFGCE: 1 instance 
  DSP48E2 => DSP48E2 (DSP_ALU, DSP_A_B_DATA, DSP_C_DATA, DSP_MULTIPLIER, DSP_M_DATA, DSP_OUTPUT, DSP_PREADD, DSP_PREADD_DATA): 3 instances
  IBUF => IBUF (IBUFCTRL, INBUF): 259 instances

Synth Design complete, checksum: cd18427f
INFO: [Common 17-83] Releasing license: Synthesis
143 Infos, 163 Warnings, 0 Critical Warnings and 0 Errors encountered.
synth_design completed successfully
synth_design: Time (s): cpu = 00:01:17 ; elapsed = 00:01:27 . Memory (MB): peak = 3363.688 ; gain = 2362.480
# set bram_cells [get_cells -hier -filter {REF_NAME =~ RAMB*}]
# if {[llength $bram_cells] == 0} {
#     error "SPU synthesis did not infer any RAMB primitive."
# }
# puts "SPU BRAM inference passed: [llength $bram_cells] RAMB primitive(s)."
SPU BRAM inference passed: 64 RAMB primitive(s).
# report_utilization -file [file join $report_dir spu_synth_check_util.rpt]
# report_utilization -hierarchical -file [file join $report_dir spu_synth_check_util_hier.rpt]
# write_checkpoint -force [file join $report_dir spu_synth_check.dcp]
INFO: [Common 17-1381] The checkpoint 'D:/DOAN/DATN_RTL/DATN_VIVADO/manual_sim/spu_synth_check/spu_synth_check.dcp' has been generated.
# close_project
INFO: [Common 17-206] Exiting Vivado at Fri Jul 10 09:46:45 2026...
