#-----------------------------------------------------------
# Vivado v2022.2 (64-bit)
# SW Build 3671981 on Fri Oct 14 05:00:03 MDT 2022
# IP Build 3669848 on Fri Oct 14 08:30:02 MDT 2022
# Start of session at: Sat Jul 11 20:41:38 2026
# Process ID: 10172
# Current directory: D:/DOAN/DATN_RTL/DATN_VIVADO/manual_sim
# Command line: vivado.exe -mode batch -source run_spu_synth_check.tcl
# Log file: D:/DOAN/DATN_RTL/DATN_VIVADO/manual_sim/vivado.log
# Journal file: D:/DOAN/DATN_RTL/DATN_VIVADO/manual_sim\vivado.jou
# Running On: Cuong-Desktop, OS: Windows, CPU Frequency: 2496 MHz, CPU Physical cores: 6, Host memory: 16984 MB
#-----------------------------------------------------------
source run_spu_synth_check.tcl
# set origin_dir [file normalize [file dirname [info script]]]
# set rtl_dir [file normalize [file join $origin_dir .. .. RTL]]
# set report_dir [file join $origin_dir spu_synth_check]
# file mkdir $report_dir
# create_project -in_memory -part xczu7ev-ffvc1156-2-e
create_project: Time (s): cpu = 00:00:05 ; elapsed = 00:00:13 . Memory (MB): peak = 1002.723 ; gain = 118.328
# set_property XPM_LIBRARIES {XPM_MEMORY} [current_project]
# read_verilog -sv [file join $rtl_dir Dual_Port_BRAM.v]
# read_verilog -sv [file join $rtl_dir SPU_Quantize_Q8_0.v]
# read_verilog -sv [file join $rtl_dir SPU_Q8_Scale_Accum.v]
# read_verilog -sv [file join $rtl_dir SPU_SiLU_Mul.v]
# read_verilog -sv [file join $rtl_dir SPU_RMSNorm.v]
# read_verilog -sv [file join $rtl_dir SPU_RoPE.v]
# read_verilog -sv [file join $rtl_dir SPU_Softmax.v]
# read_verilog -sv [file join $rtl_dir SPU_Local_Memory.v]
# read_verilog -sv [file join $rtl_dir SPU_Controller.v]
# read_verilog -sv [file join $rtl_dir SPU_Top.v]
# synth_design -top SPU_Top -part xczu7ev-ffvc1156-2-e
Command: synth_design -top SPU_Top -part xczu7ev-ffvc1156-2-e
Starting synth_design
Attempting to get a license for feature 'Synthesis' and/or device 'xczu7ev'
INFO: [Common 17-349] Got license for feature 'Synthesis' and/or device 'xczu7ev'
INFO: [Device 21-403] Loading part xczu7ev-ffvc1156-2-e
INFO: [Synth 8-7079] Multithreading enabled for synth_design using a maximum of 2 processes.
INFO: [Synth 8-7078] Launching helper process for spawning children vivado processes
INFO: [Synth 8-7075] Helper process launched with PID 33496
INFO: [Synth 8-11241] undeclared symbol 'REGCCE', assumed default net type 'wire' [D:/Xlinx/Vivado/2022.2/data/verilog/src/unimacro/BRAM_SINGLE_MACRO.v:2170]
---------------------------------------------------------------------------------
Starting RTL Elaboration : Time (s): cpu = 00:00:05 ; elapsed = 00:00:07 . Memory (MB): peak = 2505.027 ; gain = 335.859
---------------------------------------------------------------------------------
INFO: [Synth 8-6157] synthesizing module 'SPU_Top' [D:/DOAN/DATN_RTL/RTL/SPU_Top.v:18]
INFO: [Synth 8-6157] synthesizing module 'SPU_SiLU_Mul' [D:/DOAN/DATN_RTL/RTL/SPU_SiLU_Mul.v:15]
INFO: [Synth 8-6155] done synthesizing module 'SPU_SiLU_Mul' (0#1) [D:/DOAN/DATN_RTL/RTL/SPU_SiLU_Mul.v:15]
INFO: [Synth 8-6157] synthesizing module 'SPU_RMSNorm' [D:/DOAN/DATN_RTL/RTL/SPU_RMSNorm.v:16]
INFO: [Synth 8-6155] done synthesizing module 'SPU_RMSNorm' (0#1) [D:/DOAN/DATN_RTL/RTL/SPU_RMSNorm.v:16]
INFO: [Synth 8-6157] synthesizing module 'SPU_RoPE' [D:/DOAN/DATN_RTL/RTL/SPU_RoPE.v:15]
INFO: [Synth 8-6155] done synthesizing module 'SPU_RoPE' (0#1) [D:/DOAN/DATN_RTL/RTL/SPU_RoPE.v:15]
INFO: [Synth 8-6157] synthesizing module 'SPU_Softmax' [D:/DOAN/DATN_RTL/RTL/SPU_Softmax.v:15]
INFO: [Synth 8-6155] done synthesizing module 'SPU_Softmax' (0#1) [D:/DOAN/DATN_RTL/RTL/SPU_Softmax.v:15]
INFO: [Synth 8-6157] synthesizing module 'SPU_Controller' [D:/DOAN/DATN_RTL/RTL/SPU_Controller.v:19]
	Parameter AXI_DATA_WIDTH bound to: 128 - type: integer 
	Parameter WORD_DEPTH bound to: 4096 - type: integer 
	Parameter SCALE_ACCUM_ROWS bound to: 256 - type: integer 
INFO: [Synth 8-6157] synthesizing module 'SPU_Quantize_Q8_0' [D:/DOAN/DATN_RTL/RTL/SPU_Quantize_Q8_0.v:16]
INFO: [Synth 8-6155] done synthesizing module 'SPU_Quantize_Q8_0' (0#1) [D:/DOAN/DATN_RTL/RTL/SPU_Quantize_Q8_0.v:16]
INFO: [Synth 8-6157] synthesizing module 'SPU_Q8_Scale_Accum' [D:/DOAN/DATN_RTL/RTL/SPU_Q8_Scale_Accum.v:19]
	Parameter ROW_ID_WIDTH bound to: 16 - type: integer 
	Parameter MAX_ROWS bound to: 256 - type: integer 
	Parameter ACC_WIDTH bound to: 64 - type: integer 
	Parameter FIXED_FRAC_BITS bound to: 16 - type: integer 
INFO: [Synth 8-6155] done synthesizing module 'SPU_Q8_Scale_Accum' (0#1) [D:/DOAN/DATN_RTL/RTL/SPU_Q8_Scale_Accum.v:19]
INFO: [Synth 8-6155] done synthesizing module 'SPU_Controller' (0#1) [D:/DOAN/DATN_RTL/RTL/SPU_Controller.v:19]
INFO: [Synth 8-6157] synthesizing module 'SPU_Local_Memory' [D:/DOAN/DATN_RTL/RTL/SPU_Local_Memory.v:25]
	Parameter AXI_DATA_WIDTH bound to: 128 - type: integer 
	Parameter WORD_DEPTH bound to: 4096 - type: integer 
INFO: [Synth 8-6157] synthesizing module 'Dual_Port_BRAM' [D:/DOAN/DATN_RTL/RTL/Dual_Port_BRAM.v:36]
	Parameter AWIDTH bound to: 12 - type: integer 
	Parameter DWIDTH bound to: 128 - type: integer 
	Parameter OUTPUT_REG bound to: 0 - type: integer 
	Parameter USE_URAM bound to: 0 - type: integer 
INFO: [Synth 8-6155] done synthesizing module 'Dual_Port_BRAM' (0#1) [D:/DOAN/DATN_RTL/RTL/Dual_Port_BRAM.v:36]
INFO: [Synth 8-6155] done synthesizing module 'SPU_Local_Memory' (0#1) [D:/DOAN/DATN_RTL/RTL/SPU_Local_Memory.v:25]
INFO: [Synth 8-6155] done synthesizing module 'SPU_Top' (0#1) [D:/DOAN/DATN_RTL/RTL/SPU_Top.v:18]
WARNING: [Synth 8-3917] design SPU_Top has port spu_caps[31] driven by constant 0
WARNING: [Synth 8-3917] design SPU_Top has port spu_caps[30] driven by constant 0
WARNING: [Synth 8-3917] design SPU_Top has port spu_caps[29] driven by constant 0
WARNING: [Synth 8-3917] design SPU_Top has port spu_caps[28] driven by constant 1
WARNING: [Synth 8-3917] design SPU_Top has port spu_caps[27] driven by constant 0
WARNING: [Synth 8-3917] design SPU_Top has port spu_caps[26] driven by constant 0
WARNING: [Synth 8-3917] design SPU_Top has port spu_caps[25] driven by constant 0
WARNING: [Synth 8-3917] design SPU_Top has port spu_caps[24] driven by constant 0
WARNING: [Synth 8-3917] design SPU_Top has port spu_caps[23] driven by constant 0
WARNING: [Synth 8-3917] design SPU_Top has port spu_caps[22] driven by constant 0
WARNING: [Synth 8-3917] design SPU_Top has port spu_caps[21] driven by constant 0
WARNING: [Synth 8-3917] design SPU_Top has port spu_caps[20] driven by constant 0
WARNING: [Synth 8-3917] design SPU_Top has port spu_caps[19] driven by constant 0
WARNING: [Synth 8-3917] design SPU_Top has port spu_caps[18] driven by constant 0
WARNING: [Synth 8-3917] design SPU_Top has port spu_caps[17] driven by constant 0
WARNING: [Synth 8-3917] design SPU_Top has port spu_caps[16] driven by constant 0
WARNING: [Synth 8-3917] design SPU_Top has port spu_caps[15] driven by constant 0
WARNING: [Synth 8-3917] design SPU_Top has port spu_caps[14] driven by constant 0
WARNING: [Synth 8-3917] design SPU_Top has port spu_caps[13] driven by constant 0
WARNING: [Synth 8-3917] design SPU_Top has port spu_caps[12] driven by constant 0
WARNING: [Synth 8-3917] design SPU_Top has port spu_caps[11] driven by constant 0
WARNING: [Synth 8-3917] design SPU_Top has port spu_caps[10] driven by constant 0
WARNING: [Synth 8-3917] design SPU_Top has port spu_caps[9] driven by constant 0
WARNING: [Synth 8-3917] design SPU_Top has port spu_caps[8] driven by constant 0
WARNING: [Synth 8-3917] design SPU_Top has port spu_caps[7] driven by constant 1
WARNING: [Synth 8-3917] design SPU_Top has port spu_caps[6] driven by constant 1
WARNING: [Synth 8-3917] design SPU_Top has port spu_caps[1] driven by constant 1
WARNING: [Synth 8-3917] design SPU_Top has port spu_caps[0] driven by constant 1
WARNING: [Synth 8-7129] Port aux0[31] in module SPU_Controller is either unconnected or has no load
WARNING: [Synth 8-7129] Port aux0[30] in module SPU_Controller is either unconnected or has no load
WARNING: [Synth 8-7129] Port aux0[29] in module SPU_Controller is either unconnected or has no load
WARNING: [Synth 8-7129] Port aux0[28] in module SPU_Controller is either unconnected or has no load
WARNING: [Synth 8-7129] Port aux0[27] in module SPU_Controller is either unconnected or has no load
WARNING: [Synth 8-7129] Port aux0[26] in module SPU_Controller is either unconnected or has no load
WARNING: [Synth 8-7129] Port aux0[25] in module SPU_Controller is either unconnected or has no load
WARNING: [Synth 8-7129] Port aux0[24] in module SPU_Controller is either unconnected or has no load
WARNING: [Synth 8-7129] Port aux0[23] in module SPU_Controller is either unconnected or has no load
WARNING: [Synth 8-7129] Port aux0[22] in module SPU_Controller is either unconnected or has no load
WARNING: [Synth 8-7129] Port aux0[21] in module SPU_Controller is either unconnected or has no load
WARNING: [Synth 8-7129] Port aux0[20] in module SPU_Controller is either unconnected or has no load
WARNING: [Synth 8-7129] Port aux0[19] in module SPU_Controller is either unconnected or has no load
WARNING: [Synth 8-7129] Port aux0[18] in module SPU_Controller is either unconnected or has no load
WARNING: [Synth 8-7129] Port aux0[17] in module SPU_Controller is either unconnected or has no load
WARNING: [Synth 8-7129] Port aux0[16] in module SPU_Controller is either unconnected or has no load
WARNING: [Synth 8-7129] Port aux0[15] in module SPU_Controller is either unconnected or has no load
WARNING: [Synth 8-7129] Port aux0[14] in module SPU_Controller is either unconnected or has no load
WARNING: [Synth 8-7129] Port aux0[13] in module SPU_Controller is either unconnected or has no load
WARNING: [Synth 8-7129] Port aux0[12] in module SPU_Controller is either unconnected or has no load
WARNING: [Synth 8-7129] Port aux0[11] in module SPU_Controller is either unconnected or has no load
WARNING: [Synth 8-7129] Port aux0[10] in module SPU_Controller is either unconnected or has no load
WARNING: [Synth 8-7129] Port aux0[9] in module SPU_Controller is either unconnected or has no load
WARNING: [Synth 8-7129] Port aux0[8] in module SPU_Controller is either unconnected or has no load
WARNING: [Synth 8-7129] Port aux0[7] in module SPU_Controller is either unconnected or has no load
WARNING: [Synth 8-7129] Port aux0[6] in module SPU_Controller is either unconnected or has no load
WARNING: [Synth 8-7129] Port aux0[5] in module SPU_Controller is either unconnected or has no load
WARNING: [Synth 8-7129] Port aux0[4] in module SPU_Controller is either unconnected or has no load
WARNING: [Synth 8-7129] Port aux0[3] in module SPU_Controller is either unconnected or has no load
WARNING: [Synth 8-7129] Port aux0[2] in module SPU_Controller is either unconnected or has no load
WARNING: [Synth 8-7129] Port aux0[1] in module SPU_Controller is either unconnected or has no load
WARNING: [Synth 8-7129] Port aux0[0] in module SPU_Controller is either unconnected or has no load
WARNING: [Synth 8-7129] Port aux1[31] in module SPU_Controller is either unconnected or has no load
WARNING: [Synth 8-7129] Port aux1[30] in module SPU_Controller is either unconnected or has no load
WARNING: [Synth 8-7129] Port aux1[29] in module SPU_Controller is either unconnected or has no load
WARNING: [Synth 8-7129] Port aux1[28] in module SPU_Controller is either unconnected or has no load
WARNING: [Synth 8-7129] Port aux1[27] in module SPU_Controller is either unconnected or has no load
WARNING: [Synth 8-7129] Port aux1[26] in module SPU_Controller is either unconnected or has no load
WARNING: [Synth 8-7129] Port aux1[25] in module SPU_Controller is either unconnected or has no load
WARNING: [Synth 8-7129] Port aux1[24] in module SPU_Controller is either unconnected or has no load
WARNING: [Synth 8-7129] Port aux1[23] in module SPU_Controller is either unconnected or has no load
WARNING: [Synth 8-7129] Port aux1[22] in module SPU_Controller is either unconnected or has no load
WARNING: [Synth 8-7129] Port aux1[21] in module SPU_Controller is either unconnected or has no load
WARNING: [Synth 8-7129] Port aux1[20] in module SPU_Controller is either unconnected or has no load
WARNING: [Synth 8-7129] Port aux1[19] in module SPU_Controller is either unconnected or has no load
WARNING: [Synth 8-7129] Port aux1[18] in module SPU_Controller is either unconnected or has no load
WARNING: [Synth 8-7129] Port aux1[17] in module SPU_Controller is either unconnected or has no load
WARNING: [Synth 8-7129] Port aux1[16] in module SPU_Controller is either unconnected or has no load
WARNING: [Synth 8-7129] Port aux1[15] in module SPU_Controller is either unconnected or has no load
WARNING: [Synth 8-7129] Port aux1[14] in module SPU_Controller is either unconnected or has no load
WARNING: [Synth 8-7129] Port aux1[13] in module SPU_Controller is either unconnected or has no load
WARNING: [Synth 8-7129] Port aux1[12] in module SPU_Controller is either unconnected or has no load
WARNING: [Synth 8-7129] Port aux1[11] in module SPU_Controller is either unconnected or has no load
WARNING: [Synth 8-7129] Port aux1[10] in module SPU_Controller is either unconnected or has no load
WARNING: [Synth 8-7129] Port aux1[9] in module SPU_Controller is either unconnected or has no load
WARNING: [Synth 8-7129] Port aux1[8] in module SPU_Controller is either unconnected or has no load
WARNING: [Synth 8-7129] Port aux1[7] in module SPU_Controller is either unconnected or has no load
WARNING: [Synth 8-7129] Port aux1[6] in module SPU_Controller is either unconnected or has no load
WARNING: [Synth 8-7129] Port aux1[5] in module SPU_Controller is either unconnected or has no load
WARNING: [Synth 8-7129] Port aux1[4] in module SPU_Controller is either unconnected or has no load
WARNING: [Synth 8-7129] Port aux1[3] in module SPU_Controller is either unconnected or has no load
WARNING: [Synth 8-7129] Port aux1[2] in module SPU_Controller is either unconnected or has no load
WARNING: [Synth 8-7129] Port aux1[1] in module SPU_Controller is either unconnected or has no load
WARNING: [Synth 8-7129] Port aux1[0] in module SPU_Controller is either unconnected or has no load
---------------------------------------------------------------------------------
Finished RTL Elaboration : Time (s): cpu = 00:00:07 ; elapsed = 00:00:09 . Memory (MB): peak = 2626.734 ; gain = 457.566
---------------------------------------------------------------------------------
---------------------------------------------------------------------------------
Start Handling Custom Attributes
---------------------------------------------------------------------------------
---------------------------------------------------------------------------------
Finished Handling Custom Attributes : Time (s): cpu = 00:00:07 ; elapsed = 00:00:10 . Memory (MB): peak = 2640.125 ; gain = 470.957
---------------------------------------------------------------------------------
---------------------------------------------------------------------------------
Finished RTL Optimization Phase 1 : Time (s): cpu = 00:00:07 ; elapsed = 00:00:10 . Memory (MB): peak = 2640.125 ; gain = 470.957
---------------------------------------------------------------------------------
Netlist sorting complete. Time (s): cpu = 00:00:00 ; elapsed = 00:00:00.152 . Memory (MB): peak = 2640.125 ; gain = 0.000
INFO: [Project 1-570] Preparing netlist for logic optimization

Processing XDC Constraints
Initializing timing engine
Completed Processing XDC Constraints

Netlist sorting complete. Time (s): cpu = 00:00:00 ; elapsed = 00:00:00.001 . Memory (MB): peak = 2746.754 ; gain = 0.000
INFO: [Project 1-111] Unisim Transformation Summary:
No Unisim elements were transformed.

Constraint Validation Runtime : Time (s): cpu = 00:00:00 ; elapsed = 00:00:00.085 . Memory (MB): peak = 2746.754 ; gain = 0.000
INFO: [Synth 8-11241] undeclared symbol 'REGCCE', assumed default net type 'wire' [D:/Xlinx/Vivado/2022.2/data/verilog/src/unimacro/BRAM_SINGLE_MACRO.v:2170]
---------------------------------------------------------------------------------
Finished Constraint Validation : Time (s): cpu = 00:00:15 ; elapsed = 00:00:20 . Memory (MB): peak = 2746.754 ; gain = 577.586
---------------------------------------------------------------------------------
---------------------------------------------------------------------------------
Start Loading Part and Timing Information
---------------------------------------------------------------------------------
Loading part: xczu7ev-ffvc1156-2-e
INFO: [Synth 8-6742] Reading net delay rules and data
---------------------------------------------------------------------------------
Finished Loading Part and Timing Information : Time (s): cpu = 00:00:15 ; elapsed = 00:00:20 . Memory (MB): peak = 2746.754 ; gain = 577.586
---------------------------------------------------------------------------------
---------------------------------------------------------------------------------
Start Applying 'set_property' XDC Constraints
---------------------------------------------------------------------------------
---------------------------------------------------------------------------------
Finished applying 'set_property' XDC Constraints : Time (s): cpu = 00:00:15 ; elapsed = 00:00:20 . Memory (MB): peak = 2746.754 ; gain = 577.586
---------------------------------------------------------------------------------
INFO: [Synth 8-802] inferred FSM for state register 'state_r_reg' in module 'SPU_Quantize_Q8_0'
INFO: [Synth 8-3971] The signal "Dual_Port_BRAM:/GEN_BLOCK_RAM.mem_reg" was recognized as a true dual port RAM template.
---------------------------------------------------------------------------------
Finished RTL Optimization Phase 2 : Time (s): cpu = 00:00:18 ; elapsed = 00:00:23 . Memory (MB): peak = 2746.754 ; gain = 577.586
---------------------------------------------------------------------------------
---------------------------------------------------------------------------------
Start RTL Component Statistics 
---------------------------------------------------------------------------------
Detailed RTL Component Info : 
+---Adders : 
	   2 Input   64 Bit       Adders := 1     
	   2 Input   32 Bit       Adders := 12    
	   4 Input   23 Bit       Adders := 1     
	   3 Input   17 Bit       Adders := 1     
	   2 Input   16 Bit       Adders := 1     
	   2 Input    8 Bit       Adders := 1     
	   2 Input    6 Bit       Adders := 2     
	   2 Input    5 Bit       Adders := 2     
	   2 Input    2 Bit       Adders := 1     
+---Registers : 
	              512 Bit    Registers := 2     
	              256 Bit    Registers := 1     
	              128 Bit    Registers := 10    
	               64 Bit    Registers := 4     
	               32 Bit    Registers := 8     
	               23 Bit    Registers := 2     
	               17 Bit    Registers := 1     
	               16 Bit    Registers := 7     
	                5 Bit    Registers := 4     
	                4 Bit    Registers := 1     
	                3 Bit    Registers := 1     
	                2 Bit    Registers := 4     
	                1 Bit    Registers := 24    
+---Multipliers : 
	              32x32  Multipliers := 1     
	              32x64  Multipliers := 1     
+---RAMs : 
	             512K Bit	(4096 X 128 bit)          RAMs := 4     
	              16K Bit	(256 X 64 bit)          RAMs := 1     
+---Muxes : 
	   2 Input  512 Bit        Muxes := 1     
	  23 Input  512 Bit        Muxes := 1     
	   2 Input  256 Bit        Muxes := 2     
	   4 Input  256 Bit        Muxes := 2     
	  23 Input  128 Bit        Muxes := 2     
	   2 Input  128 Bit        Muxes := 240   
	   5 Input  128 Bit        Muxes := 2     
	   2 Input   64 Bit        Muxes := 3     
	   2 Input   32 Bit        Muxes := 4     
	  23 Input   32 Bit        Muxes := 3     
	   7 Input   32 Bit        Muxes := 1     
	   4 Input   23 Bit        Muxes := 1     
	   2 Input   17 Bit        Muxes := 1     
	   4 Input   17 Bit        Muxes := 1     
	   2 Input   16 Bit        Muxes := 19    
	   4 Input   16 Bit        Muxes := 1     
	  23 Input   16 Bit        Muxes := 1     
	   2 Input   12 Bit        Muxes := 4     
	   2 Input    8 Bit        Muxes := 11    
	   2 Input    5 Bit        Muxes := 7     
	   4 Input    5 Bit        Muxes := 2     
	   2 Input    4 Bit        Muxes := 7     
	   4 Input    4 Bit        Muxes := 1     
	   4 Input    3 Bit        Muxes := 1     
	  23 Input    3 Bit        Muxes := 2     
	   2 Input    2 Bit        Muxes := 12    
	   4 Input    2 Bit        Muxes := 3     
	   3 Input    2 Bit        Muxes := 1     
	  23 Input    2 Bit        Muxes := 6     
	   2 Input    1 Bit        Muxes := 48    
	   4 Input    1 Bit        Muxes := 29    
	  23 Input    1 Bit        Muxes := 10    
---------------------------------------------------------------------------------
Finished RTL Component Statistics 
---------------------------------------------------------------------------------
---------------------------------------------------------------------------------
Start Part Resource Summary
---------------------------------------------------------------------------------
Part Resources:
DSPs: 1728 (col length:144)
BRAMs: 624 (col length: RAMB18 144 RAMB36 72)
---------------------------------------------------------------------------------
Finished Part Resource Summary
---------------------------------------------------------------------------------
---------------------------------------------------------------------------------
Start Cross Boundary and Area Optimization
---------------------------------------------------------------------------------
WARNING: [Synth 8-7080] Parallel synthesis criteria is not met
DSP Report: Generating DSP product_scale_q16_r1, operation Mode is: A2*B2.
DSP Report: register act_scale_q16_r_reg is absorbed into DSP product_scale_q16_r1.
DSP Report: register product_scale_q16_r1 is absorbed into DSP product_scale_q16_r1.
DSP Report: operator product_scale_q16_r1 is absorbed into DSP product_scale_q16_r1.
DSP Report: operator product_scale_q16_r1 is absorbed into DSP product_scale_q16_r1.
DSP Report: Generating DSP product_scale_q16_r1, operation Mode is: (PCIN>>17)+A2*B2.
DSP Report: register weight_scale_q16_r_reg is absorbed into DSP product_scale_q16_r1.
DSP Report: register act_scale_q16_r_reg is absorbed into DSP product_scale_q16_r1.
DSP Report: operator product_scale_q16_r1 is absorbed into DSP product_scale_q16_r1.
DSP Report: operator product_scale_q16_r1 is absorbed into DSP product_scale_q16_r1.
DSP Report: Generating DSP product_scale_q16_r1, operation Mode is: A2*B2.
DSP Report: register product_scale_q16_r1 is absorbed into DSP product_scale_q16_r1.
DSP Report: register product_scale_q16_r1 is absorbed into DSP product_scale_q16_r1.
DSP Report: operator product_scale_q16_r1 is absorbed into DSP product_scale_q16_r1.
DSP Report: operator product_scale_q16_r1 is absorbed into DSP product_scale_q16_r1.
DSP Report: Generating DSP product_scale_q16_r1, operation Mode is: (PCIN>>17)+A2*B2.
DSP Report: register weight_scale_q16_r_reg is absorbed into DSP product_scale_q16_r1.
DSP Report: register product_scale_q16_r1 is absorbed into DSP product_scale_q16_r1.
DSP Report: operator product_scale_q16_r1 is absorbed into DSP product_scale_q16_r1.
DSP Report: operator product_scale_q16_r1 is absorbed into DSP product_scale_q16_r1.
DSP Report: Generating DSP contribution_full_w, operation Mode is: A2*B.
DSP Report: register contribution_full_w is absorbed into DSP contribution_full_w.
DSP Report: operator contribution_full_w is absorbed into DSP contribution_full_w.
DSP Report: operator contribution_full_w is absorbed into DSP contribution_full_w.
DSP Report: Generating DSP contribution_full_w, operation Mode is: (PCIN>>17)+A*B2.
DSP Report: register contribution_full_w is absorbed into DSP contribution_full_w.
DSP Report: operator contribution_full_w is absorbed into DSP contribution_full_w.
DSP Report: operator contribution_full_w is absorbed into DSP contribution_full_w.
DSP Report: Generating DSP contribution_full_w, operation Mode is: A2*B2.
DSP Report: register contribution_full_w is absorbed into DSP contribution_full_w.
DSP Report: register contribution_full_w is absorbed into DSP contribution_full_w.
DSP Report: operator contribution_full_w is absorbed into DSP contribution_full_w.
DSP Report: operator contribution_full_w is absorbed into DSP contribution_full_w.
DSP Report: Generating DSP contribution_full_w, operation Mode is: PCIN+A2*B.
DSP Report: register contribution_full_w is absorbed into DSP contribution_full_w.
DSP Report: operator contribution_full_w is absorbed into DSP contribution_full_w.
DSP Report: operator contribution_full_w is absorbed into DSP contribution_full_w.
DSP Report: Generating DSP contribution_full_w, operation Mode is: (PCIN>>17)+A2*B2.
DSP Report: register contribution_full_w is absorbed into DSP contribution_full_w.
DSP Report: register contribution_full_w is absorbed into DSP contribution_full_w.
DSP Report: operator contribution_full_w is absorbed into DSP contribution_full_w.
DSP Report: operator contribution_full_w is absorbed into DSP contribution_full_w.
DSP Report: Generating DSP contribution_full_w, operation Mode is: A2*B2.
DSP Report: register contribution_full_w is absorbed into DSP contribution_full_w.
DSP Report: register contribution_full_w is absorbed into DSP contribution_full_w.
DSP Report: operator contribution_full_w is absorbed into DSP contribution_full_w.
DSP Report: operator contribution_full_w is absorbed into DSP contribution_full_w.
DSP Report: Generating DSP contribution_full_w, operation Mode is: (PCIN>>17)+A2*B2.
DSP Report: register contribution_full_w is absorbed into DSP contribution_full_w.
DSP Report: register contribution_full_w is absorbed into DSP contribution_full_w.
DSP Report: operator contribution_full_w is absorbed into DSP contribution_full_w.
DSP Report: operator contribution_full_w is absorbed into DSP contribution_full_w.
DSP Report: Generating DSP contribution_full_w, operation Mode is: PCIN+A2*B.
DSP Report: register contribution_full_w is absorbed into DSP contribution_full_w.
DSP Report: operator contribution_full_w is absorbed into DSP contribution_full_w.
DSP Report: operator contribution_full_w is absorbed into DSP contribution_full_w.
WARNING: [Synth 8-3917] design SPU_Top has port spu_caps[31] driven by constant 0
WARNING: [Synth 8-3917] design SPU_Top has port spu_caps[30] driven by constant 0
WARNING: [Synth 8-3917] design SPU_Top has port spu_caps[29] driven by constant 0
WARNING: [Synth 8-3917] design SPU_Top has port spu_caps[28] driven by constant 1
WARNING: [Synth 8-3917] design SPU_Top has port spu_caps[27] driven by constant 0
WARNING: [Synth 8-3917] design SPU_Top has port spu_caps[26] driven by constant 0
WARNING: [Synth 8-3917] design SPU_Top has port spu_caps[25] driven by constant 0
WARNING: [Synth 8-3917] design SPU_Top has port spu_caps[24] driven by constant 0
WARNING: [Synth 8-3917] design SPU_Top has port spu_caps[23] driven by constant 0
WARNING: [Synth 8-3917] design SPU_Top has port spu_caps[22] driven by constant 0
WARNING: [Synth 8-3917] design SPU_Top has port spu_caps[21] driven by constant 0
WARNING: [Synth 8-3917] design SPU_Top has port spu_caps[20] driven by constant 0
WARNING: [Synth 8-3917] design SPU_Top has port spu_caps[19] driven by constant 0
WARNING: [Synth 8-3917] design SPU_Top has port spu_caps[18] driven by constant 0
WARNING: [Synth 8-3917] design SPU_Top has port spu_caps[17] driven by constant 0
WARNING: [Synth 8-3917] design SPU_Top has port spu_caps[16] driven by constant 0
WARNING: [Synth 8-3917] design SPU_Top has port spu_caps[15] driven by constant 0
WARNING: [Synth 8-3917] design SPU_Top has port spu_caps[14] driven by constant 0
WARNING: [Synth 8-3917] design SPU_Top has port spu_caps[13] driven by constant 0
WARNING: [Synth 8-3917] design SPU_Top has port spu_caps[12] driven by constant 0
WARNING: [Synth 8-3917] design SPU_Top has port spu_caps[11] driven by constant 0
WARNING: [Synth 8-3917] design SPU_Top has port spu_caps[10] driven by constant 0
WARNING: [Synth 8-3917] design SPU_Top has port spu_caps[9] driven by constant 0
WARNING: [Synth 8-3917] design SPU_Top has port spu_caps[8] driven by constant 0
WARNING: [Synth 8-3917] design SPU_Top has port spu_caps[7] driven by constant 1
WARNING: [Synth 8-3917] design SPU_Top has port spu_caps[6] driven by constant 1
WARNING: [Synth 8-3917] design SPU_Top has port spu_caps[1] driven by constant 1
WARNING: [Synth 8-3917] design SPU_Top has port spu_caps[0] driven by constant 1
WARNING: [Synth 8-6849] Infeasible attribute ram_style = "block" set for RAM "i_0/u_spu_controller/u_q8_scale_accum/accum_mem_reg",trying to implement using LUTRAM
WARNING: [Synth 8-6849] Infeasible attribute ram_style = "block" set for RAM "i_0/u_spu_controller/u_q8_scale_accum/accum_mem_reg",trying to implement using LUTRAM
INFO: [Synth 8-3971] The signal "i_1/\u_spu_local_memory/u_spu_in_ram /GEN_BLOCK_RAM.mem_reg" was recognized as a true dual port RAM template.
INFO: [Synth 8-3971] The signal "i_1/\u_spu_local_memory/u_spu_out_ram /GEN_BLOCK_RAM.mem_reg" was recognized as a true dual port RAM template.
INFO: [Synth 8-3971] The signal "i_1/\u_spu_local_memory/u_spu_param_ram /GEN_BLOCK_RAM.mem_reg" was recognized as a true dual port RAM template.
INFO: [Synth 8-3971] The signal "i_1/\u_spu_local_memory/u_spu_scratch_ram /GEN_BLOCK_RAM.mem_reg" was recognized as a true dual port RAM template.
---------------------------------------------------------------------------------
Finished Cross Boundary and Area Optimization : Time (s): cpu = 00:00:37 ; elapsed = 00:00:45 . Memory (MB): peak = 2746.754 ; gain = 577.586
---------------------------------------------------------------------------------
---------------------------------------------------------------------------------
Start ROM, RAM, DSP, Shift Register and Retiming Reporting
---------------------------------------------------------------------------------

ROM: Preliminary Mapping Report
+---------------+------------+---------------+----------------+
|Module Name    | RTL Object | Depth x Width | Implemented As | 
+---------------+------------+---------------+----------------+
|SPU_Controller | mem_en     | 32x1          | LUT            | 
|SPU_Controller | mem_we     | 32x1          | LUT            | 
|SPU_Controller | mem_en     | 32x1          | LUT            | 
|SPU_Controller | mem_we     | 32x1          | LUT            | 
+---------------+------------+---------------+----------------+


Block RAM: Preliminary Mapping Report (see note below)
+-------------------------------------------+-----------------------+------------------------+---+---+------------------------+---+---+------------------+--------+--------+-----------------+
|Module Name                                | RTL Object            | PORT A (Depth x Width) | W | R | PORT B (Depth x Width) | W | R | Ports driving FF | RAMB18 | RAMB36 | Cascade Heights | 
+-------------------------------------------+-----------------------+------------------------+---+---+------------------------+---+---+------------------+--------+--------+-----------------+
|i_1/\u_spu_local_memory/u_spu_in_ram       | GEN_BLOCK_RAM.mem_reg | 4 K x 128(READ_FIRST)  | W | R | 4 K x 128(READ_FIRST)  | W | R | Port A and B     | 0      | 16     |                 | 
|i_1/\u_spu_local_memory/u_spu_out_ram      | GEN_BLOCK_RAM.mem_reg | 4 K x 128(READ_FIRST)  | W | R | 4 K x 128(READ_FIRST)  | W | R | Port A and B     | 0      | 16     |                 | 
|i_1/\u_spu_local_memory/u_spu_param_ram    | GEN_BLOCK_RAM.mem_reg | 4 K x 128(READ_FIRST)  | W | R | 4 K x 128(READ_FIRST)  | W | R | Port A and B     | 0      | 16     |                 | 
|i_1/\u_spu_local_memory/u_spu_scratch_ram  | GEN_BLOCK_RAM.mem_reg | 4 K x 128(READ_FIRST)  | W | R | 4 K x 128(READ_FIRST)  | W | R | Port A and B     | 0      | 16     |                 | 
+-------------------------------------------+-----------------------+------------------------+---+---+------------------------+---+---+------------------+--------+--------+-----------------+

Note: The table above is a preliminary report that shows the Block RAMs at the current stage of the synthesis flow. Some Block RAMs may be reimplemented as non Block RAM primitives later in the synthesis flow. Multiple instantiated Block RAMs are reported only once. 

Distributed RAM: Preliminary Mapping Report (see note below)
+--------------------------------------+---------------+-----------+----------------------+-----------------+
|Module Name                           | RTL Object    | Inference | Size (Depth x Width) | Primitives      | 
+--------------------------------------+---------------+-----------+----------------------+-----------------+
|i_0/u_spu_controller/u_q8_scale_accum | accum_mem_reg | Implied   | 256 x 64             | RAM256X1S x 64  | 
+--------------------------------------+---------------+-----------+----------------------+-----------------+

Note: The table above is a preliminary report that shows the Distributed RAMs at the current stage of the synthesis flow. Some Distributed RAMs may be reimplemented as non Distributed RAM primitives later in the synthesis flow. Multiple instantiated RAMs are reported only once.

DSP: Preliminary Mapping Report (see note below. The ' indicates corresponding REG is set)
+-------------------+------------------+--------+--------+--------+--------+--------+------+------+------+------+-------+------+------+
|Module Name        | DSP Mapping      | A Size | B Size | C Size | D Size | P Size | AREG | BREG | CREG | DREG | ADREG | MREG | PREG | 
+-------------------+------------------+--------+--------+--------+--------+--------+------+------+------+------+-------+------+------+
|SPU_Q8_Scale_Accum | A2*B2            | 18     | 16     | -      | -      | 48     | 1    | 1    | -    | -    | -     | 0    | 0    | 
|SPU_Q8_Scale_Accum | (PCIN>>17)+A2*B2 | 16     | 16     | -      | -      | 48     | 1    | 1    | -    | -    | -     | 0    | 0    | 
|SPU_Q8_Scale_Accum | A2*B2            | 18     | 18     | -      | -      | 48     | 1    | 1    | -    | -    | -     | 0    | 0    | 
|SPU_Q8_Scale_Accum | (PCIN>>17)+A2*B2 | 18     | 16     | -      | -      | 48     | 1    | 1    | -    | -    | -     | 0    | 0    | 
|SPU_Q8_Scale_Accum | A2*B             | 18     | 15     | -      | -      | 48     | 1    | 0    | -    | -    | -     | 0    | 0    | 
|SPU_Q8_Scale_Accum | (PCIN>>17)+A*B2  | 15     | 13     | -      | -      | 48     | 0    | 1    | -    | -    | -     | 0    | 0    | 
|SPU_Q8_Scale_Accum | A2*B2            | 18     | 18     | -      | -      | 48     | 1    | 1    | -    | -    | -     | 0    | 0    | 
|SPU_Q8_Scale_Accum | PCIN+A2*B        | 18     | 15     | -      | -      | 48     | 1    | 0    | -    | -    | -     | 0    | 0    | 
|SPU_Q8_Scale_Accum | (PCIN>>17)+A2*B2 | 18     | 13     | -      | -      | 48     | 1    | 1    | -    | -    | -     | 0    | 0    | 
|SPU_Q8_Scale_Accum | A2*B2            | 18     | 18     | -      | -      | 48     | 1    | 1    | -    | -    | -     | 0    | 0    | 
|SPU_Q8_Scale_Accum | (PCIN>>17)+A2*B2 | 18     | 18     | -      | -      | 48     | 1    | 1    | -    | -    | -     | 0    | 0    | 
|SPU_Q8_Scale_Accum | PCIN+A2*B        | 18     | 15     | -      | -      | 48     | 1    | 0    | -    | -    | -     | 0    | 0    | 
+-------------------+------------------+--------+--------+--------+--------+--------+------+------+------+------+-------+------+------+

Note: The table above is a preliminary report that shows the DSPs inferred at the current stage of the synthesis flow. Some DSP may be reimplemented as non DSP primitives later in the synthesis flow. Multiple instantiated DSPs are reported only once.
---------------------------------------------------------------------------------
Finished ROM, RAM, DSP, Shift Register and Retiming Reporting
---------------------------------------------------------------------------------
---------------------------------------------------------------------------------
Start Applying XDC Timing Constraints
---------------------------------------------------------------------------------
---------------------------------------------------------------------------------
Finished Applying XDC Timing Constraints : Time (s): cpu = 00:00:51 ; elapsed = 00:01:05 . Memory (MB): peak = 3222.496 ; gain = 1053.328
---------------------------------------------------------------------------------
---------------------------------------------------------------------------------
Start Timing Optimization
---------------------------------------------------------------------------------
---------------------------------------------------------------------------------
Finished Timing Optimization : Time (s): cpu = 00:00:51 ; elapsed = 00:01:05 . Memory (MB): peak = 3222.496 ; gain = 1053.328
---------------------------------------------------------------------------------
---------------------------------------------------------------------------------
Start ROM, RAM, DSP, Shift Register and Retiming Reporting
---------------------------------------------------------------------------------

Block RAM: Final Mapping Report
+-------------------------------------------+-----------------------+------------------------+---+---+------------------------+---+---+------------------+--------+--------+-----------------+
|Module Name                                | RTL Object            | PORT A (Depth x Width) | W | R | PORT B (Depth x Width) | W | R | Ports driving FF | RAMB18 | RAMB36 | Cascade Heights | 
+-------------------------------------------+-----------------------+------------------------+---+---+------------------------+---+---+------------------+--------+--------+-----------------+
|i_1/\u_spu_local_memory/u_spu_in_ram       | GEN_BLOCK_RAM.mem_reg | 4 K x 128(READ_FIRST)  | W | R | 4 K x 128(READ_FIRST)  | W | R | Port A and B     | 0      | 16     |                 | 
|i_1/\u_spu_local_memory/u_spu_out_ram      | GEN_BLOCK_RAM.mem_reg | 4 K x 128(READ_FIRST)  | W | R | 4 K x 128(READ_FIRST)  | W | R | Port A and B     | 0      | 16     |                 | 
|i_1/\u_spu_local_memory/u_spu_param_ram    | GEN_BLOCK_RAM.mem_reg | 4 K x 128(READ_FIRST)  | W | R | 4 K x 128(READ_FIRST)  | W | R | Port A and B     | 0      | 16     |                 | 
|i_1/\u_spu_local_memory/u_spu_scratch_ram  | GEN_BLOCK_RAM.mem_reg | 4 K x 128(READ_FIRST)  | W | R | 4 K x 128(READ_FIRST)  | W | R | Port A and B     | 0      | 16     |                 | 
+-------------------------------------------+-----------------------+------------------------+---+---+------------------------+---+---+------------------+--------+--------+-----------------+


Distributed RAM: Final Mapping Report
+--------------------------------------+---------------+-----------+----------------------+-----------------+
|Module Name                           | RTL Object    | Inference | Size (Depth x Width) | Primitives      | 
+--------------------------------------+---------------+-----------+----------------------+-----------------+
|i_0/u_spu_controller/u_q8_scale_accum | accum_mem_reg | Implied   | 256 x 64             | RAM256X1S x 64  | 
+--------------------------------------+---------------+-----------+----------------------+-----------------+

---------------------------------------------------------------------------------
Finished ROM, RAM, DSP, Shift Register and Retiming Reporting
---------------------------------------------------------------------------------
---------------------------------------------------------------------------------
Start Technology Mapping
---------------------------------------------------------------------------------
INFO: [Synth 8-7052] The timing for the instance u_spu_local_memory/u_spu_in_ram/GEN_BLOCK_RAM.mem_reg_0 (implemented as a Block RAM) might be sub-optimal as no optional output register could be merged into the ram block. Providing additional output register may help in improving timing.
INFO: [Synth 8-7052] The timing for the instance u_spu_local_memory/u_spu_in_ram/GEN_BLOCK_RAM.mem_reg_0 (implemented as a Block RAM) might be sub-optimal as no optional output register could be merged into the ram block. Providing additional output register may help in improving timing.
INFO: [Synth 8-7052] The timing for the instance u_spu_local_memory/u_spu_in_ram/GEN_BLOCK_RAM.mem_reg_1 (implemented as a Block RAM) might be sub-optimal as no optional output register could be merged into the ram block. Providing additional output register may help in improving timing.
INFO: [Synth 8-7052] The timing for the instance u_spu_local_memory/u_spu_in_ram/GEN_BLOCK_RAM.mem_reg_1 (implemented as a Block RAM) might be sub-optimal as no optional output register could be merged into the ram block. Providing additional output register may help in improving timing.
INFO: [Synth 8-7052] The timing for the instance u_spu_local_memory/u_spu_in_ram/GEN_BLOCK_RAM.mem_reg_2 (implemented as a Block RAM) might be sub-optimal as no optional output register could be merged into the ram block. Providing additional output register may help in improving timing.
INFO: [Synth 8-7052] The timing for the instance u_spu_local_memory/u_spu_in_ram/GEN_BLOCK_RAM.mem_reg_2 (implemented as a Block RAM) might be sub-optimal as no optional output register could be merged into the ram block. Providing additional output register may help in improving timing.
INFO: [Synth 8-7052] The timing for the instance u_spu_local_memory/u_spu_in_ram/GEN_BLOCK_RAM.mem_reg_3 (implemented as a Block RAM) might be sub-optimal as no optional output register could be merged into the ram block. Providing additional output register may help in improving timing.
INFO: [Synth 8-7052] The timing for the instance u_spu_local_memory/u_spu_in_ram/GEN_BLOCK_RAM.mem_reg_3 (implemented as a Block RAM) might be sub-optimal as no optional output register could be merged into the ram block. Providing additional output register may help in improving timing.
INFO: [Synth 8-7052] The timing for the instance u_spu_local_memory/u_spu_in_ram/GEN_BLOCK_RAM.mem_reg_4 (implemented as a Block RAM) might be sub-optimal as no optional output register could be merged into the ram block. Providing additional output register may help in improving timing.
INFO: [Synth 8-7052] The timing for the instance u_spu_local_memory/u_spu_in_ram/GEN_BLOCK_RAM.mem_reg_4 (implemented as a Block RAM) might be sub-optimal as no optional output register could be merged into the ram block. Providing additional output register may help in improving timing.
INFO: [Synth 8-7052] The timing for the instance u_spu_local_memory/u_spu_in_ram/GEN_BLOCK_RAM.mem_reg_5 (implemented as a Block RAM) might be sub-optimal as no optional output register could be merged into the ram block. Providing additional output register may help in improving timing.
INFO: [Synth 8-7052] The timing for the instance u_spu_local_memory/u_spu_in_ram/GEN_BLOCK_RAM.mem_reg_5 (implemented as a Block RAM) might be sub-optimal as no optional output register could be merged into the ram block. Providing additional output register may help in improving timing.
INFO: [Synth 8-7052] The timing for the instance u_spu_local_memory/u_spu_in_ram/GEN_BLOCK_RAM.mem_reg_6 (implemented as a Block RAM) might be sub-optimal as no optional output register could be merged into the ram block. Providing additional output register may help in improving timing.
INFO: [Synth 8-7052] The timing for the instance u_spu_local_memory/u_spu_in_ram/GEN_BLOCK_RAM.mem_reg_6 (implemented as a Block RAM) might be sub-optimal as no optional output register could be merged into the ram block. Providing additional output register may help in improving timing.
INFO: [Synth 8-7052] The timing for the instance u_spu_local_memory/u_spu_in_ram/GEN_BLOCK_RAM.mem_reg_7 (implemented as a Block RAM) might be sub-optimal as no optional output register could be merged into the ram block. Providing additional output register may help in improving timing.
INFO: [Synth 8-7052] The timing for the instance u_spu_local_memory/u_spu_in_ram/GEN_BLOCK_RAM.mem_reg_7 (implemented as a Block RAM) might be sub-optimal as no optional output register could be merged into the ram block. Providing additional output register may help in improving timing.
INFO: [Synth 8-7052] The timing for the instance u_spu_local_memory/u_spu_in_ram/GEN_BLOCK_RAM.mem_reg_8 (implemented as a Block RAM) might be sub-optimal as no optional output register could be merged into the ram block. Providing additional output register may help in improving timing.
INFO: [Synth 8-7052] The timing for the instance u_spu_local_memory/u_spu_in_ram/GEN_BLOCK_RAM.mem_reg_8 (implemented as a Block RAM) might be sub-optimal as no optional output register could be merged into the ram block. Providing additional output register may help in improving timing.
INFO: [Synth 8-7052] The timing for the instance u_spu_local_memory/u_spu_in_ram/GEN_BLOCK_RAM.mem_reg_9 (implemented as a Block RAM) might be sub-optimal as no optional output register could be merged into the ram block. Providing additional output register may help in improving timing.
INFO: [Synth 8-7052] The timing for the instance u_spu_local_memory/u_spu_in_ram/GEN_BLOCK_RAM.mem_reg_9 (implemented as a Block RAM) might be sub-optimal as no optional output register could be merged into the ram block. Providing additional output register may help in improving timing.
INFO: [Synth 8-7052] The timing for the instance u_spu_local_memory/u_spu_in_ram/GEN_BLOCK_RAM.mem_reg_10 (implemented as a Block RAM) might be sub-optimal as no optional output register could be merged into the ram block. Providing additional output register may help in improving timing.
INFO: [Synth 8-7052] The timing for the instance u_spu_local_memory/u_spu_in_ram/GEN_BLOCK_RAM.mem_reg_10 (implemented as a Block RAM) might be sub-optimal as no optional output register could be merged into the ram block. Providing additional output register may help in improving timing.
INFO: [Synth 8-7052] The timing for the instance u_spu_local_memory/u_spu_in_ram/GEN_BLOCK_RAM.mem_reg_11 (implemented as a Block RAM) might be sub-optimal as no optional output register could be merged into the ram block. Providing additional output register may help in improving timing.
INFO: [Synth 8-7052] The timing for the instance u_spu_local_memory/u_spu_in_ram/GEN_BLOCK_RAM.mem_reg_11 (implemented as a Block RAM) might be sub-optimal as no optional output register could be merged into the ram block. Providing additional output register may help in improving timing.
INFO: [Synth 8-7052] The timing for the instance u_spu_local_memory/u_spu_in_ram/GEN_BLOCK_RAM.mem_reg_12 (implemented as a Block RAM) might be sub-optimal as no optional output register could be merged into the ram block. Providing additional output register may help in improving timing.
INFO: [Synth 8-7052] The timing for the instance u_spu_local_memory/u_spu_in_ram/GEN_BLOCK_RAM.mem_reg_12 (implemented as a Block RAM) might be sub-optimal as no optional output register could be merged into the ram block. Providing additional output register may help in improving timing.
INFO: [Synth 8-7052] The timing for the instance u_spu_local_memory/u_spu_in_ram/GEN_BLOCK_RAM.mem_reg_13 (implemented as a Block RAM) might be sub-optimal as no optional output register could be merged into the ram block. Providing additional output register may help in improving timing.
INFO: [Synth 8-7052] The timing for the instance u_spu_local_memory/u_spu_in_ram/GEN_BLOCK_RAM.mem_reg_13 (implemented as a Block RAM) might be sub-optimal as no optional output register could be merged into the ram block. Providing additional output register may help in improving timing.
INFO: [Synth 8-7052] The timing for the instance u_spu_local_memory/u_spu_in_ram/GEN_BLOCK_RAM.mem_reg_14 (implemented as a Block RAM) might be sub-optimal as no optional output register could be merged into the ram block. Providing additional output register may help in improving timing.
INFO: [Synth 8-7052] The timing for the instance u_spu_local_memory/u_spu_in_ram/GEN_BLOCK_RAM.mem_reg_14 (implemented as a Block RAM) might be sub-optimal as no optional output register could be merged into the ram block. Providing additional output register may help in improving timing.
INFO: [Synth 8-7052] The timing for the instance u_spu_local_memory/u_spu_in_ram/GEN_BLOCK_RAM.mem_reg_15 (implemented as a Block RAM) might be sub-optimal as no optional output register could be merged into the ram block. Providing additional output register may help in improving timing.
INFO: [Synth 8-7052] The timing for the instance u_spu_local_memory/u_spu_in_ram/GEN_BLOCK_RAM.mem_reg_15 (implemented as a Block RAM) might be sub-optimal as no optional output register could be merged into the ram block. Providing additional output register may help in improving timing.
INFO: [Synth 8-7052] The timing for the instance u_spu_local_memory/u_spu_out_ram/GEN_BLOCK_RAM.mem_reg_0 (implemented as a Block RAM) might be sub-optimal as no optional output register could be merged into the ram block. Providing additional output register may help in improving timing.
INFO: [Synth 8-7052] The timing for the instance u_spu_local_memory/u_spu_out_ram/GEN_BLOCK_RAM.mem_reg_0 (implemented as a Block RAM) might be sub-optimal as no optional output register could be merged into the ram block. Providing additional output register may help in improving timing.
INFO: [Synth 8-7052] The timing for the instance u_spu_local_memory/u_spu_out_ram/GEN_BLOCK_RAM.mem_reg_1 (implemented as a Block RAM) might be sub-optimal as no optional output register could be merged into the ram block. Providing additional output register may help in improving timing.
INFO: [Synth 8-7052] The timing for the instance u_spu_local_memory/u_spu_out_ram/GEN_BLOCK_RAM.mem_reg_1 (implemented as a Block RAM) might be sub-optimal as no optional output register could be merged into the ram block. Providing additional output register may help in improving timing.
INFO: [Synth 8-7052] The timing for the instance u_spu_local_memory/u_spu_out_ram/GEN_BLOCK_RAM.mem_reg_2 (implemented as a Block RAM) might be sub-optimal as no optional output register could be merged into the ram block. Providing additional output register may help in improving timing.
INFO: [Synth 8-7052] The timing for the instance u_spu_local_memory/u_spu_out_ram/GEN_BLOCK_RAM.mem_reg_2 (implemented as a Block RAM) might be sub-optimal as no optional output register could be merged into the ram block. Providing additional output register may help in improving timing.
INFO: [Synth 8-7052] The timing for the instance u_spu_local_memory/u_spu_out_ram/GEN_BLOCK_RAM.mem_reg_3 (implemented as a Block RAM) might be sub-optimal as no optional output register could be merged into the ram block. Providing additional output register may help in improving timing.
INFO: [Synth 8-7052] The timing for the instance u_spu_local_memory/u_spu_out_ram/GEN_BLOCK_RAM.mem_reg_3 (implemented as a Block RAM) might be sub-optimal as no optional output register could be merged into the ram block. Providing additional output register may help in improving timing.
INFO: [Synth 8-7052] The timing for the instance u_spu_local_memory/u_spu_out_ram/GEN_BLOCK_RAM.mem_reg_4 (implemented as a Block RAM) might be sub-optimal as no optional output register could be merged into the ram block. Providing additional output register may help in improving timing.
INFO: [Synth 8-7052] The timing for the instance u_spu_local_memory/u_spu_out_ram/GEN_BLOCK_RAM.mem_reg_4 (implemented as a Block RAM) might be sub-optimal as no optional output register could be merged into the ram block. Providing additional output register may help in improving timing.
INFO: [Synth 8-7052] The timing for the instance u_spu_local_memory/u_spu_out_ram/GEN_BLOCK_RAM.mem_reg_5 (implemented as a Block RAM) might be sub-optimal as no optional output register could be merged into the ram block. Providing additional output register may help in improving timing.
INFO: [Synth 8-7052] The timing for the instance u_spu_local_memory/u_spu_out_ram/GEN_BLOCK_RAM.mem_reg_5 (implemented as a Block RAM) might be sub-optimal as no optional output register could be merged into the ram block. Providing additional output register may help in improving timing.
INFO: [Synth 8-7052] The timing for the instance u_spu_local_memory/u_spu_out_ram/GEN_BLOCK_RAM.mem_reg_6 (implemented as a Block RAM) might be sub-optimal as no optional output register could be merged into the ram block. Providing additional output register may help in improving timing.
INFO: [Synth 8-7052] The timing for the instance u_spu_local_memory/u_spu_out_ram/GEN_BLOCK_RAM.mem_reg_6 (implemented as a Block RAM) might be sub-optimal as no optional output register could be merged into the ram block. Providing additional output register may help in improving timing.
INFO: [Synth 8-7052] The timing for the instance u_spu_local_memory/u_spu_out_ram/GEN_BLOCK_RAM.mem_reg_7 (implemented as a Block RAM) might be sub-optimal as no optional output register could be merged into the ram block. Providing additional output register may help in improving timing.
INFO: [Synth 8-7052] The timing for the instance u_spu_local_memory/u_spu_out_ram/GEN_BLOCK_RAM.mem_reg_7 (implemented as a Block RAM) might be sub-optimal as no optional output register could be merged into the ram block. Providing additional output register may help in improving timing.
INFO: [Synth 8-7052] The timing for the instance u_spu_local_memory/u_spu_out_ram/GEN_BLOCK_RAM.mem_reg_8 (implemented as a Block RAM) might be sub-optimal as no optional output register could be merged into the ram block. Providing additional output register may help in improving timing.
INFO: [Synth 8-7052] The timing for the instance u_spu_local_memory/u_spu_out_ram/GEN_BLOCK_RAM.mem_reg_8 (implemented as a Block RAM) might be sub-optimal as no optional output register could be merged into the ram block. Providing additional output register may help in improving timing.
INFO: [Synth 8-7052] The timing for the instance u_spu_local_memory/u_spu_out_ram/GEN_BLOCK_RAM.mem_reg_9 (implemented as a Block RAM) might be sub-optimal as no optional output register could be merged into the ram block. Providing additional output register may help in improving timing.
INFO: [Synth 8-7052] The timing for the instance u_spu_local_memory/u_spu_out_ram/GEN_BLOCK_RAM.mem_reg_9 (implemented as a Block RAM) might be sub-optimal as no optional output register could be merged into the ram block. Providing additional output register may help in improving timing.
INFO: [Synth 8-7052] The timing for the instance u_spu_local_memory/u_spu_out_ram/GEN_BLOCK_RAM.mem_reg_10 (implemented as a Block RAM) might be sub-optimal as no optional output register could be merged into the ram block. Providing additional output register may help in improving timing.
INFO: [Synth 8-7052] The timing for the instance u_spu_local_memory/u_spu_out_ram/GEN_BLOCK_RAM.mem_reg_10 (implemented as a Block RAM) might be sub-optimal as no optional output register could be merged into the ram block. Providing additional output register may help in improving timing.
INFO: [Synth 8-7052] The timing for the instance u_spu_local_memory/u_spu_out_ram/GEN_BLOCK_RAM.mem_reg_11 (implemented as a Block RAM) might be sub-optimal as no optional output register could be merged into the ram block. Providing additional output register may help in improving timing.
INFO: [Synth 8-7052] The timing for the instance u_spu_local_memory/u_spu_out_ram/GEN_BLOCK_RAM.mem_reg_11 (implemented as a Block RAM) might be sub-optimal as no optional output register could be merged into the ram block. Providing additional output register may help in improving timing.
INFO: [Synth 8-7052] The timing for the instance u_spu_local_memory/u_spu_out_ram/GEN_BLOCK_RAM.mem_reg_12 (implemented as a Block RAM) might be sub-optimal as no optional output register could be merged into the ram block. Providing additional output register may help in improving timing.
INFO: [Synth 8-7052] The timing for the instance u_spu_local_memory/u_spu_out_ram/GEN_BLOCK_RAM.mem_reg_12 (implemented as a Block RAM) might be sub-optimal as no optional output register could be merged into the ram block. Providing additional output register may help in improving timing.
INFO: [Synth 8-7052] The timing for the instance u_spu_local_memory/u_spu_out_ram/GEN_BLOCK_RAM.mem_reg_13 (implemented as a Block RAM) might be sub-optimal as no optional output register could be merged into the ram block. Providing additional output register may help in improving timing.
INFO: [Synth 8-7052] The timing for the instance u_spu_local_memory/u_spu_out_ram/GEN_BLOCK_RAM.mem_reg_13 (implemented as a Block RAM) might be sub-optimal as no optional output register could be merged into the ram block. Providing additional output register may help in improving timing.
INFO: [Synth 8-7052] The timing for the instance u_spu_local_memory/u_spu_out_ram/GEN_BLOCK_RAM.mem_reg_14 (implemented as a Block RAM) might be sub-optimal as no optional output register could be merged into the ram block. Providing additional output register may help in improving timing.
INFO: [Synth 8-7052] The timing for the instance u_spu_local_memory/u_spu_out_ram/GEN_BLOCK_RAM.mem_reg_14 (implemented as a Block RAM) might be sub-optimal as no optional output register could be merged into the ram block. Providing additional output register may help in improving timing.
INFO: [Synth 8-7052] The timing for the instance u_spu_local_memory/u_spu_out_ram/GEN_BLOCK_RAM.mem_reg_15 (implemented as a Block RAM) might be sub-optimal as no optional output register could be merged into the ram block. Providing additional output register may help in improving timing.
INFO: [Synth 8-7052] The timing for the instance u_spu_local_memory/u_spu_out_ram/GEN_BLOCK_RAM.mem_reg_15 (implemented as a Block RAM) might be sub-optimal as no optional output register could be merged into the ram block. Providing additional output register may help in improving timing.
INFO: [Synth 8-7052] The timing for the instance u_spu_local_memory/u_spu_param_ram/GEN_BLOCK_RAM.mem_reg_0 (implemented as a Block RAM) might be sub-optimal as no optional output register could be merged into the ram block. Providing additional output register may help in improving timing.
INFO: [Synth 8-7052] The timing for the instance u_spu_local_memory/u_spu_param_ram/GEN_BLOCK_RAM.mem_reg_0 (implemented as a Block RAM) might be sub-optimal as no optional output register could be merged into the ram block. Providing additional output register may help in improving timing.
INFO: [Synth 8-7052] The timing for the instance u_spu_local_memory/u_spu_param_ram/GEN_BLOCK_RAM.mem_reg_1 (implemented as a Block RAM) might be sub-optimal as no optional output register could be merged into the ram block. Providing additional output register may help in improving timing.
INFO: [Synth 8-7052] The timing for the instance u_spu_local_memory/u_spu_param_ram/GEN_BLOCK_RAM.mem_reg_1 (implemented as a Block RAM) might be sub-optimal as no optional output register could be merged into the ram block. Providing additional output register may help in improving timing.
INFO: [Synth 8-7052] The timing for the instance u_spu_local_memory/u_spu_param_ram/GEN_BLOCK_RAM.mem_reg_2 (implemented as a Block RAM) might be sub-optimal as no optional output register could be merged into the ram block. Providing additional output register may help in improving timing.
INFO: [Synth 8-7052] The timing for the instance u_spu_local_memory/u_spu_param_ram/GEN_BLOCK_RAM.mem_reg_2 (implemented as a Block RAM) might be sub-optimal as no optional output register could be merged into the ram block. Providing additional output register may help in improving timing.
INFO: [Synth 8-7052] The timing for the instance u_spu_local_memory/u_spu_param_ram/GEN_BLOCK_RAM.mem_reg_3 (implemented as a Block RAM) might be sub-optimal as no optional output register could be merged into the ram block. Providing additional output register may help in improving timing.
INFO: [Synth 8-7052] The timing for the instance u_spu_local_memory/u_spu_param_ram/GEN_BLOCK_RAM.mem_reg_3 (implemented as a Block RAM) might be sub-optimal as no optional output register could be merged into the ram block. Providing additional output register may help in improving timing.
INFO: [Synth 8-7052] The timing for the instance u_spu_local_memory/u_spu_param_ram/GEN_BLOCK_RAM.mem_reg_4 (implemented as a Block RAM) might be sub-optimal as no optional output register could be merged into the ram block. Providing additional output register may help in improving timing.
INFO: [Synth 8-7052] The timing for the instance u_spu_local_memory/u_spu_param_ram/GEN_BLOCK_RAM.mem_reg_4 (implemented as a Block RAM) might be sub-optimal as no optional output register could be merged into the ram block. Providing additional output register may help in improving timing.
INFO: [Synth 8-7052] The timing for the instance u_spu_local_memory/u_spu_param_ram/GEN_BLOCK_RAM.mem_reg_5 (implemented as a Block RAM) might be sub-optimal as no optional output register could be merged into the ram block. Providing additional output register may help in improving timing.
INFO: [Synth 8-7052] The timing for the instance u_spu_local_memory/u_spu_param_ram/GEN_BLOCK_RAM.mem_reg_5 (implemented as a Block RAM) might be sub-optimal as no optional output register could be merged into the ram block. Providing additional output register may help in improving timing.
INFO: [Synth 8-7052] The timing for the instance u_spu_local_memory/u_spu_param_ram/GEN_BLOCK_RAM.mem_reg_6 (implemented as a Block RAM) might be sub-optimal as no optional output register could be merged into the ram block. Providing additional output register may help in improving timing.
INFO: [Synth 8-7052] The timing for the instance u_spu_local_memory/u_spu_param_ram/GEN_BLOCK_RAM.mem_reg_6 (implemented as a Block RAM) might be sub-optimal as no optional output register could be merged into the ram block. Providing additional output register may help in improving timing.
INFO: [Synth 8-7052] The timing for the instance u_spu_local_memory/u_spu_param_ram/GEN_BLOCK_RAM.mem_reg_7 (implemented as a Block RAM) might be sub-optimal as no optional output register could be merged into the ram block. Providing additional output register may help in improving timing.
INFO: [Synth 8-7052] The timing for the instance u_spu_local_memory/u_spu_param_ram/GEN_BLOCK_RAM.mem_reg_7 (implemented as a Block RAM) might be sub-optimal as no optional output register could be merged into the ram block. Providing additional output register may help in improving timing.
INFO: [Synth 8-7052] The timing for the instance u_spu_local_memory/u_spu_param_ram/GEN_BLOCK_RAM.mem_reg_8 (implemented as a Block RAM) might be sub-optimal as no optional output register could be merged into the ram block. Providing additional output register may help in improving timing.
INFO: [Synth 8-7052] The timing for the instance u_spu_local_memory/u_spu_param_ram/GEN_BLOCK_RAM.mem_reg_8 (implemented as a Block RAM) might be sub-optimal as no optional output register could be merged into the ram block. Providing additional output register may help in improving timing.
INFO: [Synth 8-7052] The timing for the instance u_spu_local_memory/u_spu_param_ram/GEN_BLOCK_RAM.mem_reg_9 (implemented as a Block RAM) might be sub-optimal as no optional output register could be merged into the ram block. Providing additional output register may help in improving timing.
INFO: [Synth 8-7052] The timing for the instance u_spu_local_memory/u_spu_param_ram/GEN_BLOCK_RAM.mem_reg_9 (implemented as a Block RAM) might be sub-optimal as no optional output register could be merged into the ram block. Providing additional output register may help in improving timing.
INFO: [Synth 8-7052] The timing for the instance u_spu_local_memory/u_spu_param_ram/GEN_BLOCK_RAM.mem_reg_10 (implemented as a Block RAM) might be sub-optimal as no optional output register could be merged into the ram block. Providing additional output register may help in improving timing.
INFO: [Synth 8-7052] The timing for the instance u_spu_local_memory/u_spu_param_ram/GEN_BLOCK_RAM.mem_reg_10 (implemented as a Block RAM) might be sub-optimal as no optional output register could be merged into the ram block. Providing additional output register may help in improving timing.
INFO: [Synth 8-7052] The timing for the instance u_spu_local_memory/u_spu_param_ram/GEN_BLOCK_RAM.mem_reg_11 (implemented as a Block RAM) might be sub-optimal as no optional output register could be merged into the ram block. Providing additional output register may help in improving timing.
INFO: [Synth 8-7052] The timing for the instance u_spu_local_memory/u_spu_param_ram/GEN_BLOCK_RAM.mem_reg_11 (implemented as a Block RAM) might be sub-optimal as no optional output register could be merged into the ram block. Providing additional output register may help in improving timing.
INFO: [Synth 8-7052] The timing for the instance u_spu_local_memory/u_spu_param_ram/GEN_BLOCK_RAM.mem_reg_12 (implemented as a Block RAM) might be sub-optimal as no optional output register could be merged into the ram block. Providing additional output register may help in improving timing.
INFO: [Synth 8-7052] The timing for the instance u_spu_local_memory/u_spu_param_ram/GEN_BLOCK_RAM.mem_reg_12 (implemented as a Block RAM) might be sub-optimal as no optional output register could be merged into the ram block. Providing additional output register may help in improving timing.
INFO: [Synth 8-7052] The timing for the instance u_spu_local_memory/u_spu_param_ram/GEN_BLOCK_RAM.mem_reg_13 (implemented as a Block RAM) might be sub-optimal as no optional output register could be merged into the ram block. Providing additional output register may help in improving timing.
INFO: [Synth 8-7052] The timing for the instance u_spu_local_memory/u_spu_param_ram/GEN_BLOCK_RAM.mem_reg_13 (implemented as a Block RAM) might be sub-optimal as no optional output register could be merged into the ram block. Providing additional output register may help in improving timing.
INFO: [Synth 8-7052] The timing for the instance u_spu_local_memory/u_spu_param_ram/GEN_BLOCK_RAM.mem_reg_14 (implemented as a Block RAM) might be sub-optimal as no optional output register could be merged into the ram block. Providing additional output register may help in improving timing.
INFO: [Synth 8-7052] The timing for the instance u_spu_local_memory/u_spu_param_ram/GEN_BLOCK_RAM.mem_reg_14 (implemented as a Block RAM) might be sub-optimal as no optional output register could be merged into the ram block. Providing additional output register may help in improving timing.
INFO: [Synth 8-7052] The timing for the instance u_spu_local_memory/u_spu_param_ram/GEN_BLOCK_RAM.mem_reg_15 (implemented as a Block RAM) might be sub-optimal as no optional output register could be merged into the ram block. Providing additional output register may help in improving timing.
INFO: [Synth 8-7052] The timing for the instance u_spu_local_memory/u_spu_param_ram/GEN_BLOCK_RAM.mem_reg_15 (implemented as a Block RAM) might be sub-optimal as no optional output register could be merged into the ram block. Providing additional output register may help in improving timing.
INFO: [Synth 8-7052] The timing for the instance u_spu_local_memory/u_spu_scratch_ram/GEN_BLOCK_RAM.mem_reg_0 (implemented as a Block RAM) might be sub-optimal as no optional output register could be merged into the ram block. Providing additional output register may help in improving timing.
INFO: [Synth 8-7052] The timing for the instance u_spu_local_memory/u_spu_scratch_ram/GEN_BLOCK_RAM.mem_reg_0 (implemented as a Block RAM) might be sub-optimal as no optional output register could be merged into the ram block. Providing additional output register may help in improving timing.
INFO: [Synth 8-7052] The timing for the instance u_spu_local_memory/u_spu_scratch_ram/GEN_BLOCK_RAM.mem_reg_1 (implemented as a Block RAM) might be sub-optimal as no optional output register could be merged into the ram block. Providing additional output register may help in improving timing.
INFO: [Synth 8-7052] The timing for the instance u_spu_local_memory/u_spu_scratch_ram/GEN_BLOCK_RAM.mem_reg_1 (implemented as a Block RAM) might be sub-optimal as no optional output register could be merged into the ram block. Providing additional output register may help in improving timing.
INFO: [Common 17-14] Message 'Synth 8-7052' appears 100 times and further instances of the messages will be disabled. Use the Tcl command set_msg_config to change the current settings.
---------------------------------------------------------------------------------
Finished Technology Mapping : Time (s): cpu = 00:00:53 ; elapsed = 00:01:06 . Memory (MB): peak = 3266.391 ; gain = 1097.223
---------------------------------------------------------------------------------
---------------------------------------------------------------------------------
Start IO Insertion
---------------------------------------------------------------------------------
---------------------------------------------------------------------------------
Start Flattening Before IO Insertion
---------------------------------------------------------------------------------
---------------------------------------------------------------------------------
Finished Flattening Before IO Insertion
---------------------------------------------------------------------------------
---------------------------------------------------------------------------------
Start Final Netlist Cleanup
---------------------------------------------------------------------------------
---------------------------------------------------------------------------------
Finished Final Netlist Cleanup
---------------------------------------------------------------------------------
---------------------------------------------------------------------------------
Finished IO Insertion : Time (s): cpu = 00:00:57 ; elapsed = 00:01:11 . Memory (MB): peak = 3279.898 ; gain = 1110.730
---------------------------------------------------------------------------------
---------------------------------------------------------------------------------
Start Renaming Generated Instances
---------------------------------------------------------------------------------
---------------------------------------------------------------------------------
Finished Renaming Generated Instances : Time (s): cpu = 00:00:57 ; elapsed = 00:01:11 . Memory (MB): peak = 3279.898 ; gain = 1110.730
---------------------------------------------------------------------------------
---------------------------------------------------------------------------------
Start Rebuilding User Hierarchy
---------------------------------------------------------------------------------
---------------------------------------------------------------------------------
Finished Rebuilding User Hierarchy : Time (s): cpu = 00:00:57 ; elapsed = 00:01:11 . Memory (MB): peak = 3279.898 ; gain = 1110.730
---------------------------------------------------------------------------------
---------------------------------------------------------------------------------
Start Renaming Generated Ports
---------------------------------------------------------------------------------
---------------------------------------------------------------------------------
Finished Renaming Generated Ports : Time (s): cpu = 00:00:57 ; elapsed = 00:01:11 . Memory (MB): peak = 3279.898 ; gain = 1110.730
---------------------------------------------------------------------------------
---------------------------------------------------------------------------------
Start Handling Custom Attributes
---------------------------------------------------------------------------------
---------------------------------------------------------------------------------
Finished Handling Custom Attributes : Time (s): cpu = 00:00:57 ; elapsed = 00:01:12 . Memory (MB): peak = 3279.898 ; gain = 1110.730
---------------------------------------------------------------------------------
---------------------------------------------------------------------------------
Start Renaming Generated Nets
---------------------------------------------------------------------------------
---------------------------------------------------------------------------------
Finished Renaming Generated Nets : Time (s): cpu = 00:00:57 ; elapsed = 00:01:12 . Memory (MB): peak = 3279.898 ; gain = 1110.730
---------------------------------------------------------------------------------
---------------------------------------------------------------------------------
Start Writing Synthesis Report
---------------------------------------------------------------------------------

DSP Final Report (the ' indicates corresponding REG is set)
+-------------------+----------------+--------+--------+--------+--------+--------+------+------+------+------+-------+------+------+
|Module Name        | DSP Mapping    | A Size | B Size | C Size | D Size | P Size | AREG | BREG | CREG | DREG | ADREG | MREG | PREG | 
+-------------------+----------------+--------+--------+--------+--------+--------+------+------+------+------+-------+------+------+
|SPU_Q8_Scale_Accum | A'*B'          | 17     | 15     | -      | -      | 48     | 1    | 1    | -    | -    | -     | 0    | 0    | 
|SPU_Q8_Scale_Accum | PCIN>>17+A'*B' | 15     | 15     | -      | -      | 48     | 1    | 1    | -    | -    | -     | 0    | 0    | 
|SPU_Q8_Scale_Accum | A'*B'          | 17     | 17     | -      | -      | 48     | 1    | 1    | -    | -    | -     | 0    | 0    | 
|SPU_Q8_Scale_Accum | PCIN>>17+A*B'  | 0      | 15     | -      | -      | 48     | 0    | 1    | -    | -    | -     | 0    | 0    | 
|SPU_Q8_Scale_Accum | A'*B'          | 14     | 18     | -      | -      | 48     | 1    | 1    | -    | -    | -     | 0    | 0    | 
|SPU_Q8_Scale_Accum | A'*B'          | 17     | 14     | -      | -      | 0      | 1    | 1    | -    | -    | -     | 0    | 0    | 
|SPU_Q8_Scale_Accum | PCIN+A'*B'     | 17     | 18     | -      | -      | 48     | 1    | 1    | -    | -    | -     | 0    | 0    | 
|SPU_Q8_Scale_Accum | PCIN>>17+A'*B' | 17     | 0      | -      | -      | 48     | 1    | 1    | -    | -    | -     | 0    | 0    | 
|SPU_Q8_Scale_Accum | A'*B'          | 17     | 17     | -      | -      | 48     | 1    | 1    | -    | -    | -     | 0    | 0    | 
|SPU_Q8_Scale_Accum | PCIN>>17+A'*B' | 17     | 17     | -      | -      | 0      | 1    | 1    | -    | -    | -     | 0    | 0    | 
|SPU_Q8_Scale_Accum | PCIN+A'*B'     | 17     | 18     | -      | -      | 48     | 1    | 1    | -    | -    | -     | 0    | 0    | 
+-------------------+----------------+--------+--------+--------+--------+--------+------+------+------+------+-------+------+------+


Report BlackBoxes: 
+-+--------------+----------+
| |BlackBox name |Instances |
+-+--------------+----------+
+-+--------------+----------+

Report Cell Usage: 
+------+----------------+------+
|      |Cell            |Count |
+------+----------------+------+
|1     |BUFG            |     1|
|2     |CARRY8          |    67|
|3     |DSP_ALU         |    11|
|4     |DSP_A_B_DATA    |    11|
|5     |DSP_C_DATA      |    11|
|6     |DSP_MULTIPLIER  |    11|
|7     |DSP_M_DATA      |    11|
|8     |DSP_OUTPUT      |    11|
|9     |DSP_PREADD      |    11|
|10    |DSP_PREADD_DATA |    11|
|11    |LUT1            |    11|
|12    |LUT2            |   463|
|13    |LUT3            |   239|
|14    |LUT4            |   716|
|15    |LUT5            |   337|
|16    |LUT6            |  1266|
|17    |MUXF7           |    71|
|18    |MUXF8           |    12|
|19    |RAM256X1S       |    64|
|20    |RAMB36E2        |    64|
|21    |FDRE            |  2112|
|22    |FDSE            |     1|
|23    |IBUF            |   259|
|24    |OBUF            |   173|
+------+----------------+------+
---------------------------------------------------------------------------------
Finished Writing Synthesis Report : Time (s): cpu = 00:00:57 ; elapsed = 00:01:12 . Memory (MB): peak = 3279.898 ; gain = 1110.730
---------------------------------------------------------------------------------
Synthesis finished with 0 errors, 0 critical warnings and 31 warnings.
Synthesis Optimization Runtime : Time (s): cpu = 00:00:48 ; elapsed = 00:01:07 . Memory (MB): peak = 3279.898 ; gain = 1004.102
Synthesis Optimization Complete : Time (s): cpu = 00:00:58 ; elapsed = 00:01:12 . Memory (MB): peak = 3279.898 ; gain = 1110.730
INFO: [Project 1-571] Translating synthesized netlist
Netlist sorting complete. Time (s): cpu = 00:00:00 ; elapsed = 00:00:00.072 . Memory (MB): peak = 3291.938 ; gain = 0.000
INFO: [Netlist 29-17] Analyzing 485 Unisim elements for replacement
INFO: [Netlist 29-28] Unisim Transformation completed in 0 CPU seconds
INFO: [Project 1-570] Preparing netlist for logic optimization
INFO: [Opt 31-138] Pushed 0 inverter(s) to 0 load pin(s).
Netlist sorting complete. Time (s): cpu = 00:00:00 ; elapsed = 00:00:00.002 . Memory (MB): peak = 3315.012 ; gain = 0.000
INFO: [Project 1-111] Unisim Transformation Summary:
  A total of 335 instances were transformed.
  BUFG => BUFGCE: 1 instance 
  DSP48E2 => DSP48E2 (DSP_ALU, DSP_A_B_DATA, DSP_C_DATA, DSP_MULTIPLIER, DSP_M_DATA, DSP_OUTPUT, DSP_PREADD, DSP_PREADD_DATA): 11 instances
  IBUF => IBUF (IBUFCTRL, INBUF): 259 instances
  RAM256X1S => RAM256X1S (MUXF7(x2), MUXF8, RAMS64E(x4)): 64 instances

Synth Design complete, checksum: de0f9608
INFO: [Common 17-83] Releasing license: Synthesis
144 Infos, 123 Warnings, 0 Critical Warnings and 0 Errors encountered.
synth_design completed successfully
synth_design: Time (s): cpu = 00:01:08 ; elapsed = 00:01:38 . Memory (MB): peak = 3315.012 ; gain = 2312.289
# set bram_cells [get_cells -hier -filter {REF_NAME =~ RAMB*}]
# if {[llength $bram_cells] == 0} {
#     error "SPU synthesis did not infer any RAMB primitive."
# }
# puts "SPU BRAM inference passed: [llength $bram_cells] RAMB primitive(s)."
SPU BRAM inference passed: 64 RAMB primitive(s).
# report_utilization -file [file join $report_dir spu_synth_check_util.rpt]
# report_utilization -hierarchical -file [file join $report_dir spu_synth_check_util_hier.rpt]
# write_checkpoint -force [file join $report_dir spu_synth_check.dcp]
INFO: [Common 17-1381] The checkpoint 'D:/DOAN/DATN_RTL/DATN_VIVADO/manual_sim/spu_synth_check/spu_synth_check.dcp' has been generated.
# close_project
INFO: [Common 17-206] Exiting Vivado at Sat Jul 11 20:43:55 2026...
