#-----------------------------------------------------------
# Vivado v2022.2 (64-bit)
# SW Build 3671981 on Fri Oct 14 05:00:03 MDT 2022
# IP Build 3669848 on Fri Oct 14 08:30:02 MDT 2022
# Start of session at: Thu Jun 18 09:23:35 2026
# Process ID: 4460
# Current directory: D:/DOAN/DATN_RTL/DATN_VIVADO/manual_sim
# Command line: vivado.exe -mode batch -source .\run_vpu_top_xsim.tcl -nojournal -log .\vpu_top_xsim.log
# Log file: D:/DOAN/DATN_RTL/DATN_VIVADO/manual_sim/./vpu_top_xsim.log
# Journal file: 
# Running On: Cuong-Desktop, OS: Windows, CPU Frequency: 2496 MHz, CPU Physical cores: 6, Host memory: 16984 MB
#-----------------------------------------------------------
source {.\run_vpu_top_xsim.tcl}
# set script_dir [file normalize [file dirname [info script]]]
# set repo_root [file normalize [file join $script_dir ".." ".."]]
# set project_dir [file join $script_dir "vpu_top_xsim_project"]
# set part_name "xczu7ev-ffvc1156-2-e"
# create_project vpu_top_xsim $project_dir -part $part_name -force
create_project: Time (s): cpu = 00:00:04 ; elapsed = 00:00:06 . Memory (MB): peak = 1002.789 ; gain = 118.281
# add_files [file join $repo_root "RTL" "Dual_Port_BRAM.v"]
# add_files [file join $repo_root "RTL" "PMAU_Full.v"]
# add_files [file join $repo_root "RTL" "Matrix_Vector_Multiplication.v"]
# add_files [file join $repo_root "RTL" "AXI4_Mapping.v"]
# add_files [file join $repo_root "RTL" "MY_IP.v"]
# add_files [file join $repo_root "RTL" "VPU_Top.v"]
# add_files [file join $repo_root "TESTBENCH" "tb_VPU_Top.v"]
# add_files [file join $repo_root "DATN_VIVADO" "project_1" "project_1.srcs" "sources_1" "ip" "mult_gen_0" "mult_gen_0.xci"]
INFO: [IP_Flow 19-234] Refreshing IP repositories
INFO: [IP_Flow 19-1704] No user IP repositories specified
INFO: [IP_Flow 19-2313] Loaded Vivado IP repository 'D:/Xlinx/Vivado/2022.2/data/ip'.
WARNING: [Vivado 12-13650] The IP file 'D:/DOAN/DATN_RTL/DATN_VIVADO/project_1/project_1.srcs/sources_1/ip/mult_gen_0/mult_gen_0.xci' has been moved from its original location, as a result the outputs for this IP will now be generated in 'd:/doan/datn_rtl/datn_vivado/project_1/tmp_edit_project.gen/sources_1/ip/mult_gen_0'. Alternatively a copy of the IP can be imported into the project using one of the 'import_ip' or 'import_files' commands.
# generate_target all [get_ips mult_gen_0]
# update_compile_order -fileset sources_1
# update_compile_order -fileset sim_1
# set_property top tb_VPU_Top [get_filesets sim_1]
# set_property top_lib xil_defaultlib [get_filesets sim_1]
# set_property -name {xsim.simulate.runtime} -value {200 us} -objects [get_filesets sim_1]
# launch_simulation
Command: launch_simulation 
INFO: [Vivado 12-12493] Simulation top is 'tb_VPU_Top'
WARNING: [Vivado 12-13340] Unable to auto find GCC executables from simulator install path! (path not set)
WARNING: [Vivado 12-13277] Compiled library path does not exist: ''
INFO: [Vivado 12-5698] Checking validity of IPs in the design for the 'XSim' simulator...
INFO: [Vivado 12-5682] Launching behavioral simulation in 'D:/DOAN/DATN_RTL/DATN_VIVADO/manual_sim/vpu_top_xsim_project/vpu_top_xsim.sim/sim_1/behav/xsim'
INFO: [Vivado 12-13660] Precompiled IP simulation library mode is enabled (default). The design IP libraries will be referenced from the compiled library path. Please note that if the precompiled version of the library is not found from the path or the IP is in locked state, then the library source files for these IPs will be compiled locally as part of the compile order.
INFO: [Vivado 12-4795] Using compiled simulation libraries for IPs
INFO: [SIM-utils-51] Simulation object is 'sim_1'
INFO: [SIM-utils-72] Using boost library from 'D:/Xlinx/Vivado/2022.2/tps/boost_1_72_0'
INFO: [USF-XSim-7] Finding pre-compiled libraries...
INFO: [USF-XSim-11] File 'D:/Xlinx/Vivado/2022.2/data/xsim/xsim.ini' copied to run dir:'D:/DOAN/DATN_RTL/DATN_VIVADO/manual_sim/vpu_top_xsim_project/vpu_top_xsim.sim/sim_1/behav/xsim'
INFO: [SIM-utils-54] Inspecting design source files for 'tb_VPU_Top' in fileset 'sim_1'...
INFO: [USF-XSim-97] Finding global include files...
INFO: [USF-XSim-98] Fetching design files from 'sim_1'...
INFO: [USF-XSim-2] XSim::Compile design
INFO: [USF-XSim-61] Executing 'COMPILE and ANALYZE' step in 'D:/DOAN/DATN_RTL/DATN_VIVADO/manual_sim/vpu_top_xsim_project/vpu_top_xsim.sim/sim_1/behav/xsim'
"xvlog --incr --relax -prj tb_VPU_Top_vlog.prj"
INFO: [VRFC 10-2263] Analyzing Verilog file "D:/DOAN/DATN_RTL/RTL/AXI4_Mapping.v" into library xil_defaultlib
INFO: [VRFC 10-311] analyzing module AXI4_Mapping
INFO: [VRFC 10-2263] Analyzing Verilog file "D:/DOAN/DATN_RTL/RTL/Dual_Port_BRAM.v" into library xil_defaultlib
INFO: [VRFC 10-311] analyzing module Dual_Port_BRAM
INFO: [VRFC 10-2263] Analyzing Verilog file "D:/DOAN/DATN_RTL/RTL/MY_IP.v" into library xil_defaultlib
INFO: [VRFC 10-311] analyzing module MY_IP
INFO: [VRFC 10-2263] Analyzing Verilog file "D:/DOAN/DATN_RTL/RTL/Matrix_Vector_Multiplication.v" into library xil_defaultlib
INFO: [VRFC 10-311] analyzing module Matrix_Vector_Multiplication
INFO: [VRFC 10-2263] Analyzing Verilog file "D:/DOAN/DATN_RTL/RTL/PMAU_Full.v" into library xil_defaultlib
INFO: [VRFC 10-311] analyzing module PMAU_Full
INFO: [VRFC 10-2263] Analyzing Verilog file "D:/DOAN/DATN_RTL/RTL/VPU_Top.v" into library xil_defaultlib
INFO: [VRFC 10-311] analyzing module VPU_Top
INFO: [VRFC 10-2263] Analyzing Verilog file "D:/DOAN/DATN_RTL/TESTBENCH/tb_VPU_Top.v" into library xil_defaultlib
INFO: [VRFC 10-311] analyzing module tb_VPU_Top
INFO: [VRFC 10-2263] Analyzing Verilog file "D:/DOAN/DATN_RTL/DATN_VIVADO/manual_sim/vpu_top_xsim_project/vpu_top_xsim.sim/sim_1/behav/xsim/glbl.v" into library xil_defaultlib
INFO: [VRFC 10-311] analyzing module glbl
"xvhdl --incr --relax -prj tb_VPU_Top_vhdl.prj"
INFO: [VRFC 10-163] Analyzing VHDL file "D:/DOAN/DATN_RTL/DATN_VIVADO/project_1/tmp_edit_project.gen/sources_1/ip/mult_gen_0/sim/mult_gen_0.vhd" into library xil_defaultlib
INFO: [VRFC 10-3107] analyzing entity 'mult_gen_0'
INFO: [USF-XSim-69] 'compile' step finished in '3' seconds
INFO: [USF-XSim-3] XSim::Elaborate design
INFO: [USF-XSim-61] Executing 'ELABORATE' step in 'D:/DOAN/DATN_RTL/DATN_VIVADO/manual_sim/vpu_top_xsim_project/vpu_top_xsim.sim/sim_1/behav/xsim'
"xelab --incr --debug typical --relax --mt 2 -L xil_defaultlib -L xbip_utils_v3_0_10 -L xbip_pipe_v3_0_6 -L xbip_bram18k_v3_0_6 -L mult_gen_v12_0_18 -L unisims_ver -L unimacro_ver -L secureip -L xpm --snapshot tb_VPU_Top_behav xil_defaultlib.tb_VPU_Top xil_defaultlib.glbl -log elaborate.log"
Vivado Simulator v2022.2
Copyright 1986-1999, 2001-2022 Xilinx, Inc. All Rights Reserved.
Running: D:/Xlinx/Vivado/2022.2/bin/unwrapped/win64.o/xelab.exe --incr --debug typical --relax --mt 2 -L xil_defaultlib -L xbip_utils_v3_0_10 -L xbip_pipe_v3_0_6 -L xbip_bram18k_v3_0_6 -L mult_gen_v12_0_18 -L unisims_ver -L unimacro_ver -L secureip -L xpm --snapshot tb_VPU_Top_behav xil_defaultlib.tb_VPU_Top xil_defaultlib.glbl -log elaborate.log 
Using 2 slave threads.
Starting static elaboration
Pass Through NonSizing Optimizer
Completed static elaboration
Starting simulation data flow analysis
Completed simulation data flow analysis
Time Resolution for simulation is 1ps
Compiling package std.standard
Compiling package std.textio
Compiling package ieee.std_logic_1164
Compiling package ieee.numeric_std
Compiling package mult_gen_v12_0_18.mult_gen_v12_0_18_viv_comp
Compiling package xbip_utils_v3_0_10.xbip_utils_v3_0_10_pkg
Compiling package mult_gen_v12_0_18.mult_gen_v12_0_18_pkg
Compiling package ieee.std_logic_arith
Compiling package ieee.std_logic_signed
Compiling package unisim.vcomponents
Compiling package mult_gen_v12_0_18.dsp_pkg
Compiling architecture xilinx of entity mult_gen_v12_0_18.delay_line [\delay_line(c_xdevicefamily="zyn...]
Compiling architecture xilinx of entity mult_gen_v12_0_18.op_resize [\op_resize(ai_width=8,bi_width=8...]
Compiling architecture xilinx of entity mult_gen_v12_0_18.dsp [\dsp(c_xdevicefamily="zynquplus"...]
Compiling architecture xilinx of entity mult_gen_v12_0_18.mult_gen_v12_0_18_viv [\mult_gen_v12_0_18_viv(c_verbosi...]
Compiling architecture xilinx of entity mult_gen_v12_0_18.mult_gen_v12_0_18 [\mult_gen_v12_0_18(c_xdevicefami...]
Compiling architecture mult_gen_0_arch of entity xil_defaultlib.mult_gen_0 [mult_gen_0_default]
Compiling module xil_defaultlib.PMAU_Full_default
Compiling module xil_defaultlib.Dual_Port_BRAM(AWIDTH=3,OUTPUT_R...
Compiling module xil_defaultlib.Dual_Port_BRAM(AWIDTH=11,DWIDTH=...
Compiling module xil_defaultlib.Dual_Port_BRAM(AWIDTH=10)
Compiling module xil_defaultlib.Matrix_Vector_Multiplication(MAX...
Compiling module xil_defaultlib.AXI4_Mapping(MAX_COL_BEATS=8)
Compiling module xil_defaultlib.MY_IP(MAX_COL_BEATS=8)
Compiling module xil_defaultlib.VPU_Top(MAX_COL_BEATS=8)
Compiling module xil_defaultlib.tb_VPU_Top
Compiling module xil_defaultlib.glbl
Built simulation snapshot tb_VPU_Top_behav
run_program: Time (s): cpu = 00:00:00 ; elapsed = 00:00:06 . Memory (MB): peak = 1077.438 ; gain = 0.000
INFO: [USF-XSim-69] 'elaborate' step finished in '6' seconds
INFO: [USF-XSim-4] XSim::Simulate design
INFO: [USF-XSim-61] Executing 'SIMULATE' step in 'D:/DOAN/DATN_RTL/DATN_VIVADO/manual_sim/vpu_top_xsim_project/vpu_top_xsim.sim/sim_1/behav/xsim'
INFO: [USF-XSim-98] *** Running xsim
   with args "tb_VPU_Top_behav -key {Behavioral:sim_1:Functional:tb_VPU_Top} -tclbatch {tb_VPU_Top.tcl} -log {simulate.log}"
INFO: [USF-XSim-8] Loading simulator feature
Time resolution is 1 ps
source tb_VPU_Top.tcl
## current_wave_config
WARNING: [Wavedata 42-489] Can't add object "/tb_VPU_Top/weight" to the wave window because it has 262144 bits, which exceeds the display limit of 65536 bits.  To change the display limit, use the command "set_property display_limit <new limit> [current_wave_config]".
[TB] CASE 1: rows=3 cols=64 load_beats=4 cfg_col_beats=4
[TB][PASS] row=0 result=-613
[TB][PASS] row=1 result=1039
[TB][PASS] row=2 result=115
[TB] CASE 1 compute+poll cycles=75
[TB] CASE 2: rows=2 cols=17 load_beats=2 cfg_col_beats=0
[TB][PASS] row=0 result=145
[TB][PASS] row=1 result=328
[TB] CASE 2 compute+poll cycles=56
[TB] CASE 3: rows=129 cols=17 load_beats=2 cfg_col_beats=0
[TB][PASS] row=0 result=318
[TB][PASS] row=1 result=248
[TB][PASS] row=2 result=-466
[TB][PASS] row=3 result=16
[TB][PASS] row=4 result=774
[TB][PASS] row=5 result=-423
[TB][PASS] row=6 result=-217
[TB][PASS] row=7 result=725
[TB][PASS] row=8 result=-242
[TB][PASS] row=9 result=-381
[TB][PASS] row=10 result=354
[TB][PASS] row=11 result=77
[TB][PASS] row=12 result=-476
[TB][PASS] row=13 result=52
[TB][PASS] row=14 result=534
[TB][PASS] row=15 result=-502
[TB][PASS] row=16 result=-181
[TB][PASS] row=17 result=416
[TB][PASS] row=18 result=-390
[TB][PASS] row=19 result=-345
[TB][PASS] row=20 result=689
[TB][PASS] row=21 result=-140
[TB][PASS] row=22 result=-440
[TB][PASS] row=23 result=318
[TB][PASS] row=24 result=248
[TB][PASS] row=25 result=-466
[TB][PASS] row=26 result=16
[TB][PASS] row=27 result=774
[TB][PASS] row=28 result=-423
[TB][PASS] row=29 result=-217
[TB][PASS] row=30 result=725
[TB][PASS] row=31 result=-242
[TB][PASS] row=32 result=-381
[TB][PASS] row=33 result=354
[TB][PASS] row=34 result=77
[TB][PASS] row=35 result=-476
[TB][PASS] row=36 result=52
[TB][PASS] row=37 result=534
[TB][PASS] row=38 result=-502
[TB][PASS] row=39 result=-181
[TB][PASS] row=40 result=416
[TB][PASS] row=41 result=-390
[TB][PASS] row=42 result=-345
[TB][PASS] row=43 result=689
[TB][PASS] row=44 result=-140
[TB][PASS] row=45 result=-440
[TB][PASS] row=46 result=318
[TB][PASS] row=47 result=248
[TB][PASS] row=48 result=-466
[TB][PASS] row=49 result=16
[TB][PASS] row=50 result=774
[TB][PASS] row=51 result=-423
[TB][PASS] row=52 result=-217
[TB][PASS] row=53 result=725
[TB][PASS] row=54 result=-242
[TB][PASS] row=55 result=-381
[TB][PASS] row=56 result=354
[TB][PASS] row=57 result=77
[TB][PASS] row=58 result=-476
[TB][PASS] row=59 result=52
[TB][PASS] row=60 result=534
[TB][PASS] row=61 result=-502
[TB][PASS] row=62 result=-181
[TB][PASS] row=63 result=416
[TB][PASS] row=64 result=-390
[TB][PASS] row=65 result=-345
[TB][PASS] row=66 result=689
[TB][PASS] row=67 result=-140
[TB][PASS] row=68 result=-440
[TB][PASS] row=69 result=318
[TB][PASS] row=70 result=248
[TB][PASS] row=71 result=-466
[TB][PASS] row=72 result=16
[TB][PASS] row=73 result=774
[TB][PASS] row=74 result=-423
[TB][PASS] row=75 result=-217
[TB][PASS] row=76 result=725
[TB][PASS] row=77 result=-242
[TB][PASS] row=78 result=-381
[TB][PASS] row=79 result=354
[TB][PASS] row=80 result=77
[TB][PASS] row=81 result=-476
[TB][PASS] row=82 result=52
[TB][PASS] row=83 result=534
[TB][PASS] row=84 result=-502
[TB][PASS] row=85 result=-181
[TB][PASS] row=86 result=416
[TB][PASS] row=87 result=-390
[TB][PASS] row=88 result=-345
[TB][PASS] row=89 result=689
[TB][PASS] row=90 result=-140
[TB][PASS] row=91 result=-440
[TB][PASS] row=92 result=318
[TB][PASS] row=93 result=248
[TB][PASS] row=94 result=-466
[TB][PASS] row=95 result=16
[TB][PASS] row=96 result=774
[TB][PASS] row=97 result=-423
[TB][PASS] row=98 result=-217
[TB][PASS] row=99 result=725
[TB][PASS] row=100 result=-242
[TB][PASS] row=101 result=-381
[TB][PASS] row=102 result=354
[TB][PASS] row=103 result=77
[TB][PASS] row=104 result=-476
[TB][PASS] row=105 result=52
[TB][PASS] row=106 result=534
[TB][PASS] row=107 result=-502
[TB][PASS] row=108 result=-181
[TB][PASS] row=109 result=416
[TB][PASS] row=110 result=-390
[TB][PASS] row=111 result=-345
[TB][PASS] row=112 result=689
[TB][PASS] row=113 result=-140
[TB][PASS] row=114 result=-440
[TB][PASS] row=115 result=318
[TB][PASS] row=116 result=248
[TB][PASS] row=117 result=-466
[TB][PASS] row=118 result=16
[TB][PASS] row=119 result=774
[TB][PASS] row=120 result=-423
[TB][PASS] row=121 result=-217
[TB][PASS] row=122 result=725
[TB][PASS] row=123 result=-242
[TB][PASS] row=124 result=-381
[TB][PASS] row=125 result=354
[TB][PASS] row=126 result=77
[TB][PASS] row=127 result=-476
[TB][PASS] row=128 result=52
[TB] CASE 3 compute+poll cycles=2463
[TB] GROUP CASE 4: rows=5 q8_blocks=3 load_beats=6
[TB][PASS] packed row=0 block=0 result=-319
[TB][PASS] packed row=0 block=1 result=-757
[TB][PASS] packed row=0 block=2 result=663
[TB][PASS] packed row=1 block=0 result=1326
[TB][PASS] packed row=1 block=1 result=-356
[TB][PASS] packed row=1 block=2 result=-824
[TB][PASS] packed row=2 block=0 result=-548
[TB][PASS] packed row=2 block=1 result=1310
[TB][PASS] packed row=2 block=2 result=-402
[TB][PASS] packed row=3 block=0 result=-674
[TB][PASS] packed row=3 block=1 result=-428
[TB][PASS] packed row=3 block=2 result=1285
[TB][PASS] packed row=4 block=0 result=925
[TB][PASS] packed row=4 block=1 result=-717
[TB][PASS] packed row=4 block=2 result=-501
[TB] GROUP CASE 4 compute+poll cycles=133
[TB] pass_count=149 fail_count=0
[TB] AXI4-Full VPU TEST PASSED
$finish called at time : 68515 ns : File "D:/DOAN/DATN_RTL/TESTBENCH/tb_VPU_Top.v" Line 584
INFO: [USF-XSim-96] XSim completed. Design snapshot 'tb_VPU_Top_behav' loaded.
INFO: [USF-XSim-97] XSim simulation ran for 200 us
launch_simulation: Time (s): cpu = 00:00:00 ; elapsed = 00:00:12 . Memory (MB): peak = 1085.707 ; gain = 9.977
# close_sim
INFO: [Simtcl 6-16] Simulation closed
# close_project
INFO: [Common 17-206] Exiting Vivado at Thu Jun 18 09:24:01 2026...
