#-----------------------------------------------------------
# xsim v2022.2 (64-bit)
# SW Build 3671981 on Fri Oct 14 05:00:03 MDT 2022
# IP Build 3669848 on Fri Oct 14 08:30:02 MDT 2022
# Start of session at: Sat Jul 11 23:15:03 2026
# Process ID: 26556
# Current directory: D:/DOAN/DATN_RTL/DATN_VIVADO/manual_sim
# Command line: xsim.exe -mode tcl -source {xsim.dir/phase2a_spu_sim/xsim_script.tcl}
# Log file: D:/DOAN/DATN_RTL/DATN_VIVADO/manual_sim/xsim.log
# Journal file: D:/DOAN/DATN_RTL/DATN_VIVADO/manual_sim\xsim.jou
# Running On: Cuong-Desktop, OS: Windows, CPU Frequency: 2496 MHz, CPU Physical cores: 6, Host memory: 16984 MB
#-----------------------------------------------------------
source xsim.dir/phase2a_spu_sim/xsim_script.tcl
# xsim {phase2a_spu_sim} -autoloadwcfg -runall
Time resolution is 1 ps
run -all
[TB] COPY self-test
[TB] QUANT_Q8_0 fixed-point payload test
[TB] Q8 scale-accumulate mixed-scale test
[TB] Q8 scale-accumulate bad-scale rejection
[TB] Q8 scale-accumulate row-range rejection
[TB] SPU_SiLU_Mul reserved command rejection
[TB] SPU_RMSNorm reserved command rejection
[TB] SPU_RoPE reserved command rejection
[TB] SPU_Softmax reserved command rejection
[TB][PASS] SPU_Top tests passed pass_count=47
$finish called at time : 9745 ns : File "D:/DOAN/DATN_RTL/TESTBENCH/tb_SPU_Top.v" Line 514
exit
INFO: [Common 17-206] Exiting xsim at Sat Jul 11 23:15:05 2026...
