#-----------------------------------------------------------
# xsim v2022.2 (64-bit)
# SW Build 3671981 on Fri Oct 14 05:00:03 MDT 2022
# IP Build 3669848 on Fri Oct 14 08:30:02 MDT 2022
# Start of session at: Wed Jun 17 15:11:38 2026
# Process ID: 732
# Current directory: D:/DOAN/DATN_RTL/DATN_VIVADO/manual_sim
# Command line: xsim.exe -mode tcl -source {xsim.dir/tb_vpu_dma_axis/xsim_script.tcl}
# Log file: D:/DOAN/DATN_RTL/DATN_VIVADO/manual_sim/xsim.log
# Journal file: D:/DOAN/DATN_RTL/DATN_VIVADO/manual_sim\xsim.jou
# Running On: Cuong-Desktop, OS: Windows, CPU Frequency: 2496 MHz, CPU Physical cores: 6, Host memory: 16984 MB
#-----------------------------------------------------------
source xsim.dir/tb_vpu_dma_axis/xsim_script.tcl
# xsim {tb_vpu_dma_axis} -autoloadwcfg -runall
Time resolution is 1 ps
run -all
[TB] DMA AXIS VPU behavioral test started
[TB][PASS] DMA basic CONFIG/ACT/WEIGHT/START/RESULT
[TB][PASS] packed Q8 self-test [32,64,-32,192]
[TB][PASS] multi-row packed mode
[TB][PASS] multi-group-block packed mode
[TB][PASS] AXIS input/output backpressure
[TB][PASS] large tiling sub-tile
[TB][PASS] large tiling sub-tile
[TB][PASS] large matrix tiling behavioral accumulation
[TB] Final pass=8 fail=0
[TB][PASS] tb_vpu_dma_axis completed successfully
$finish called at time : 6375 ns : File "D:/DOAN/DATN_RTL/DATN_VIVADO/manual_sim/tb_vpu_dma_axis.v" Line 544
exit
INFO: [Common 17-206] Exiting xsim at Wed Jun 17 15:11:40 2026...
