Copyright 1986-2022 Xilinx, Inc. All Rights Reserved.
------------------------------------------------------------------------------------
| Tool Version : Vivado v.2022.2 (win64) Build 3671981 Fri Oct 14 05:00:03 MDT 2022
| Date         : Thu Jun 18 09:49:17 2026
| Host         : Cuong-Desktop running 64-bit major release  (build 9200)
| Command      : upgrade_ip
| Device       : xczu7ev-ffvc1156-2-e
------------------------------------------------------------------------------------

Upgrade Log for IP 'SoC_VPU_Top_0_0'

1. Summary
----------

SUCCESS in the upgrade of SoC_VPU_Top_0_0 (xilinx.com:user:VPU_Top:1.0) from (Rev. 2) to (Rev. 3)






Copyright 1986-2022 Xilinx, Inc. All Rights Reserved.
------------------------------------------------------------------------------------
| Tool Version : Vivado v.2022.2 (win64) Build 3671981 Fri Oct 14 05:00:03 MDT 2022
| Date         : Thu Jun 18 09:48:08 2026
| Host         : Cuong-Desktop running 64-bit major release  (build 9200)
| Command      : upgrade_ip
| Device       : xczu7ev-ffvc1156-2-e
------------------------------------------------------------------------------------

Upgrade Log for IP 'SoC_VPU_Top_0_0'

1. Summary
----------

SUCCESS in the conversion of SoC_VPU_Top_0_0 (xilinx.com:user:VPU_Top:1.0 (Rev. 2)) to Vivado generation flows.






Copyright 1986-2022 Xilinx, Inc. All Rights Reserved.
------------------------------------------------------------------------------------
| Tool Version : Vivado v.2022.2 (win64) Build 3671981 Fri Oct 14 05:00:03 MDT 2022
| Date         : Wed Jun 17 02:20:18 2026
| Host         : Cuong-Desktop running 64-bit major release  (build 9200)
| Command      : upgrade_ip
| Device       : xczu7ev-ffvc1156-2-e
------------------------------------------------------------------------------------

Upgrade Log for IP 'SoC_VPU_Top_0_0'

1. Summary
----------

SUCCESS in the upgrade of SoC_VPU_Top_0_0 (xilinx.com:user:VPU_Top:1.0) from (Rev. 4) to (Rev. 3)






Copyright 1986-2022 Xilinx, Inc. All Rights Reserved.
------------------------------------------------------------------------------------
| Tool Version : Vivado v.2022.2 (win64) Build 3671981 Fri Oct 14 05:00:03 MDT 2022
| Date         : Wed Jun 17 01:53:01 2026
| Host         : Cuong-Desktop running 64-bit major release  (build 9200)
| Command      : upgrade_ip
| Device       : xczu7ev-ffvc1156-2-e
------------------------------------------------------------------------------------

Upgrade Log for IP 'SoC_VPU_Top_0_0'

1. Summary
----------

SUCCESS in the conversion of SoC_VPU_Top_0_0 (xilinx.com:user:VPU_Top:1.0 (Rev. 4)) to Vivado generation flows.






Copyright 1986-2022 Xilinx, Inc. All Rights Reserved.
------------------------------------------------------------------------------------
| Tool Version : Vivado v.2022.2 (win64) Build 3671981 Fri Oct 14 05:00:03 MDT 2022
| Date         : Wed Jun 17 01:52:04 2026
| Host         : Cuong-Desktop running 64-bit major release  (build 9200)
| Command      : upgrade_ip
| Device       : xczu7ev-ffvc1156-2-e
------------------------------------------------------------------------------------

Upgrade Log for IP 'SoC_VPU_Top_0_0'

1. Summary
----------

SUCCESS in the conversion of SoC_VPU_Top_0_0 (xilinx.com:user:VPU_Top:1.0 (Rev. 4)) to Vivado generation flows.






Copyright 1986-2022 Xilinx, Inc. All Rights Reserved.
------------------------------------------------------------------------------------
| Tool Version : Vivado v.2022.2 (win64) Build 3671981 Fri Oct 14 05:00:03 MDT 2022
| Date         : Tue Jun 16 16:38:40 2026
| Host         : Cuong-Desktop running 64-bit major release  (build 9200)
| Command      : upgrade_ip
| Device       : xczu7ev-ffvc1156-2-e
------------------------------------------------------------------------------------

Upgrade Log for IP 'SoC_VPU_Top_0_0'

1. Summary
----------

SUCCESS in the conversion of SoC_VPU_Top_0_0 (xilinx.com:user:VPU_Top:1.0 (Rev. 4)) to Vivado generation flows.






Copyright 1986-2022 Xilinx, Inc. All Rights Reserved.
------------------------------------------------------------------------------------
| Tool Version : Vivado v.2022.2 (win64) Build 3671981 Fri Oct 14 05:00:03 MDT 2022
| Date         : Tue Jun 16 13:51:52 2026
| Host         : Cuong-Desktop running 64-bit major release  (build 9200)
| Command      : upgrade_ip
| Device       : xczu7ev-ffvc1156-2-e
------------------------------------------------------------------------------------

Upgrade Log for IP 'SoC_VPU_Top_0_0'

1. Summary
----------

SUCCESS in the conversion of SoC_VPU_Top_0_0 (xilinx.com:user:VPU_Top:1.0 (Rev. 4)) to Vivado generation flows.






Copyright 1986-2022 Xilinx, Inc. All Rights Reserved.
------------------------------------------------------------------------------------
| Tool Version : Vivado v.2022.2 (win64) Build 3671981 Fri Oct 14 05:00:03 MDT 2022
| Date         : Tue Jun 16 13:50:55 2026
| Host         : Cuong-Desktop running 64-bit major release  (build 9200)
| Command      : upgrade_ip
| Device       : xczu7ev-ffvc1156-2-e
------------------------------------------------------------------------------------

Upgrade Log for IP 'SoC_VPU_Top_0_0'

1. Summary
----------

SUCCESS in the upgrade of SoC_VPU_Top_0_0 (xilinx.com:user:VPU_Top:1.0) from (Rev. 3) to (Rev. 4)






Copyright 1986-2022 Xilinx, Inc. All Rights Reserved.
------------------------------------------------------------------------------------
| Tool Version : Vivado v.2022.2 (win64) Build 3671981 Fri Oct 14 05:00:03 MDT 2022
| Date         : Tue Jun 16 13:29:11 2026
| Host         : Cuong-Desktop running 64-bit major release  (build 9200)
| Command      : upgrade_ip
| Device       : xczu7ev-ffvc1156-2-e
------------------------------------------------------------------------------------

Upgrade Log for IP 'SoC_VPU_Top_0_0'

1. Summary
----------

SUCCESS in the conversion of SoC_VPU_Top_0_0 (xilinx.com:user:VPU_Top:1.0 (Rev. 3)) to Vivado generation flows.






Copyright 1986-2022 Xilinx, Inc. All Rights Reserved.
------------------------------------------------------------------------------------
| Tool Version : Vivado v.2022.2 (win64) Build 3671981 Fri Oct 14 05:00:03 MDT 2022
| Date         : Tue Jun 16 12:34:27 2026
| Host         : Cuong-Desktop running 64-bit major release  (build 9200)
| Command      : upgrade_ip
| Device       : xczu7ev-ffvc1156-2-e
------------------------------------------------------------------------------------

Upgrade Log for IP 'SoC_VPU_Top_0_0'

1. Summary
----------

SUCCESS in the conversion of SoC_VPU_Top_0_0 (xilinx.com:user:VPU_Top:1.0 (Rev. 3)) to Vivado generation flows.






Copyright 1986-2022 Xilinx, Inc. All Rights Reserved.
------------------------------------------------------------------------------------
| Tool Version : Vivado v.2022.2 (win64) Build 3671981 Fri Oct 14 05:00:03 MDT 2022
| Date         : Tue Jun 16 11:13:52 2026
| Host         : Cuong-Desktop running 64-bit major release  (build 9200)
| Command      : upgrade_ip
| Device       : xczu7ev-ffvc1156-2-e
------------------------------------------------------------------------------------

Upgrade Log for IP 'SoC_VPU_Top_0_0'

1. Summary
----------

SUCCESS in the conversion of SoC_VPU_Top_0_0 (xilinx.com:user:VPU_Top:1.0 (Rev. 3)) to Vivado generation flows.






Copyright 1986-2022 Xilinx, Inc. All Rights Reserved.
------------------------------------------------------------------------------------
| Tool Version : Vivado v.2022.2 (win64) Build 3671981 Fri Oct 14 05:00:03 MDT 2022
| Date         : Mon Jun 15 21:07:18 2026
| Host         : Cuong-Desktop running 64-bit major release  (build 9200)
| Command      : upgrade_ip
| Device       : xczu7ev-ffvc1156-2-e
------------------------------------------------------------------------------------

Upgrade Log for IP 'SoC_VPU_Top_0_0'

1. Summary
----------

SUCCESS in the conversion of SoC_VPU_Top_0_0 (xilinx.com:user:VPU_Top:1.0 (Rev. 3)) to Vivado generation flows.






Copyright 1986-2022 Xilinx, Inc. All Rights Reserved.
------------------------------------------------------------------------------------
| Tool Version : Vivado v.2022.2 (win64) Build 3671981 Fri Oct 14 05:00:03 MDT 2022
| Date         : Mon Jun 15 17:42:12 2026
| Host         : Cuong-Desktop running 64-bit major release  (build 9200)
| Command      : upgrade_ip
| Device       : xczu7ev-ffvc1156-2-e
------------------------------------------------------------------------------------

Upgrade Log for IP 'SoC_VPU_Top_0_0'

1. Summary
----------

SUCCESS in the conversion of SoC_VPU_Top_0_0 (xilinx.com:user:VPU_Top:1.0 (Rev. 3)) to Vivado generation flows.






Copyright 1986-2022 Xilinx, Inc. All Rights Reserved.
------------------------------------------------------------------------------------
| Tool Version : Vivado v.2022.2 (win64) Build 3671981 Fri Oct 14 05:00:03 MDT 2022
| Date         : Mon Jun 15 12:29:51 2026
| Host         : Cuong-Desktop running 64-bit major release  (build 9200)
| Command      : upgrade_ip
| Device       : xczu7ev-ffvc1156-2-e
------------------------------------------------------------------------------------

Upgrade Log for IP 'SoC_VPU_Top_0_0'

1. Summary
----------

SUCCESS in the conversion of SoC_VPU_Top_0_0 (xilinx.com:user:VPU_Top:1.0 (Rev. 3)) to Vivado generation flows.






Copyright 1986-2022 Xilinx, Inc. All Rights Reserved.
------------------------------------------------------------------------------------
| Tool Version : Vivado v.2022.2 (win64) Build 3671981 Fri Oct 14 05:00:03 MDT 2022
| Date         : Sun Jun 14 10:09:20 2026
| Host         : Cuong-Desktop running 64-bit major release  (build 9200)
| Command      : upgrade_ip
| Device       : xczu7ev-ffvc1156-2-e
------------------------------------------------------------------------------------

Upgrade Log for IP 'SoC_VPU_Top_0_0'

1. Summary
----------

SUCCESS in the conversion of SoC_VPU_Top_0_0 (xilinx.com:user:VPU_Top:1.0 (Rev. 3)) to Vivado generation flows.






Copyright 1986-2022 Xilinx, Inc. All Rights Reserved.
------------------------------------------------------------------------------------
| Tool Version : Vivado v.2022.2 (win64) Build 3671981 Fri Oct 14 05:00:03 MDT 2022
| Date         : Sun Jun 14 08:12:10 2026
| Host         : Cuong-Desktop running 64-bit major release  (build 9200)
| Command      : upgrade_ip
| Device       : xczu7ev-ffvc1156-2-e
------------------------------------------------------------------------------------

Upgrade Log for IP 'SoC_VPU_Top_0_0'

1. Summary
----------

SUCCESS in the upgrade of SoC_VPU_Top_0_0 (xilinx.com:user:VPU_Top:1.0) from (Rev. 2) to (Rev. 3)






Copyright 1986-2022 Xilinx, Inc. All Rights Reserved.
------------------------------------------------------------------------------------
| Tool Version : Vivado v.2022.2 (win64) Build 3671981 Fri Oct 14 05:00:03 MDT 2022
| Date         : Sat Jun 13 18:07:36 2026
| Host         : Cuong-Desktop running 64-bit major release  (build 9200)
| Command      : upgrade_ip
| Device       : xczu7ev-ffvc1156-2-e
------------------------------------------------------------------------------------

Upgrade Log for IP 'SoC_VPU_Top_0_0'

1. Summary
----------

SUCCESS in the conversion of SoC_VPU_Top_0_0 (xilinx.com:user:VPU_Top:1.0 (Rev. 2)) to Vivado generation flows.






Copyright 1986-2022 Xilinx, Inc. All Rights Reserved.
------------------------------------------------------------------------------------
| Tool Version : Vivado v.2022.2 (win64) Build 3671981 Fri Oct 14 05:00:03 MDT 2022
| Date         : Fri Jun 12 23:38:56 2026
| Host         : Cuong-Desktop running 64-bit major release  (build 9200)
| Command      : upgrade_ip
| Device       : xczu7ev-ffvc1156-2-e
------------------------------------------------------------------------------------

Upgrade Log for IP 'SoC_VPU_Top_0_0'

1. Summary
----------

SUCCESS in the conversion of SoC_VPU_Top_0_0 (xilinx.com:user:VPU_Top:1.0 (Rev. 2)) to Vivado generation flows.

