#-----------------------------------------------------------
# Vivado v2022.2 (64-bit)
# SW Build 3671981 on Fri Oct 14 05:00:03 MDT 2022
# IP Build 3669848 on Fri Oct 14 08:30:02 MDT 2022
# Start of session at: Fri Jul 10 12:38:13 2026
# Process ID: 28584
# Current directory: D:/DOAN/DATN_RTL/DATN_VIVADO/project_1
# Command line: vivado.exe -mode batch -source D:\DOAN\DATN_RTL\DATN_VIVADO\project_1\project_1.runs\synth_1\SoC_wrapper.tcl -notrace
# Log file: D:/DOAN/DATN_RTL/DATN_VIVADO/project_1/vivado.log
# Journal file: D:/DOAN/DATN_RTL/DATN_VIVADO/project_1\vivado.jou
# Running On: Cuong-Desktop, OS: Windows, CPU Frequency: 2496 MHz, CPU Physical cores: 6, Host memory: 16984 MB
#-----------------------------------------------------------
source {D:\DOAN\DATN_RTL\DATN_VIVADO\project_1\project_1.runs\synth_1\SoC_wrapper.tcl} -notrace
create_project: Time (s): cpu = 00:00:04 ; elapsed = 00:00:08 . Memory (MB): peak = 1002.230 ; gain = 118.160
INFO: [IP_Flow 19-234] Refreshing IP repositories
INFO: [IP_Flow 19-1700] Loaded user IP repository 'd:/DOAN/DATN_RTL/DATN_VIVADO/project_1'.
INFO: [IP_Flow 19-2313] Loaded Vivado IP repository 'D:/Xlinx/Vivado/2022.2/data/ip'.
add_files: Time (s): cpu = 00:00:02 ; elapsed = 00:00:06 . Memory (MB): peak = 1083.145 ; gain = 38.742
ERROR: [Common 17-275] File does not exist [D:/DOAN/DATN_RTL/DATN_VIVADO/project_1/dont_touch.xdc]
INFO: [Common 17-206] Exiting Vivado at Fri Jul 10 12:38:38 2026...
