Performing C SOURCE FILE Test CMAKE_HAVE_LIBC_PTHREAD failed with the following output:
Change Dir: /home/debian/Cuong_test/Infrastructure_GEMMA3/build_mem/CMakeFiles/CMakeTmp

Run Build Command(s):/usr/bin/gmake -f Makefile cmTC_be443/fast && /usr/bin/gmake  -f CMakeFiles/cmTC_be443.dir/build.make CMakeFiles/cmTC_be443.dir/build
gmake[1]: Entering directory '/home/debian/Cuong_test/Infrastructure_GEMMA3/build_mem/CMakeFiles/CMakeTmp'
Building C object CMakeFiles/cmTC_be443.dir/src.c.o
/usr/bin/cc -DCMAKE_HAVE_LIBC_PTHREAD  -std=gnu11 -o CMakeFiles/cmTC_be443.dir/src.c.o -c /home/debian/Cuong_test/Infrastructure_GEMMA3/build_mem/CMakeFiles/CMakeTmp/src.c
Linking C executable cmTC_be443
/usr/bin/cmake -E cmake_link_script CMakeFiles/cmTC_be443.dir/link.txt --verbose=1
/usr/bin/cc CMakeFiles/cmTC_be443.dir/src.c.o -o cmTC_be443 
/usr/bin/ld: CMakeFiles/cmTC_be443.dir/src.c.o: in function `main':
src.c:(.text+0x34): undefined reference to `pthread_create'
/usr/bin/ld: src.c:(.text+0x3c): undefined reference to `pthread_detach'
/usr/bin/ld: src.c:(.text+0x44): undefined reference to `pthread_cancel'
/usr/bin/ld: src.c:(.text+0x50): undefined reference to `pthread_join'
collect2: error: ld returned 1 exit status
gmake[1]: *** [CMakeFiles/cmTC_be443.dir/build.make:99: cmTC_be443] Error 1
gmake[1]: Leaving directory '/home/debian/Cuong_test/Infrastructure_GEMMA3/build_mem/CMakeFiles/CMakeTmp'
gmake: *** [Makefile:127: cmTC_be443/fast] Error 2


Source file was:
#include <pthread.h>

static void* test_func(void* data)
{
  return data;
}

int main(void)
{
  pthread_t thread;
  pthread_create(&thread, NULL, test_func, NULL);
  pthread_detach(thread);
  pthread_cancel(thread);
  pthread_join(thread, NULL);
  pthread_atfork(NULL, NULL, NULL);
  pthread_exit(NULL);

  return 0;
}

Performing C++ SOURCE FILE Test GGML_COMPILER_SUPPORTS_FP16_FORMAT_I3E failed with the following output:
Change Dir: /home/debian/Cuong_test/Infrastructure_GEMMA3/build_mem/CMakeFiles/CMakeTmp

Run Build Command(s):/usr/bin/gmake -f Makefile cmTC_5ddd7/fast && /usr/bin/gmake  -f CMakeFiles/cmTC_5ddd7.dir/build.make CMakeFiles/cmTC_5ddd7.dir/build
gmake[1]: Entering directory '/home/debian/Cuong_test/Infrastructure_GEMMA3/build_mem/CMakeFiles/CMakeTmp'
Building CXX object CMakeFiles/cmTC_5ddd7.dir/src.cxx.o
/usr/bin/c++ -DGGML_COMPILER_SUPPORTS_FP16_FORMAT_I3E  -mfp16-format=ieee -std=gnu++17 -o CMakeFiles/cmTC_5ddd7.dir/src.cxx.o -c /home/debian/Cuong_test/Infrastructure_GEMMA3/build_mem/CMakeFiles/CMakeTmp/src.cxx
c++: error: unrecognized command-line option '-mfp16-format=ieee'
gmake[1]: *** [CMakeFiles/cmTC_5ddd7.dir/build.make:78: CMakeFiles/cmTC_5ddd7.dir/src.cxx.o] Error 1
gmake[1]: Leaving directory '/home/debian/Cuong_test/Infrastructure_GEMMA3/build_mem/CMakeFiles/CMakeTmp'
gmake: *** [Makefile:127: cmTC_5ddd7/fast] Error 2


Source file was:
int main() { return 0; }
Performing C++ SOURCE FILE Test GGML_MACHINE_SUPPORTS_dotprod failed with the following compile output:
Change Dir: /home/debian/Cuong_test/Infrastructure_GEMMA3/build_mem/CMakeFiles/CMakeTmp

Run Build Command(s):/usr/bin/gmake -f Makefile cmTC_83e29/fast && /usr/bin/gmake  -f CMakeFiles/cmTC_83e29.dir/build.make CMakeFiles/cmTC_83e29.dir/build
gmake[1]: Entering directory '/home/debian/Cuong_test/Infrastructure_GEMMA3/build_mem/CMakeFiles/CMakeTmp'
Building CXX object CMakeFiles/cmTC_83e29.dir/src.cxx.o
/usr/bin/c++ -DGGML_MACHINE_SUPPORTS_dotprod  -mcpu=cortex-a53+dotprod -std=gnu++17 -o CMakeFiles/cmTC_83e29.dir/src.cxx.o -c /home/debian/Cuong_test/Infrastructure_GEMMA3/build_mem/CMakeFiles/CMakeTmp/src.cxx
In file included from /home/debian/Cuong_test/Infrastructure_GEMMA3/build_mem/CMakeFiles/CMakeTmp/src.cxx:1:
/usr/lib/gcc/aarch64-linux-gnu/10/include/arm_neon.h: In function 'int main()':
/usr/lib/gcc/aarch64-linux-gnu/10/include/arm_neon.h:33553:1: error: inlining failed in call to 'always_inline' 'int32x4_t vdotq_s32(int32x4_t, int8x16_t, int8x16_t)': target specific option mismatch
33553 | vdotq_s32 (int32x4_t __r, int8x16_t __a, int8x16_t __b)
      | ^~~~~~~~~
/home/debian/Cuong_test/Infrastructure_GEMMA3/build_mem/CMakeFiles/CMakeTmp/src.cxx:2:65: note: called from here
    2 | int main() { int8x16_t _a, _b; volatile int32x4_t _s = vdotq_s32(_s, _a, _b); return 0; }
      |                                                        ~~~~~~~~~^~~~~~~~~~~~
gmake[1]: *** [CMakeFiles/cmTC_83e29.dir/build.make:78: CMakeFiles/cmTC_83e29.dir/src.cxx.o] Error 1
gmake[1]: Leaving directory '/home/debian/Cuong_test/Infrastructure_GEMMA3/build_mem/CMakeFiles/CMakeTmp'
gmake: *** [Makefile:127: cmTC_83e29/fast] Error 2


...and run output:

Return value: 1
Source file was:
#include <arm_neon.h>
int main() { int8x16_t _a, _b; volatile int32x4_t _s = vdotq_s32(_s, _a, _b); return 0; }
Performing C++ SOURCE FILE Test GGML_MACHINE_SUPPORTS_i8mm failed with the following compile output:
Change Dir: /home/debian/Cuong_test/Infrastructure_GEMMA3/build_mem/CMakeFiles/CMakeTmp

Run Build Command(s):/usr/bin/gmake -f Makefile cmTC_29253/fast && /usr/bin/gmake  -f CMakeFiles/cmTC_29253.dir/build.make CMakeFiles/cmTC_29253.dir/build
gmake[1]: Entering directory '/home/debian/Cuong_test/Infrastructure_GEMMA3/build_mem/CMakeFiles/CMakeTmp'
Building CXX object CMakeFiles/cmTC_29253.dir/src.cxx.o
/usr/bin/c++ -DGGML_MACHINE_SUPPORTS_i8mm  -mcpu=cortex-a53+i8mm -std=gnu++17 -o CMakeFiles/cmTC_29253.dir/src.cxx.o -c /home/debian/Cuong_test/Infrastructure_GEMMA3/build_mem/CMakeFiles/CMakeTmp/src.cxx
In file included from /home/debian/Cuong_test/Infrastructure_GEMMA3/build_mem/CMakeFiles/CMakeTmp/src.cxx:1:
/usr/lib/gcc/aarch64-linux-gnu/10/include/arm_neon.h: In function 'int main()':
/usr/lib/gcc/aarch64-linux-gnu/10/include/arm_neon.h:35882:1: error: inlining failed in call to 'always_inline' 'int32x4_t vmmlaq_s32(int32x4_t, int8x16_t, int8x16_t)': target specific option mismatch
35882 | vmmlaq_s32 (int32x4_t __r, int8x16_t __a, int8x16_t __b)
      | ^~~~~~~~~~
/home/debian/Cuong_test/Infrastructure_GEMMA3/build_mem/CMakeFiles/CMakeTmp/src.cxx:2:66: note: called from here
    2 | int main() { int8x16_t _a, _b; volatile int32x4_t _s = vmmlaq_s32(_s, _a, _b); return 0; }
      |                                                        ~~~~~~~~~~^~~~~~~~~~~~
gmake[1]: *** [CMakeFiles/cmTC_29253.dir/build.make:78: CMakeFiles/cmTC_29253.dir/src.cxx.o] Error 1
gmake[1]: Leaving directory '/home/debian/Cuong_test/Infrastructure_GEMMA3/build_mem/CMakeFiles/CMakeTmp'
gmake: *** [Makefile:127: cmTC_29253/fast] Error 2


...and run output:

Return value: 1
Source file was:
#include <arm_neon.h>
int main() { int8x16_t _a, _b; volatile int32x4_t _s = vmmlaq_s32(_s, _a, _b); return 0; }
Performing C++ SOURCE FILE Test GGML_MACHINE_SUPPORTS_sve failed with the following compile output:
Change Dir: /home/debian/Cuong_test/Infrastructure_GEMMA3/build_mem/CMakeFiles/CMakeTmp

Run Build Command(s):/usr/bin/gmake -f Makefile cmTC_27586/fast && /usr/bin/gmake  -f CMakeFiles/cmTC_27586.dir/build.make CMakeFiles/cmTC_27586.dir/build
gmake[1]: Entering directory '/home/debian/Cuong_test/Infrastructure_GEMMA3/build_mem/CMakeFiles/CMakeTmp'
Building CXX object CMakeFiles/cmTC_27586.dir/src.cxx.o
/usr/bin/c++ -DGGML_MACHINE_SUPPORTS_sve  -mcpu=cortex-a53+sve -std=gnu++17 -o CMakeFiles/cmTC_27586.dir/src.cxx.o -c /home/debian/Cuong_test/Infrastructure_GEMMA3/build_mem/CMakeFiles/CMakeTmp/src.cxx
Linking CXX executable cmTC_27586
/usr/bin/cmake -E cmake_link_script CMakeFiles/cmTC_27586.dir/link.txt --verbose=1
/usr/bin/c++  -mcpu=cortex-a53+sve CMakeFiles/cmTC_27586.dir/src.cxx.o -o cmTC_27586 
gmake[1]: Leaving directory '/home/debian/Cuong_test/Infrastructure_GEMMA3/build_mem/CMakeFiles/CMakeTmp'


...and run output:
Illegal instruction
Return value: FAILED_TO_RUN
Source file was:
#include <arm_sve.h>
int main()  { svfloat32_t _a, _b; volatile svfloat32_t _c = svadd_f32_z(svptrue_b8(), _a, _b); return 0; }
Performing C++ SOURCE FILE Test GGML_MACHINE_SUPPORTS_sme failed with the following compile output:
Change Dir: /home/debian/Cuong_test/Infrastructure_GEMMA3/build_mem/CMakeFiles/CMakeTmp

Run Build Command(s):/usr/bin/gmake -f Makefile cmTC_498c1/fast && /usr/bin/gmake  -f CMakeFiles/cmTC_498c1.dir/build.make CMakeFiles/cmTC_498c1.dir/build
gmake[1]: Entering directory '/home/debian/Cuong_test/Infrastructure_GEMMA3/build_mem/CMakeFiles/CMakeTmp'
Building CXX object CMakeFiles/cmTC_498c1.dir/src.cxx.o
/usr/bin/c++ -DGGML_MACHINE_SUPPORTS_sme  -mcpu=cortex-a53+sme -std=gnu++17 -o CMakeFiles/cmTC_498c1.dir/src.cxx.o -c /home/debian/Cuong_test/Infrastructure_GEMMA3/build_mem/CMakeFiles/CMakeTmp/src.cxx
cc1plus: error: invalid feature modifier 'sme' in '-mcpu=cortex-a53+sme'
cc1plus: note: valid arguments are: fp simd crypto crc lse fp16 rcpc rdma dotprod aes sha2 sha3 sm4 fp16fml sve profile rng memtag sb ssbs predres sve2 sve2-sm4 sve2-aes sve2-sha3 sve2-bitperm tme i8mm f32mm f64mm bf16; did you mean 'sm4'?
gmake[1]: *** [CMakeFiles/cmTC_498c1.dir/build.make:78: CMakeFiles/cmTC_498c1.dir/src.cxx.o] Error 1
gmake[1]: Leaving directory '/home/debian/Cuong_test/Infrastructure_GEMMA3/build_mem/CMakeFiles/CMakeTmp'
gmake: *** [Makefile:127: cmTC_498c1/fast] Error 2


...and run output:

Return value: 1
Source file was:
#include <arm_sme.h>
__arm_locally_streaming int main() { __asm__ volatile("smstart; smstop;"); return 0; }
Performing C++ SOURCE FILE Test GGML_MACHINE_SUPPORTS_nosme failed with the following output:
Change Dir: /home/debian/Cuong_test/Infrastructure_GEMMA3/build_mem/CMakeFiles/CMakeTmp

Run Build Command(s):/usr/bin/gmake -f Makefile cmTC_9d93e/fast && /usr/bin/gmake  -f CMakeFiles/cmTC_9d93e.dir/build.make CMakeFiles/cmTC_9d93e.dir/build
gmake[1]: Entering directory '/home/debian/Cuong_test/Infrastructure_GEMMA3/build_mem/CMakeFiles/CMakeTmp'
Building CXX object CMakeFiles/cmTC_9d93e.dir/src.cxx.o
/usr/bin/c++ -DGGML_MACHINE_SUPPORTS_nosme  -mcpu=cortex-a53+nosme -std=gnu++17 -o CMakeFiles/cmTC_9d93e.dir/src.cxx.o -c /home/debian/Cuong_test/Infrastructure_GEMMA3/build_mem/CMakeFiles/CMakeTmp/src.cxx
cc1plus: error: invalid feature modifier 'sme' in '-mcpu=cortex-a53+nosme'
cc1plus: note: valid arguments are: fp simd crypto crc lse fp16 rcpc rdma dotprod aes sha2 sha3 sm4 fp16fml sve profile rng memtag sb ssbs predres sve2 sve2-sm4 sve2-aes sve2-sha3 sve2-bitperm tme i8mm f32mm f64mm bf16; did you mean 'sm4'?
gmake[1]: *** [CMakeFiles/cmTC_9d93e.dir/build.make:78: CMakeFiles/cmTC_9d93e.dir/src.cxx.o] Error 1
gmake[1]: Leaving directory '/home/debian/Cuong_test/Infrastructure_GEMMA3/build_mem/CMakeFiles/CMakeTmp'
gmake: *** [Makefile:127: cmTC_9d93e/fast] Error 2


Source file was:
int main() { return 0; }
