Copyright 1986-2022 Xilinx, Inc. All Rights Reserved.
----------------------------------------------------------------------------------------------
| Tool Version      : Vivado v.2022.2 (win64) Build 3671981 Fri Oct 14 05:00:03 MDT 2022
| Date              : Sat Aug 22 14:59:51 2026
| Host              : Cuong-Desktop running 64-bit major release  (build 9200)
| Command           : report_clock_utilization -file SoC_wrapper_clock_utilization_routed.rpt
| Design            : SoC_wrapper
| Device            : xczu7ev-ffvc1156
| Speed File        : -2  PRODUCTION 1.30 05-15-2022
| Temperature Grade : E
| Design State      : Routed
----------------------------------------------------------------------------------------------

Clock Utilization Report

Table of Contents
-----------------
1. Clock Primitive Utilization
2. Global Clock Resources
3. Global Clock Source Details
4. Clock Regions : Clock Primitives
5. Clock Regions : Load Primitives
6. Clock Regions : Global Clock Summary
7. Clock Regions : Routing Resource Utilization
8. Device Cell Placement Summary for Global Clock g0
9. Device Cell Placement Summary for Global Clock g1
10. Device Cell Placement Summary for Global Clock g2
11. Clock Region Cell Placement per Global Clock: Region X1Y0
12. Clock Region Cell Placement per Global Clock: Region X2Y0
13. Clock Region Cell Placement per Global Clock: Region X1Y1
14. Clock Region Cell Placement per Global Clock: Region X2Y1
15. Clock Region Cell Placement per Global Clock: Region X3Y1
16. Clock Region Cell Placement per Global Clock: Region X1Y2
17. Clock Region Cell Placement per Global Clock: Region X2Y2
18. Clock Region Cell Placement per Global Clock: Region X3Y2
19. Clock Region Cell Placement per Global Clock: Region X1Y3
20. Clock Region Cell Placement per Global Clock: Region X2Y3
21. Clock Region Cell Placement per Global Clock: Region X3Y3
22. Clock Region Cell Placement per Global Clock: Region X0Y4
23. Clock Region Cell Placement per Global Clock: Region X1Y4
24. Clock Region Cell Placement per Global Clock: Region X2Y4
25. Clock Region Cell Placement per Global Clock: Region X0Y5
26. Clock Region Cell Placement per Global Clock: Region X1Y5
27. Clock Region Cell Placement per Global Clock: Region X2Y5

1. Clock Primitive Utilization
------------------------------

+------------+------+-----------+-----+--------------+--------+
| Type       | Used | Available | LOC | Clock Region | Pblock |
+------------+------+-----------+-----+--------------+--------+
| BUFGCE     |    2 |       208 |   0 |            0 |      0 |
| BUFGCE_DIV |    0 |        32 |   0 |            0 |      0 |
| BUFGCTRL   |    0 |        64 |   0 |            0 |      0 |
| BUFG_GT    |    0 |       144 |   0 |            0 |      0 |
| BUFG_PS    |    1 |        96 |   0 |            0 |      0 |
| MMCM       |    0 |         8 |   0 |            0 |      0 |
| PLL        |    0 |        16 |   0 |            0 |      0 |
+------------+------+-----------+-----+--------------+--------+


2. Global Clock Resources
-------------------------

+-----------+-----------+-----------------+------------+---------------+--------------+------+-------------------+-------------------+-------------+-----------------+--------------+----------+------------------------------------------------------------------------------------------------------------+--------------------------------------------------------------------------------------+
| Global Id | Source Id | Driver Type/Pin | Constraint | Site          | Clock Region | Root | Clock Delay Group | Load Clock Region | Clock Loads | Non-Clock Loads | Clock Period | Clock    | Driver Pin                                                                                                 | Net                                                                                  |
+-----------+-----------+-----------------+------------+---------------+--------------+------+-------------------+-------------------+-------------+-----------------+--------------+----------+------------------------------------------------------------------------------------------------------------+--------------------------------------------------------------------------------------+
| g0        | src0      | BUFG_PS/O       | None       | BUFG_PS_X0Y88 | X1Y3         | X1Y2 |                   |                17 |       50552 |               0 |        4.000 | clk_pl_0 | SoC_i/zynq_ultra_ps_e_0/inst/buffer_pl_clk_0.PL_CLK_0_BUFG/O                                               | SoC_i/zynq_ultra_ps_e_0/inst/pl_clk0                                                 |
| g1        | src1      | BUFGCE/O        | None       | BUFGCE_X1Y50  | X2Y2         | X2Y2 | n/a               |                 6 |           0 |            5823 |          n/a | n/a      | SoC_i/VPU_Top_0/inst/u_my_ip/u_axi4_mapping/u_spu/u_vpu_stream8/stream_fifo_high_water[2]_i_1_bufg_place/O | SoC_i/VPU_Top_0/inst/u_my_ip/u_axi4_mapping/u_spu/u_vpu_stream8/spu_soft_reset_r_reg |
| g2        | src2      | BUFGCE/O        | None       | BUFGCE_X1Y72  | X2Y3         | X2Y3 | n/a               |                13 |           0 |           32003 |          n/a | n/a      | SoC_i/rst_ps8_0_100M/U0/peripheral_aresetn[0]_BUFG_inst/O                                                  | SoC_i/rst_ps8_0_100M/U0/peripheral_aresetn_BUFG[0]                                   |
+-----------+-----------+-----------------+------------+---------------+--------------+------+-------------------+-------------------+-------------+-----------------+--------------+----------+------------------------------------------------------------------------------------------------------------+--------------------------------------------------------------------------------------+
* Clock Loads column represents cell count of net connects that connect to a clock pin. Internal cell leaf pins are not considered
** Non-Clock Loads column represents cell count of non-clock pin loads


3. Global Clock Source Details
------------------------------

+-----------+-----------+-----------------+------------+---------------+--------------+-------------+-----------------+---------------------+--------------+-------------------------------------------------------------------------------------------------+-------------------------------------------------------------------------------------------------+
| Source Id | Global Id | Driver Type/Pin | Constraint | Site          | Clock Region | Clock Loads | Non-Clock Loads | Source Clock Period | Source Clock | Driver Pin                                                                                      | Net                                                                                             |
+-----------+-----------+-----------------+------------+---------------+--------------+-------------+-----------------+---------------------+--------------+-------------------------------------------------------------------------------------------------+-------------------------------------------------------------------------------------------------+
| src0      | g0        | PS8/PLCLK[0]    | None       | PS8_X0Y0      | X0Y1         |           1 |               0 |               4.000 | clk_pl_0     | SoC_i/zynq_ultra_ps_e_0/inst/PS8_i/PLCLK[0]                                                     | SoC_i/zynq_ultra_ps_e_0/inst/pl_clk_unbuffered[0]                                               |
| src1      | g1        | LUT2/O          | None       | SLICE_X61Y143 | X1Y2         |           1 |               0 |                     |              | SoC_i/VPU_Top_0/inst/u_my_ip/u_axi4_mapping/u_spu/u_vpu_stream8/stream_fifo_high_water[2]_i_1/O | SoC_i/VPU_Top_0/inst/u_my_ip/u_axi4_mapping/u_spu/u_vpu_stream8/spu_soft_reset_r_reg_bufg_place |
| src2      | g2        | FDRE/Q          | None       | SLICE_X67Y211 | X2Y3         |           1 |               0 |                     |              | SoC_i/rst_ps8_0_100M/U0/ACTIVE_LOW_PR_OUT_DFF[0].FDRE_PER_N_lopt_replica_1/Q                    | SoC_i/rst_ps8_0_100M/U0/Q_replN_1                                                               |
+-----------+-----------+-----------------+------------+---------------+--------------+-------------+-----------------+---------------------+--------------+-------------------------------------------------------------------------------------------------+-------------------------------------------------------------------------------------------------+
* Clock Loads column represents cell count of net connects that connect to a clock pin. Internal cell leaf pins are not considered
** Non-Clock Loads column represents cell count of non-clock pin loads


4. Clock Regions : Clock Primitives
-----------------------------------

+-------------------+---------------+---------------+---------------+---------------+---------------+---------------+---------------+---------------+
|                   |  Global Clock |     BUFGCE    |   BUFGCE_DIV  |    BUFGCTRL   |    BUFG_GT    |    BUFG_PS    |      MMCM     |      PLL      |
+-------------------+-------+-------+-------+-------+-------+-------+-------+-------+-------+-------+-------+-------+-------+-------+-------+-------+
| Clock Region Name | Used  | Avail | Used  | Avail | Used  | Avail | Used  | Avail | Used  | Avail | Used  | Avail | Used  | Avail | Used  | Avail |
+-------------------+-------+-------+-------+-------+-------+-------+-------+-------+-------+-------+-------+-------+-------+-------+-------+-------+
| X0Y0              |     0 |     0 |     0 |     0 |     0 |     0 |     0 |     0 |     0 |     0 |     0 |     0 |     0 |     0 |     0 |     0 |
| X1Y0              |     2 |    24 |     0 |     0 |     0 |     0 |     0 |     0 |     0 |     0 |     0 |    24 |     0 |     0 |     0 |     0 |
| X2Y0              |     2 |    24 |     0 |    24 |     0 |     4 |     0 |     8 |     0 |     0 |     0 |     0 |     0 |     1 |     0 |     2 |
| X3Y0              |     0 |    24 |     0 |     0 |     0 |     0 |     0 |     0 |     0 |    24 |     0 |     0 |     0 |     0 |     0 |     0 |
| X0Y1              |     0 |     0 |     0 |     0 |     0 |     0 |     0 |     0 |     0 |     0 |     0 |     0 |     0 |     0 |     0 |     0 |
| X1Y1              |     3 |    24 |     0 |     0 |     0 |     0 |     0 |     0 |     0 |     0 |     0 |    24 |     0 |     0 |     0 |     0 |
| X2Y1              |     3 |    24 |     0 |    24 |     0 |     4 |     0 |     8 |     0 |     0 |     0 |     0 |     0 |     1 |     0 |     2 |
| X3Y1              |     1 |    24 |     0 |     0 |     0 |     0 |     0 |     0 |     0 |    24 |     0 |     0 |     0 |     0 |     0 |     0 |
| X0Y2              |     0 |     0 |     0 |     0 |     0 |     0 |     0 |     0 |     0 |     0 |     0 |     0 |     0 |     0 |     0 |     0 |
| X1Y2              |     3 |    24 |     0 |     0 |     0 |     0 |     0 |     0 |     0 |     0 |     0 |    24 |     0 |     0 |     0 |     0 |
| X2Y2              |     3 |    24 |     1 |    24 |     0 |     4 |     0 |     8 |     0 |     0 |     0 |     0 |     0 |     1 |     0 |     2 |
| X3Y2              |     1 |    24 |     0 |     0 |     0 |     0 |     0 |     0 |     0 |    24 |     0 |     0 |     0 |     0 |     0 |     0 |
| X0Y3              |     0 |     0 |     0 |     0 |     0 |     0 |     0 |     0 |     0 |     0 |     0 |     0 |     0 |     0 |     0 |     0 |
| X1Y3              |     3 |    24 |     0 |     0 |     0 |     0 |     0 |     0 |     0 |     0 |     1 |    24 |     0 |     0 |     0 |     0 |
| X2Y3              |     3 |    24 |     1 |    24 |     0 |     4 |     0 |     8 |     0 |     0 |     0 |     0 |     0 |     1 |     0 |     2 |
| X3Y3              |     1 |    24 |     0 |     0 |     0 |     0 |     0 |     0 |     0 |    24 |     0 |     0 |     0 |     0 |     0 |     0 |
| X0Y4              |     2 |    24 |     0 |    28 |     0 |     4 |     0 |     8 |     0 |     0 |     0 |     0 |     0 |     1 |     0 |     2 |
| X1Y4              |     2 |    24 |     0 |     0 |     0 |     0 |     0 |     0 |     0 |     0 |     0 |     0 |     0 |     0 |     0 |     0 |
| X2Y4              |     2 |    24 |     0 |    24 |     0 |     4 |     0 |     8 |     0 |     0 |     0 |     0 |     0 |     1 |     0 |     2 |
| X3Y4              |     0 |    24 |     0 |     4 |     0 |     0 |     0 |     0 |     0 |    24 |     0 |     0 |     0 |     0 |     0 |     0 |
| X0Y5              |     2 |    24 |     0 |    28 |     0 |     4 |     0 |     8 |     0 |     0 |     0 |     0 |     0 |     1 |     0 |     2 |
| X1Y5              |     2 |    24 |     0 |     0 |     0 |     0 |     0 |     0 |     0 |     0 |     0 |     0 |     0 |     0 |     0 |     0 |
| X2Y5              |     1 |    24 |     0 |    24 |     0 |     4 |     0 |     8 |     0 |     0 |     0 |     0 |     0 |     1 |     0 |     2 |
| X3Y5              |     0 |    24 |     0 |     4 |     0 |     0 |     0 |     0 |     0 |    24 |     0 |     0 |     0 |     0 |     0 |     0 |
+-------------------+-------+-------+-------+-------+-------+-------+-------+-------+-------+-------+-------+-------+-------+-------+-------+-------+
* Global Clock column represents track count; while other columns represents cell counts


5. Clock Regions : Load Primitives
----------------------------------

+-------------------+------------------+------------------+------------------+------------------+------------------+------------------+------------------+------------------+
|                   |   Global Clock   |        FF        |      LUTRAM      |  Block RAM (18K) |       URAM       |        DSP       |        GT        |      HARD IP     |
+-------------------+--------+---------+--------+---------+--------+---------+--------+---------+--------+---------+--------+---------+--------+---------+--------+---------+
| Clock Region Name | Used   | Avail   | Used   | Avail   | Used   | Avail   | Used   | Avail   | Used   | Avail   | Used   | Avail   | Used   | Avail   | Used   | Avail   |
+-------------------+--------+---------+--------+---------+--------+---------+--------+---------+--------+---------+--------+---------+--------+---------+--------+---------+
| X0Y0              |      0 |       0 |      0 |       0 |      0 |       0 |      0 |       0 |      0 |       0 |      0 |       0 |      0 |       0 |      0 |       0 |
| X1Y0              |      2 |      24 |   1080 |   17280 |      1 |    4320 |      2 |      24 |      0 |      16 |     38 |      96 |      0 |       0 |      0 |       0 |
| X2Y0              |      2 |      24 |    766 |   22080 |      0 |    5760 |      6 |      24 |      0 |       0 |     33 |     120 |      0 |       0 |      0 |       0 |
| X3Y0              |      0 |      24 |      0 |   22080 |      0 |    3360 |      0 |      48 |      0 |       0 |      0 |      48 |      0 |       4 |      0 |       1 |
| X0Y1              |      0 |       0 |      0 |       0 |      0 |       0 |      0 |       0 |      0 |       0 |      0 |       0 |      0 |       0 |      0 |       0 |
| X1Y1              |      3 |      24 |   5646 |   17280 |    194 |    4320 |     24 |      24 |      0 |      16 |     59 |      96 |      0 |       0 |      0 |       0 |
| X2Y1              |      3 |      24 |   3454 |   22080 |    374 |    5760 |     24 |      24 |      0 |       0 |     90 |     120 |      0 |       0 |      0 |       0 |
| X3Y1              |      1 |      24 |      0 |   22080 |      0 |    3360 |      6 |      48 |      0 |       0 |      0 |      48 |      0 |       4 |      0 |       1 |
| X0Y2              |      0 |       0 |      0 |       0 |      0 |       0 |      0 |       0 |      0 |       0 |      0 |       0 |      0 |       0 |      0 |       0 |
| X1Y2              |      3 |      24 |   6227 |   17280 |    290 |    4320 |     24 |      24 |     16 |      16 |      7 |      96 |      0 |       0 |      0 |       0 |
| X2Y2              |      3 |      24 |   2643 |   22080 |     24 |    5760 |     24 |      24 |      0 |       0 |     37 |     120 |      0 |       0 |      0 |       0 |
| X3Y2              |      1 |      24 |     27 |   22080 |      0 |    3360 |     30 |      48 |      0 |       0 |      0 |      48 |      0 |       4 |      0 |       0 |
| X0Y3              |      0 |       0 |      0 |       0 |      0 |       0 |      0 |       0 |      0 |       0 |      0 |       0 |      0 |       0 |      0 |       0 |
| X1Y3              |      3 |      24 |   6405 |   17280 |     68 |    4320 |     19 |      24 |     16 |      16 |     17 |      96 |      0 |       0 |      0 |       0 |
| X2Y3              |      3 |      24 |   1714 |   22080 |      0 |    5760 |     20 |      24 |      0 |       0 |      1 |     120 |      0 |       0 |      0 |       0 |
| X3Y3              |      1 |      24 |     24 |   22080 |      0 |    3360 |     14 |      48 |      0 |       0 |      0 |      48 |      0 |       4 |      0 |       0 |
| X0Y4              |      2 |      24 |  10156 |   40320 |    761 |    9120 |      0 |      24 |      0 |       0 |     38 |      48 |      0 |       0 |      0 |       0 |
| X1Y4              |      2 |      24 |   7632 |   23040 |    134 |    5760 |     12 |      24 |     16 |      16 |     57 |     120 |      0 |       0 |      0 |       0 |
| X2Y4              |      2 |      24 |    204 |   22080 |      0 |    5760 |      4 |      24 |      0 |       0 |     17 |     120 |      0 |       0 |      0 |       0 |
| X3Y4              |      0 |      24 |      0 |   22080 |      0 |    3360 |      0 |      48 |      0 |       0 |      0 |      48 |      0 |       4 |      0 |       0 |
| X0Y5              |      2 |      24 |    956 |   40320 |     10 |    9120 |      0 |      24 |      0 |       0 |     12 |      48 |      0 |       0 |      0 |       0 |
| X1Y5              |      2 |      24 |   1231 |   23040 |     19 |    5760 |      0 |      24 |     16 |      16 |      0 |     120 |      0 |       0 |      0 |       0 |
| X2Y5              |      1 |      24 |      0 |   22080 |      0 |    5760 |      0 |      24 |      0 |       0 |      0 |     120 |      0 |       0 |      0 |       0 |
| X3Y5              |      0 |      24 |      0 |   22080 |      0 |    3360 |      0 |      48 |      0 |       0 |      0 |      48 |      0 |       4 |      0 |       0 |
+-------------------+--------+---------+--------+---------+--------+---------+--------+---------+--------+---------+--------+---------+--------+---------+--------+---------+
* Global Clock column represents track count; while other columns represents cell counts


6. Clock Regions : Global Clock Summary
---------------------------------------

All Modules
+----+----+----+----+----+
|    | X0 | X1 | X2 | X3 |
+----+----+----+----+----+
| Y5 |  2 |  2 |  1 |  0 |
| Y4 |  2 |  2 |  2 |  0 |
| Y3 |  0 |  3 |  3 |  1 |
| Y2 |  0 |  3 |  3 |  1 |
| Y1 |  0 |  3 |  3 |  1 |
| Y0 |  0 |  2 |  2 |  0 |
+----+----+----+----+----+


7. Clock Regions : Routing Resource Utilization
-----------------------------------------------

All Modules
+-------------------+----------------------+----------------------+----------------------+----------------------+
|                   |        HROUTES       |        HDISTRS       |        VROUTES       |        VDISTRS       |
+-------------------+------+-------+-------+------+-------+-------+------+-------+-------+------+-------+-------+
| Clock Region Name | Used | Avail | Util% | Used | Avail | Util% | Used | Avail | Util% | Used | Avail | Util% |
+-------------------+------+-------+-------+------+-------+-------+------+-------+-------+------+-------+-------+
| X0Y0              |    0 |     0 |  0.00 |    0 |     0 |  0.00 |    0 |     0 |  0.00 |    0 |     0 |  0.00 |
| X1Y0              |    0 |    24 |  0.00 |    2 |    24 |  8.33 |    0 |    24 |  0.00 |    1 |    24 |  4.17 |
| X2Y0              |    0 |    24 |  0.00 |    2 |    24 |  8.33 |    0 |    24 |  0.00 |    1 |    24 |  4.17 |
| X3Y0              |    0 |    24 |  0.00 |    0 |    24 |  0.00 |    0 |    24 |  0.00 |    0 |    24 |  0.00 |
| X0Y1              |    0 |     0 |  0.00 |    0 |     0 |  0.00 |    0 |     0 |  0.00 |    0 |     0 |  0.00 |
| X1Y1              |    0 |    24 |  0.00 |    3 |    24 | 12.50 |    0 |    24 |  0.00 |    1 |    24 |  4.17 |
| X2Y1              |    0 |    24 |  0.00 |    3 |    24 | 12.50 |    0 |    24 |  0.00 |    2 |    24 |  8.33 |
| X3Y1              |    0 |    24 |  0.00 |    1 |    24 |  4.17 |    0 |    24 |  0.00 |    0 |    24 |  0.00 |
| X0Y2              |    0 |     0 |  0.00 |    0 |     0 |  0.00 |    0 |     0 |  0.00 |    0 |     0 |  0.00 |
| X1Y2              |    0 |    24 |  0.00 |    3 |    24 | 12.50 |    1 |    24 |  4.17 |    1 |    24 |  4.17 |
| X2Y2              |    0 |    24 |  0.00 |    3 |    24 | 12.50 |    0 |    24 |  0.00 |    2 |    24 |  8.33 |
| X3Y2              |    0 |    24 |  0.00 |    1 |    24 |  4.17 |    0 |    24 |  0.00 |    0 |    24 |  0.00 |
| X0Y3              |    0 |     0 |  0.00 |    0 |     0 |  0.00 |    0 |     0 |  0.00 |    0 |     0 |  0.00 |
| X1Y3              |    2 |    24 |  8.33 |    3 |    24 | 12.50 |    1 |    24 |  4.17 |    1 |    24 |  4.17 |
| X2Y3              |    0 |    24 |  0.00 |    3 |    24 | 12.50 |    0 |    24 |  0.00 |    1 |    24 |  4.17 |
| X3Y3              |    0 |    24 |  0.00 |    1 |    24 |  4.17 |    0 |    24 |  0.00 |    0 |    24 |  0.00 |
| X0Y4              |    0 |    24 |  0.00 |    2 |    24 |  8.33 |    0 |    24 |  0.00 |    0 |    24 |  0.00 |
| X1Y4              |    0 |    24 |  0.00 |    2 |    24 |  8.33 |    0 |    24 |  0.00 |    1 |    24 |  4.17 |
| X2Y4              |    0 |    24 |  0.00 |    2 |    24 |  8.33 |    0 |    24 |  0.00 |    1 |    24 |  4.17 |
| X3Y4              |    0 |    24 |  0.00 |    0 |    24 |  0.00 |    0 |    24 |  0.00 |    0 |    24 |  0.00 |
| X0Y5              |    0 |    24 |  0.00 |    2 |    24 |  8.33 |    0 |    24 |  0.00 |    0 |    24 |  0.00 |
| X1Y5              |    0 |    24 |  0.00 |    2 |    24 |  8.33 |    0 |    24 |  0.00 |    0 |    24 |  0.00 |
| X2Y5              |    0 |    24 |  0.00 |    1 |    24 |  4.17 |    0 |    24 |  0.00 |    0 |    24 |  0.00 |
| X3Y5              |    0 |    24 |  0.00 |    0 |    24 |  0.00 |    0 |    24 |  0.00 |    0 |    24 |  0.00 |
+-------------------+------+-------+-------+------+-------+-------+------+-------+-------+------+-------+-------+


8. Device Cell Placement Summary for Global Clock g0
----------------------------------------------------

+-----------+-----------------+-------------------+----------+-------------+---------------+----------+-------------+----------+----------------+----------+--------------------------------------+
| Global Id | Driver Type/Pin | Driver Region (D) | Clock    | Period (ns) | Waveform (ns) | Root (R) | Slice Loads | IO Loads | Clocking Loads | GT Loads | Net                                  |
+-----------+-----------------+-------------------+----------+-------------+---------------+----------+-------------+----------+----------------+----------+--------------------------------------+
| g0        | BUFG_PS/O       | X1Y3              | clk_pl_0 |       4.000 | {0.000 2.000} | X1Y2     |       50552 |        0 |              0 |        0 | SoC_i/zynq_ultra_ps_e_0/inst/pl_clk0 |
+-----------+-----------------+-------------------+----------+-------------+---------------+----------+-------------+----------+----------------+----------+--------------------------------------+
* Slice Loads column represents load cell count of all cell types other than IO, GT and clock resources
** IO Loads column represents load cell count of IO types
*** Clocking Loads column represents load cell count that are clock resources (global clock buffer, MMCM, PLL, etc)
**** GT Loads column represents load cell count of GT types


+----+--------+-----------+-------+-----+-----------------------+
|    | X0     | X1        | X2    | X3  | HORIZONTAL PROG DELAY |
+----+--------+-----------+-------+-----+-----------------------+
| Y5 |    978 |      1250 |     0 |   0 |                     0 |
| Y4 |  10955 |      7829 |   223 |   0 |                     1 |
| Y3 |      0 |  (D) 6500 |  1725 |  31 |                     2 |
| Y2 |      0 |  (R) 6536 |  2716 |  42 |                     2 |
| Y1 |      1 |      5911 |  3930 |   3 |                     1 |
| Y0 |      0 |      1120 |   802 |   0 |                     0 |
+----+--------+-----------+-------+-----+-----------------------+


9. Device Cell Placement Summary for Global Clock g1
----------------------------------------------------

+-----------+-----------------+-------------------+-------+-------------+---------------+----------+-------------+----------+----------------+----------+--------------------------------------------------------------------------------------+
| Global Id | Driver Type/Pin | Driver Region (D) | Clock | Period (ns) | Waveform (ns) | Root (R) | Slice Loads | IO Loads | Clocking Loads | GT Loads | Net                                                                                  |
+-----------+-----------------+-------------------+-------+-------------+---------------+----------+-------------+----------+----------------+----------+--------------------------------------------------------------------------------------+
| g1        | BUFGCE/O        | X2Y2              |       |             |               | X2Y2     |        5823 |        0 |              0 |        0 | SoC_i/VPU_Top_0/inst/u_my_ip/u_axi4_mapping/u_spu/u_vpu_stream8/spu_soft_reset_r_reg |
+-----------+-----------------+-------------------+-------+-------------+---------------+----------+-------------+----------+----------------+----------+--------------------------------------------------------------------------------------+
* Slice Loads column represents load cell count of all cell types other than IO, GT and clock resources
** IO Loads column represents load cell count of IO types
*** Clocking Loads column represents load cell count that are clock resources (global clock buffer, MMCM, PLL, etc)
**** GT Loads column represents load cell count of GT types


+----+----+-------+--------------+----+-----------------------+
|    | X0 | X1    | X2           | X3 | HORIZONTAL PROG DELAY |
+----+----+-------+--------------+----+-----------------------+
| Y5 |  0 |     0 |            0 |  0 |                     - |
| Y4 |  0 |     0 |            0 |  0 |                     - |
| Y3 |  0 |  1904 |            2 |  0 |                     0 |
| Y2 |  0 |  2093 | (R) (D) 1356 |  0 |                     0 |
| Y1 |  0 |    76 |          392 |  0 |                     0 |
| Y0 |  0 |     0 |            0 |  0 |                     - |
+----+----+-------+--------------+----+-----------------------+


10. Device Cell Placement Summary for Global Clock g2
-----------------------------------------------------

+-----------+-----------------+-------------------+-------+-------------+---------------+----------+-------------+----------+----------------+----------+----------------------------------------------------+
| Global Id | Driver Type/Pin | Driver Region (D) | Clock | Period (ns) | Waveform (ns) | Root (R) | Slice Loads | IO Loads | Clocking Loads | GT Loads | Net                                                |
+-----------+-----------------+-------------------+-------+-------------+---------------+----------+-------------+----------+----------------+----------+----------------------------------------------------+
| g2        | BUFGCE/O        | X2Y3              |       |             |               | X2Y3     |       32003 |        0 |              0 |        0 | SoC_i/rst_ps8_0_100M/U0/peripheral_aresetn_BUFG[0] |
+-----------+-----------------+-------------------+-------+-------------+---------------+----------+-------------+----------+----------------+----------+----------------------------------------------------+
* Slice Loads column represents load cell count of all cell types other than IO, GT and clock resources
** IO Loads column represents load cell count of IO types
*** Clocking Loads column represents load cell count that are clock resources (global clock buffer, MMCM, PLL, etc)
**** GT Loads column represents load cell count of GT types


+----+-------+-------+--------------+----+-----------------------+
|    | X0    | X1    | X2           | X3 | HORIZONTAL PROG DELAY |
+----+-------+-------+--------------+----+-----------------------+
| Y5 |   946 |  1228 |            0 |  0 |                     0 |
| Y4 |  2988 |  7357 |          174 |  0 |                     0 |
| Y3 |     0 |  4237 | (R) (D) 1683 |  0 |                     0 |
| Y2 |     0 |  2781 |         1194 |  0 |                     0 |
| Y1 |     0 |  4865 |         2873 |  0 |                     0 |
| Y0 |     0 |   919 |          758 |  0 |                     0 |
+----+-------+-------+--------------+----+-----------------------+


11. Clock Region Cell Placement per Global Clock: Region X1Y0
-------------------------------------------------------------

+-----------+-------+-----------------+------------+-------------+-----------------+------+-------------+------+------+-----+----+------+-----+---------+----------------------------------------------------+
| Global Id | Track | Driver Type/Pin | Constraint | Clock Loads | Non-Clock Loads | FF   | Memory LUTs | RAMB | URAM | DSP | GT | MMCM | PLL | Hard IP | Net                                                |
+-----------+-------+-----------------+------------+-------------+-----------------+------+-------------+------+------+-----+----+------+-----+---------+----------------------------------------------------+
| g0        | 16    | BUFG_PS/O       | None       |        1120 |               0 | 1080 |           1 |    1 |    0 |  38 |  0 |    0 |   0 |       0 | SoC_i/zynq_ultra_ps_e_0/inst/pl_clk0               |
| g2        | 0     | BUFGCE/O        | None       |           0 |             919 |  878 |           0 |    0 |    0 |  38 |  0 |    0 |   0 |       0 | SoC_i/rst_ps8_0_100M/U0/peripheral_aresetn_BUFG[0] |
+-----------+-------+-----------------+------------+-------------+-----------------+------+-------------+------+------+-----+----+------+-----+---------+----------------------------------------------------+
* Clock Loads column represents cell count of net connects that connect to a clock pin. Internal cell leaf pins are not considered
** Non-Clock Loads column represents cell count of non-clock pin loads
*** Columns FF, LUTRAM, RAMB through 'Hard IP' represents load cell counts


12. Clock Region Cell Placement per Global Clock: Region X2Y0
-------------------------------------------------------------

+-----------+-------+-----------------+------------+-------------+-----------------+-----+-------------+------+------+-----+----+------+-----+---------+----------------------------------------------------+
| Global Id | Track | Driver Type/Pin | Constraint | Clock Loads | Non-Clock Loads | FF  | Memory LUTs | RAMB | URAM | DSP | GT | MMCM | PLL | Hard IP | Net                                                |
+-----------+-------+-----------------+------------+-------------+-----------------+-----+-------------+------+------+-----+----+------+-----+---------+----------------------------------------------------+
| g0        | 16    | BUFG_PS/O       | None       |         802 |               0 | 766 |           0 |    3 |    0 |  33 |  0 |    0 |   0 |       0 | SoC_i/zynq_ultra_ps_e_0/inst/pl_clk0               |
| g2        | 0     | BUFGCE/O        | None       |           0 |             758 | 724 |           0 |    0 |    0 |  33 |  0 |    0 |   0 |       0 | SoC_i/rst_ps8_0_100M/U0/peripheral_aresetn_BUFG[0] |
+-----------+-------+-----------------+------------+-------------+-----------------+-----+-------------+------+------+-----+----+------+-----+---------+----------------------------------------------------+
* Clock Loads column represents cell count of net connects that connect to a clock pin. Internal cell leaf pins are not considered
** Non-Clock Loads column represents cell count of non-clock pin loads
*** Columns FF, LUTRAM, RAMB through 'Hard IP' represents load cell counts


13. Clock Region Cell Placement per Global Clock: Region X1Y1
-------------------------------------------------------------

+-----------+-------+-----------------+------------+-------------+-----------------+------+-------------+------+------+-----+----+------+-----+---------+--------------------------------------------------------------------------------------+
| Global Id | Track | Driver Type/Pin | Constraint | Clock Loads | Non-Clock Loads | FF   | Memory LUTs | RAMB | URAM | DSP | GT | MMCM | PLL | Hard IP | Net                                                                                  |
+-----------+-------+-----------------+------------+-------------+-----------------+------+-------------+------+------+-----+----+------+-----+---------+--------------------------------------------------------------------------------------+
| g0        | 16    | BUFG_PS/O       | None       |        5911 |               0 | 5646 |         194 |   12 |    0 |  59 |  0 |    0 |   0 |       0 | SoC_i/zynq_ultra_ps_e_0/inst/pl_clk0                                                 |
| g1        | 2     | BUFGCE/O        | None       |           0 |              76 |   76 |           0 |    0 |    0 |   0 |  0 |    0 |   0 |       0 | SoC_i/VPU_Top_0/inst/u_my_ip/u_axi4_mapping/u_spu/u_vpu_stream8/spu_soft_reset_r_reg |
| g2        | 0     | BUFGCE/O        | None       |           0 |            4865 | 4801 |           0 |    0 |    0 |  59 |  0 |    0 |   0 |       0 | SoC_i/rst_ps8_0_100M/U0/peripheral_aresetn_BUFG[0]                                   |
+-----------+-------+-----------------+------------+-------------+-----------------+------+-------------+------+------+-----+----+------+-----+---------+--------------------------------------------------------------------------------------+
* Clock Loads column represents cell count of net connects that connect to a clock pin. Internal cell leaf pins are not considered
** Non-Clock Loads column represents cell count of non-clock pin loads
*** Columns FF, LUTRAM, RAMB through 'Hard IP' represents load cell counts


14. Clock Region Cell Placement per Global Clock: Region X2Y1
-------------------------------------------------------------

+-----------+-------+-----------------+------------+-------------+-----------------+------+-------------+------+------+-----+----+------+-----+---------+--------------------------------------------------------------------------------------+
| Global Id | Track | Driver Type/Pin | Constraint | Clock Loads | Non-Clock Loads | FF   | Memory LUTs | RAMB | URAM | DSP | GT | MMCM | PLL | Hard IP | Net                                                                                  |
+-----------+-------+-----------------+------------+-------------+-----------------+------+-------------+------+------+-----+----+------+-----+---------+--------------------------------------------------------------------------------------+
| g0        | 16    | BUFG_PS/O       | None       |        3930 |               0 | 3454 |         374 |   12 |    0 |  90 |  0 |    0 |   0 |       0 | SoC_i/zynq_ultra_ps_e_0/inst/pl_clk0                                                 |
| g1        | 2     | BUFGCE/O        | None       |           0 |             392 |  392 |           0 |    0 |    0 |   0 |  0 |    0 |   0 |       0 | SoC_i/VPU_Top_0/inst/u_my_ip/u_axi4_mapping/u_spu/u_vpu_stream8/spu_soft_reset_r_reg |
| g2        | 0     | BUFGCE/O        | None       |           0 |            2873 | 2779 |           0 |    0 |    0 |  90 |  0 |    0 |   0 |       0 | SoC_i/rst_ps8_0_100M/U0/peripheral_aresetn_BUFG[0]                                   |
+-----------+-------+-----------------+------------+-------------+-----------------+------+-------------+------+------+-----+----+------+-----+---------+--------------------------------------------------------------------------------------+
* Clock Loads column represents cell count of net connects that connect to a clock pin. Internal cell leaf pins are not considered
** Non-Clock Loads column represents cell count of non-clock pin loads
*** Columns FF, LUTRAM, RAMB through 'Hard IP' represents load cell counts


15. Clock Region Cell Placement per Global Clock: Region X3Y1
-------------------------------------------------------------

+-----------+-------+-----------------+------------+-------------+-----------------+----+-------------+------+------+-----+----+------+-----+---------+--------------------------------------+
| Global Id | Track | Driver Type/Pin | Constraint | Clock Loads | Non-Clock Loads | FF | Memory LUTs | RAMB | URAM | DSP | GT | MMCM | PLL | Hard IP | Net                                  |
+-----------+-------+-----------------+------------+-------------+-----------------+----+-------------+------+------+-----+----+------+-----+---------+--------------------------------------+
| g0        | 16    | BUFG_PS/O       | None       |           3 |               0 |  0 |           0 |    3 |    0 |   0 |  0 |    0 |   0 |       0 | SoC_i/zynq_ultra_ps_e_0/inst/pl_clk0 |
+-----------+-------+-----------------+------------+-------------+-----------------+----+-------------+------+------+-----+----+------+-----+---------+--------------------------------------+
* Clock Loads column represents cell count of net connects that connect to a clock pin. Internal cell leaf pins are not considered
** Non-Clock Loads column represents cell count of non-clock pin loads
*** Columns FF, LUTRAM, RAMB through 'Hard IP' represents load cell counts


16. Clock Region Cell Placement per Global Clock: Region X1Y2
-------------------------------------------------------------

+-----------+-------+-----------------+------------+-------------+-----------------+------+-------------+------+------+-----+----+------+-----+---------+--------------------------------------------------------------------------------------+
| Global Id | Track | Driver Type/Pin | Constraint | Clock Loads | Non-Clock Loads | FF   | Memory LUTs | RAMB | URAM | DSP | GT | MMCM | PLL | Hard IP | Net                                                                                  |
+-----------+-------+-----------------+------------+-------------+-----------------+------+-------------+------+------+-----+----+------+-----+---------+--------------------------------------------------------------------------------------+
| g0        | 16    | BUFG_PS/O       | None       |        6536 |               0 | 6227 |         290 |   12 |   16 |   7 |  0 |    0 |   0 |       0 | SoC_i/zynq_ultra_ps_e_0/inst/pl_clk0                                                 |
| g1        | 2     | BUFGCE/O        | None       |           0 |            2093 | 2093 |           0 |    0 |    0 |   0 |  0 |    0 |   0 |       0 | SoC_i/VPU_Top_0/inst/u_my_ip/u_axi4_mapping/u_spu/u_vpu_stream8/spu_soft_reset_r_reg |
| g2        | 0     | BUFGCE/O        | None       |           0 |            2781 | 2764 |           0 |    0 |    0 |   7 |  0 |    0 |   0 |       0 | SoC_i/rst_ps8_0_100M/U0/peripheral_aresetn_BUFG[0]                                   |
+-----------+-------+-----------------+------------+-------------+-----------------+------+-------------+------+------+-----+----+------+-----+---------+--------------------------------------------------------------------------------------+
* Clock Loads column represents cell count of net connects that connect to a clock pin. Internal cell leaf pins are not considered
** Non-Clock Loads column represents cell count of non-clock pin loads
*** Columns FF, LUTRAM, RAMB through 'Hard IP' represents load cell counts


17. Clock Region Cell Placement per Global Clock: Region X2Y2
-------------------------------------------------------------

+-----------+-------+-----------------+------------+-------------+-----------------+------+-------------+------+------+-----+----+------+-----+---------+--------------------------------------------------------------------------------------+
| Global Id | Track | Driver Type/Pin | Constraint | Clock Loads | Non-Clock Loads | FF   | Memory LUTs | RAMB | URAM | DSP | GT | MMCM | PLL | Hard IP | Net                                                                                  |
+-----------+-------+-----------------+------------+-------------+-----------------+------+-------------+------+------+-----+----+------+-----+---------+--------------------------------------------------------------------------------------+
| g0        | 16    | BUFG_PS/O       | None       |        2716 |               0 | 2643 |          24 |   12 |    0 |  37 |  0 |    0 |   0 |       0 | SoC_i/zynq_ultra_ps_e_0/inst/pl_clk0                                                 |
| g1        | 2     | BUFGCE/O        | None       |           0 |            1356 | 1356 |           0 |    0 |    0 |   0 |  0 |    0 |   0 |       0 | SoC_i/VPU_Top_0/inst/u_my_ip/u_axi4_mapping/u_spu/u_vpu_stream8/spu_soft_reset_r_reg |
| g2        | 0     | BUFGCE/O        | None       |           0 |            1194 | 1157 |           0 |    0 |    0 |  37 |  0 |    0 |   0 |       0 | SoC_i/rst_ps8_0_100M/U0/peripheral_aresetn_BUFG[0]                                   |
+-----------+-------+-----------------+------------+-------------+-----------------+------+-------------+------+------+-----+----+------+-----+---------+--------------------------------------------------------------------------------------+
* Clock Loads column represents cell count of net connects that connect to a clock pin. Internal cell leaf pins are not considered
** Non-Clock Loads column represents cell count of non-clock pin loads
*** Columns FF, LUTRAM, RAMB through 'Hard IP' represents load cell counts


18. Clock Region Cell Placement per Global Clock: Region X3Y2
-------------------------------------------------------------

+-----------+-------+-----------------+------------+-------------+-----------------+----+-------------+------+------+-----+----+------+-----+---------+--------------------------------------+
| Global Id | Track | Driver Type/Pin | Constraint | Clock Loads | Non-Clock Loads | FF | Memory LUTs | RAMB | URAM | DSP | GT | MMCM | PLL | Hard IP | Net                                  |
+-----------+-------+-----------------+------------+-------------+-----------------+----+-------------+------+------+-----+----+------+-----+---------+--------------------------------------+
| g0        | 16    | BUFG_PS/O       | None       |          42 |               0 | 27 |           0 |   15 |    0 |   0 |  0 |    0 |   0 |       0 | SoC_i/zynq_ultra_ps_e_0/inst/pl_clk0 |
+-----------+-------+-----------------+------------+-------------+-----------------+----+-------------+------+------+-----+----+------+-----+---------+--------------------------------------+
* Clock Loads column represents cell count of net connects that connect to a clock pin. Internal cell leaf pins are not considered
** Non-Clock Loads column represents cell count of non-clock pin loads
*** Columns FF, LUTRAM, RAMB through 'Hard IP' represents load cell counts


19. Clock Region Cell Placement per Global Clock: Region X1Y3
-------------------------------------------------------------

+-----------+-------+-----------------+------------+-------------+-----------------+------+-------------+------+------+-----+----+------+-----+---------+--------------------------------------------------------------------------------------+
| Global Id | Track | Driver Type/Pin | Constraint | Clock Loads | Non-Clock Loads | FF   | Memory LUTs | RAMB | URAM | DSP | GT | MMCM | PLL | Hard IP | Net                                                                                  |
+-----------+-------+-----------------+------------+-------------+-----------------+------+-------------+------+------+-----+----+------+-----+---------+--------------------------------------------------------------------------------------+
| g0        | 16    | BUFG_PS/O       | None       |        6500 |               0 | 6405 |          68 |   10 |   16 |  17 |  0 |    0 |   0 |       0 | SoC_i/zynq_ultra_ps_e_0/inst/pl_clk0                                                 |
| g1        | 2     | BUFGCE/O        | None       |           0 |            1904 | 1904 |           0 |    0 |    0 |   0 |  0 |    0 |   0 |       0 | SoC_i/VPU_Top_0/inst/u_my_ip/u_axi4_mapping/u_spu/u_vpu_stream8/spu_soft_reset_r_reg |
| g2        | 0     | BUFGCE/O        | None       |           0 |            4237 | 4226 |           0 |    1 |    0 |   6 |  0 |    0 |   0 |       0 | SoC_i/rst_ps8_0_100M/U0/peripheral_aresetn_BUFG[0]                                   |
+-----------+-------+-----------------+------------+-------------+-----------------+------+-------------+------+------+-----+----+------+-----+---------+--------------------------------------------------------------------------------------+
* Clock Loads column represents cell count of net connects that connect to a clock pin. Internal cell leaf pins are not considered
** Non-Clock Loads column represents cell count of non-clock pin loads
*** Columns FF, LUTRAM, RAMB through 'Hard IP' represents load cell counts


20. Clock Region Cell Placement per Global Clock: Region X2Y3
-------------------------------------------------------------

+-----------+-------+-----------------+------------+-------------+-----------------+------+-------------+------+------+-----+----+------+-----+---------+--------------------------------------------------------------------------------------+
| Global Id | Track | Driver Type/Pin | Constraint | Clock Loads | Non-Clock Loads | FF   | Memory LUTs | RAMB | URAM | DSP | GT | MMCM | PLL | Hard IP | Net                                                                                  |
+-----------+-------+-----------------+------------+-------------+-----------------+------+-------------+------+------+-----+----+------+-----+---------+--------------------------------------------------------------------------------------+
| g0        | 16    | BUFG_PS/O       | None       |        1725 |               0 | 1714 |           0 |   10 |    0 |   1 |  0 |    0 |   0 |       0 | SoC_i/zynq_ultra_ps_e_0/inst/pl_clk0                                                 |
| g1        | 2     | BUFGCE/O        | None       |           0 |               2 |    2 |           0 |    0 |    0 |   0 |  0 |    0 |   0 |       0 | SoC_i/VPU_Top_0/inst/u_my_ip/u_axi4_mapping/u_spu/u_vpu_stream8/spu_soft_reset_r_reg |
| g2        | 0     | BUFGCE/O        | None       |           0 |            1683 | 1683 |           0 |    0 |    0 |   0 |  0 |    0 |   0 |       0 | SoC_i/rst_ps8_0_100M/U0/peripheral_aresetn_BUFG[0]                                   |
+-----------+-------+-----------------+------------+-------------+-----------------+------+-------------+------+------+-----+----+------+-----+---------+--------------------------------------------------------------------------------------+
* Clock Loads column represents cell count of net connects that connect to a clock pin. Internal cell leaf pins are not considered
** Non-Clock Loads column represents cell count of non-clock pin loads
*** Columns FF, LUTRAM, RAMB through 'Hard IP' represents load cell counts


21. Clock Region Cell Placement per Global Clock: Region X3Y3
-------------------------------------------------------------

+-----------+-------+-----------------+------------+-------------+-----------------+----+-------------+------+------+-----+----+------+-----+---------+--------------------------------------+
| Global Id | Track | Driver Type/Pin | Constraint | Clock Loads | Non-Clock Loads | FF | Memory LUTs | RAMB | URAM | DSP | GT | MMCM | PLL | Hard IP | Net                                  |
+-----------+-------+-----------------+------------+-------------+-----------------+----+-------------+------+------+-----+----+------+-----+---------+--------------------------------------+
| g0        | 16    | BUFG_PS/O       | None       |          31 |               0 | 24 |           0 |    7 |    0 |   0 |  0 |    0 |   0 |       0 | SoC_i/zynq_ultra_ps_e_0/inst/pl_clk0 |
+-----------+-------+-----------------+------------+-------------+-----------------+----+-------------+------+------+-----+----+------+-----+---------+--------------------------------------+
* Clock Loads column represents cell count of net connects that connect to a clock pin. Internal cell leaf pins are not considered
** Non-Clock Loads column represents cell count of non-clock pin loads
*** Columns FF, LUTRAM, RAMB through 'Hard IP' represents load cell counts


22. Clock Region Cell Placement per Global Clock: Region X0Y4
-------------------------------------------------------------

+-----------+-------+-----------------+------------+-------------+-----------------+-------+-------------+------+------+-----+----+------+-----+---------+----------------------------------------------------+
| Global Id | Track | Driver Type/Pin | Constraint | Clock Loads | Non-Clock Loads | FF    | Memory LUTs | RAMB | URAM | DSP | GT | MMCM | PLL | Hard IP | Net                                                |
+-----------+-------+-----------------+------------+-------------+-----------------+-------+-------------+------+------+-----+----+------+-----+---------+----------------------------------------------------+
| g0        | 16    | BUFG_PS/O       | None       |       10955 |               0 | 10156 |         761 |    0 |    0 |  38 |  0 |    0 |   0 |       0 | SoC_i/zynq_ultra_ps_e_0/inst/pl_clk0               |
| g2        | 0     | BUFGCE/O        | None       |           0 |            2988 |  2982 |           0 |    0 |    0 |   4 |  0 |    0 |   0 |       0 | SoC_i/rst_ps8_0_100M/U0/peripheral_aresetn_BUFG[0] |
+-----------+-------+-----------------+------------+-------------+-----------------+-------+-------------+------+------+-----+----+------+-----+---------+----------------------------------------------------+
* Clock Loads column represents cell count of net connects that connect to a clock pin. Internal cell leaf pins are not considered
** Non-Clock Loads column represents cell count of non-clock pin loads
*** Columns FF, LUTRAM, RAMB through 'Hard IP' represents load cell counts


23. Clock Region Cell Placement per Global Clock: Region X1Y4
-------------------------------------------------------------

+-----------+-------+-----------------+------------+-------------+-----------------+------+-------------+------+------+-----+----+------+-----+---------+----------------------------------------------------+
| Global Id | Track | Driver Type/Pin | Constraint | Clock Loads | Non-Clock Loads | FF   | Memory LUTs | RAMB | URAM | DSP | GT | MMCM | PLL | Hard IP | Net                                                |
+-----------+-------+-----------------+------------+-------------+-----------------+------+-------------+------+------+-----+----+------+-----+---------+----------------------------------------------------+
| g0        | 16    | BUFG_PS/O       | None       |        7829 |               0 | 7632 |         134 |    6 |   16 |  57 |  0 |    0 |   0 |       0 | SoC_i/zynq_ultra_ps_e_0/inst/pl_clk0               |
| g2        | 0     | BUFGCE/O        | None       |           0 |            7357 | 7353 |           0 |    0 |    0 |   2 |  0 |    0 |   0 |       0 | SoC_i/rst_ps8_0_100M/U0/peripheral_aresetn_BUFG[0] |
+-----------+-------+-----------------+------------+-------------+-----------------+------+-------------+------+------+-----+----+------+-----+---------+----------------------------------------------------+
* Clock Loads column represents cell count of net connects that connect to a clock pin. Internal cell leaf pins are not considered
** Non-Clock Loads column represents cell count of non-clock pin loads
*** Columns FF, LUTRAM, RAMB through 'Hard IP' represents load cell counts


24. Clock Region Cell Placement per Global Clock: Region X2Y4
-------------------------------------------------------------

+-----------+-------+-----------------+------------+-------------+-----------------+-----+-------------+------+------+-----+----+------+-----+---------+----------------------------------------------------+
| Global Id | Track | Driver Type/Pin | Constraint | Clock Loads | Non-Clock Loads | FF  | Memory LUTs | RAMB | URAM | DSP | GT | MMCM | PLL | Hard IP | Net                                                |
+-----------+-------+-----------------+------------+-------------+-----------------+-----+-------------+------+------+-----+----+------+-----+---------+----------------------------------------------------+
| g0        | 16    | BUFG_PS/O       | None       |         223 |               0 | 204 |           0 |    2 |    0 |  17 |  0 |    0 |   0 |       0 | SoC_i/zynq_ultra_ps_e_0/inst/pl_clk0               |
| g2        | 0     | BUFGCE/O        | None       |           0 |             174 | 172 |           0 |    0 |    0 |   2 |  0 |    0 |   0 |       0 | SoC_i/rst_ps8_0_100M/U0/peripheral_aresetn_BUFG[0] |
+-----------+-------+-----------------+------------+-------------+-----------------+-----+-------------+------+------+-----+----+------+-----+---------+----------------------------------------------------+
* Clock Loads column represents cell count of net connects that connect to a clock pin. Internal cell leaf pins are not considered
** Non-Clock Loads column represents cell count of non-clock pin loads
*** Columns FF, LUTRAM, RAMB through 'Hard IP' represents load cell counts


25. Clock Region Cell Placement per Global Clock: Region X0Y5
-------------------------------------------------------------

+-----------+-------+-----------------+------------+-------------+-----------------+-----+-------------+------+------+-----+----+------+-----+---------+----------------------------------------------------+
| Global Id | Track | Driver Type/Pin | Constraint | Clock Loads | Non-Clock Loads | FF  | Memory LUTs | RAMB | URAM | DSP | GT | MMCM | PLL | Hard IP | Net                                                |
+-----------+-------+-----------------+------------+-------------+-----------------+-----+-------------+------+------+-----+----+------+-----+---------+----------------------------------------------------+
| g0        | 16    | BUFG_PS/O       | None       |         978 |               0 | 956 |          10 |    0 |    0 |  12 |  0 |    0 |   0 |       0 | SoC_i/zynq_ultra_ps_e_0/inst/pl_clk0               |
| g2        | 0     | BUFGCE/O        | None       |           0 |             946 | 946 |           0 |    0 |    0 |   0 |  0 |    0 |   0 |       0 | SoC_i/rst_ps8_0_100M/U0/peripheral_aresetn_BUFG[0] |
+-----------+-------+-----------------+------------+-------------+-----------------+-----+-------------+------+------+-----+----+------+-----+---------+----------------------------------------------------+
* Clock Loads column represents cell count of net connects that connect to a clock pin. Internal cell leaf pins are not considered
** Non-Clock Loads column represents cell count of non-clock pin loads
*** Columns FF, LUTRAM, RAMB through 'Hard IP' represents load cell counts


26. Clock Region Cell Placement per Global Clock: Region X1Y5
-------------------------------------------------------------

+-----------+-------+-----------------+------------+-------------+-----------------+------+-------------+------+------+-----+----+------+-----+---------+----------------------------------------------------+
| Global Id | Track | Driver Type/Pin | Constraint | Clock Loads | Non-Clock Loads | FF   | Memory LUTs | RAMB | URAM | DSP | GT | MMCM | PLL | Hard IP | Net                                                |
+-----------+-------+-----------------+------------+-------------+-----------------+------+-------------+------+------+-----+----+------+-----+---------+----------------------------------------------------+
| g0        | 16    | BUFG_PS/O       | None       |        1250 |               0 | 1231 |          19 |    0 |   16 |   0 |  0 |    0 |   0 |       0 | SoC_i/zynq_ultra_ps_e_0/inst/pl_clk0               |
| g2        | 0     | BUFGCE/O        | None       |           0 |            1228 | 1228 |           0 |    0 |    0 |   0 |  0 |    0 |   0 |       0 | SoC_i/rst_ps8_0_100M/U0/peripheral_aresetn_BUFG[0] |
+-----------+-------+-----------------+------------+-------------+-----------------+------+-------------+------+------+-----+----+------+-----+---------+----------------------------------------------------+
* Clock Loads column represents cell count of net connects that connect to a clock pin. Internal cell leaf pins are not considered
** Non-Clock Loads column represents cell count of non-clock pin loads
*** Columns FF, LUTRAM, RAMB through 'Hard IP' represents load cell counts


27. Clock Region Cell Placement per Global Clock: Region X2Y5
-------------------------------------------------------------

+-----------+-------+-----------------+------------+-------------+-----------------+----+-------------+------+------+-----+----+------+-----+---------+----------------------------------------------------+
| Global Id | Track | Driver Type/Pin | Constraint | Clock Loads | Non-Clock Loads | FF | Memory LUTs | RAMB | URAM | DSP | GT | MMCM | PLL | Hard IP | Net                                                |
+-----------+-------+-----------------+------------+-------------+-----------------+----+-------------+------+------+-----+----+------+-----+---------+----------------------------------------------------+
| g2+       | 0     | BUFGCE/O        | None       |           0 |               0 |  0 |           0 |    0 |    0 |   0 |  0 |    0 |   0 |       0 | SoC_i/rst_ps8_0_100M/U0/peripheral_aresetn_BUFG[0] |
+-----------+-------+-----------------+------------+-------------+-----------------+----+-------------+------+------+-----+----+------+-----+---------+----------------------------------------------------+
* Clock Loads column represents cell count of net connects that connect to a clock pin. Internal cell leaf pins are not considered
** Non-Clock Loads column represents cell count of non-clock pin loads
*** Columns FF, LUTRAM, RAMB through 'Hard IP' represents load cell counts
**** In Global Id column, sympbol '+' indicates that global clock was used only to route through the clock region.


