Copyright 1986-2022 Xilinx, Inc. All Rights Reserved.
-------------------------------------------------------------------------------------------------------------------
| Tool Version : Vivado v.2022.2 (win64) Build 3671981 Fri Oct 14 05:00:03 MDT 2022
| Date         : Sat Aug 22 21:56:07 2026
| Host         : Cuong-Desktop running 64-bit major release  (build 9200)
| Command      : report_utilization -file SoC_wrapper_utilization_placed.rpt -pb SoC_wrapper_utilization_placed.pb
| Design       : SoC_wrapper
| Device       : xczu7ev-ffvc1156-2-e
| Speed File   : -2
| Design State : Fully Placed
-------------------------------------------------------------------------------------------------------------------

Utilization Design Information

Table of Contents
-----------------
1. CLB Logic
1.1 Summary of Registers by Type
2. CLB Logic Distribution
3. BLOCKRAM
4. ARITHMETIC
5. I/O
6. CLOCK
7. ADVANCED
8. CONFIGURATION
9. Primitives
10. Black Boxes
11. Instantiated Netlists

1. CLB Logic
------------

+----------------------------+-------+-------+------------+-----------+-------+
|          Site Type         |  Used | Fixed | Prohibited | Available | Util% |
+----------------------------+-------+-------+------------+-----------+-------+
| CLB LUTs                   | 40562 |     0 |          0 |    230400 | 17.61 |
|   LUT as Logic             | 35885 |     0 |          0 |    230400 | 15.58 |
|   LUT as Memory            |  4677 |     0 |          0 |    101760 |  4.60 |
|     LUT as Distributed RAM |  3556 |     0 |            |           |       |
|     LUT as Shift Register  |  1121 |     0 |            |           |       |
| CLB Registers              | 43077 |     0 |          0 |    460800 |  9.35 |
|   Register as Flip Flop    | 43077 |     0 |          0 |    460800 |  9.35 |
|   Register as Latch        |     0 |     0 |          0 |    460800 |  0.00 |
| CARRY8                     |  1098 |     0 |          0 |     28800 |  3.81 |
| F7 Muxes                   |  1126 |     0 |          0 |    115200 |  0.98 |
| F8 Muxes                   |   399 |     0 |          0 |     57600 |  0.69 |
| F9 Muxes                   |     0 |     0 |          0 |     28800 |  0.00 |
+----------------------------+-------+-------+------------+-----------+-------+
* Warning! LUT value is adjusted to account for LUT combining.


1.1 Summary of Registers by Type
--------------------------------

+-------+--------------+-------------+--------------+
| Total | Clock Enable | Synchronous | Asynchronous |
+-------+--------------+-------------+--------------+
| 0     |            _ |           - |            - |
| 0     |            _ |           - |          Set |
| 0     |            _ |           - |        Reset |
| 0     |            _ |         Set |            - |
| 0     |            _ |       Reset |            - |
| 0     |          Yes |           - |            - |
| 0     |          Yes |           - |          Set |
| 66    |          Yes |           - |        Reset |
| 280   |          Yes |         Set |            - |
| 42731 |          Yes |       Reset |            - |
+-------+--------------+-------------+--------------+


2. CLB Logic Distribution
-------------------------

+--------------------------------------------+-------+-------+------------+-----------+-------+
|                  Site Type                 |  Used | Fixed | Prohibited | Available | Util% |
+--------------------------------------------+-------+-------+------------+-----------+-------+
| CLB                                        |  8182 |     0 |          0 |     28800 | 28.41 |
|   CLBL                                     |  4021 |     0 |            |           |       |
|   CLBM                                     |  4161 |     0 |            |           |       |
| LUT as Logic                               | 35885 |     0 |          0 |    230400 | 15.58 |
|   using O5 output only                     |   391 |       |            |           |       |
|   using O6 output only                     | 28927 |       |            |           |       |
|   using O5 and O6                          |  6567 |       |            |           |       |
| LUT as Memory                              |  4677 |     0 |          0 |    101760 |  4.60 |
|   LUT as Distributed RAM                   |  3556 |     0 |            |           |       |
|     using O5 output only                   |     0 |       |            |           |       |
|     using O6 output only                   |  2668 |       |            |           |       |
|     using O5 and O6                        |   888 |       |            |           |       |
|   LUT as Shift Register                    |  1121 |     0 |            |           |       |
|     using O5 output only                   |     0 |       |            |           |       |
|     using O6 output only                   |  1121 |       |            |           |       |
|     using O5 and O6                        |     0 |       |            |           |       |
| CLB Registers                              | 43077 |     0 |          0 |    460800 |  9.35 |
|   Register driven from within the CLB      | 26408 |       |            |           |       |
|   Register driven from outside the CLB     | 16669 |       |            |           |       |
|     LUT in front of the register is unused | 10777 |       |            |           |       |
|     LUT in front of the register is used   |  5892 |       |            |           |       |
| Unique Control Sets                        |   998 |       |          0 |     57600 |  1.73 |
+--------------------------------------------+-------+-------+------------+-----------+-------+
* * Note: Available Control Sets calculated as Slices * 2, Review the Control Sets Report for more information regarding control sets.


3. BLOCKRAM
-----------

+-------------------+-------+-------+------------+-----------+-------+
|     Site Type     |  Used | Fixed | Prohibited | Available | Util% |
+-------------------+-------+-------+------------+-----------+-------+
| Block RAM Tile    | 104.5 |     0 |          0 |       312 | 33.49 |
|   RAMB36/FIFO*    |   104 |     0 |          0 |       312 | 33.33 |
|     RAMB36E2 only |   104 |       |            |           |       |
|   RAMB18          |     1 |     0 |          0 |       624 |  0.16 |
|     RAMB18E2 only |     1 |       |            |           |       |
| URAM              |    64 |     0 |          0 |        96 | 66.67 |
+-------------------+-------+-------+------------+-----------+-------+
* Note: Each Block RAM Tile only has one FIFO logic available and therefore can accommodate only one FIFO36E2 or one FIFO18E2. However, if a FIFO18E2 occupies a Block RAM Tile, that tile can still accommodate a RAMB18E2


4. ARITHMETIC
-------------

+----------------+------+-------+------------+-----------+-------+
|    Site Type   | Used | Fixed | Prohibited | Available | Util% |
+----------------+------+-------+------------+-----------+-------+
| DSPs           |  240 |     0 |          0 |      1728 | 13.89 |
|   DSP48E2 only |  240 |       |            |           |       |
+----------------+------+-------+------------+-----------+-------+


5. I/O
------

+------------------+------+-------+------------+-----------+-------+
|     Site Type    | Used | Fixed | Prohibited | Available | Util% |
+------------------+------+-------+------------+-----------+-------+
| Bonded IOB       |    0 |     0 |          0 |       360 |  0.00 |
| HPIOB_M          |    0 |     0 |          0 |       144 |  0.00 |
| HPIOB_S          |    0 |     0 |          0 |       144 |  0.00 |
| HDIOB_M          |    0 |     0 |          0 |        24 |  0.00 |
| HDIOB_S          |    0 |     0 |          0 |        24 |  0.00 |
| HPIOB_SNGL       |    0 |     0 |          0 |        24 |  0.00 |
| HPIOBDIFFINBUF   |    0 |     0 |          0 |       192 |  0.00 |
| HPIOBDIFFOUTBUF  |    0 |     0 |          0 |       192 |  0.00 |
| HDIOBDIFFINBUF   |    0 |     0 |          0 |        48 |  0.00 |
| BITSLICE_CONTROL |    0 |     0 |          0 |        64 |  0.00 |
| BITSLICE_RX_TX   |    0 |     0 |          0 |      2496 |  0.00 |
| BITSLICE_TX      |    0 |     0 |          0 |        64 |  0.00 |
| RIU_OR           |    0 |     0 |          0 |        32 |  0.00 |
+------------------+------+-------+------------+-----------+-------+


6. CLOCK
--------

+----------------------+------+-------+------------+-----------+-------+
|       Site Type      | Used | Fixed | Prohibited | Available | Util% |
+----------------------+------+-------+------------+-----------+-------+
| GLOBAL CLOCK BUFFERs |    3 |     0 |          0 |       544 |  0.55 |
|   BUFGCE             |    2 |     0 |          0 |       208 |  0.96 |
|   BUFGCE_DIV         |    0 |     0 |          0 |        32 |  0.00 |
|   BUFG_GT            |    0 |     0 |          0 |       144 |  0.00 |
|   BUFG_PS            |    1 |     0 |          0 |        96 |  1.04 |
|   BUFGCTRL*          |    0 |     0 |          0 |        64 |  0.00 |
| PLL                  |    0 |     0 |          0 |        16 |  0.00 |
| MMCM                 |    0 |     0 |          0 |         8 |  0.00 |
+----------------------+------+-------+------------+-----------+-------+
* Note: Each used BUFGCTRL counts as two GLOBAL CLOCK BUFFERs. This table does not include global clocking resources, only buffer cell usage. See the Clock Utilization Report (report_clock_utilization) for detailed accounting of global clocking resource availability.


7. ADVANCED
-----------

+-----------------+------+-------+------------+-----------+--------+
|    Site Type    | Used | Fixed | Prohibited | Available |  Util% |
+-----------------+------+-------+------------+-----------+--------+
| GTHE4_CHANNEL   |    0 |     0 |          0 |        20 |   0.00 |
| GTHE4_COMMON    |    0 |     0 |          0 |         5 |   0.00 |
| OBUFDS_GTE4     |    0 |     0 |          0 |        10 |   0.00 |
| OBUFDS_GTE4_ADV |    0 |     0 |          0 |        10 |   0.00 |
| PCIE40E4        |    0 |     0 |          0 |         2 |   0.00 |
| PS8             |    1 |     0 |          0 |         1 | 100.00 |
| SYSMONE4        |    0 |     0 |          0 |         1 |   0.00 |
| VCU             |    0 |     0 |          0 |         1 |   0.00 |
+-----------------+------+-------+------------+-----------+--------+


8. CONFIGURATION
----------------

+-------------+------+-------+------------+-----------+-------+
|  Site Type  | Used | Fixed | Prohibited | Available | Util% |
+-------------+------+-------+------------+-----------+-------+
| BSCANE2     |    0 |     0 |          0 |         4 |  0.00 |
| DNA_PORTE2  |    0 |     0 |          0 |         1 |  0.00 |
| EFUSE_USR   |    0 |     0 |          0 |         1 |  0.00 |
| FRAME_ECCE4 |    0 |     0 |          0 |         1 |  0.00 |
| ICAPE3      |    0 |     0 |          0 |         2 |  0.00 |
| MASTER_JTAG |    0 |     0 |          0 |         1 |  0.00 |
| STARTUPE3   |    0 |     0 |          0 |         1 |  0.00 |
+-------------+------+-------+------------+-----------+-------+


9. Primitives
-------------

+----------+-------+---------------------+
| Ref Name |  Used | Functional Category |
+----------+-------+---------------------+
| FDRE     | 42731 |            Register |
| LUT6     | 13135 |                 CLB |
| LUT2     |  9803 |                 CLB |
| LUT5     |  6665 |                 CLB |
| LUT4     |  6090 |                 CLB |
| LUT3     |  6075 |                 CLB |
| RAMD64E  |  2664 |                 CLB |
| RAMD32   |  1556 |                 CLB |
| MUXF7    |  1126 |                 CLB |
| CARRY8   |  1098 |                 CLB |
| LUT1     |   684 |                 CLB |
| SRL16E   |   573 |                 CLB |
| SRLC32E  |   548 |                 CLB |
| MUXF8    |   399 |                 CLB |
| FDSE     |   280 |            Register |
| DSP48E2  |   240 |          Arithmetic |
| RAMS32   |   224 |                 CLB |
| RAMB36E2 |   104 |            BLOCKRAM |
| FDCE     |    66 |            Register |
| URAM288  |    64 |            BLOCKRAM |
| BUFGCE   |     2 |               Clock |
| RAMB18E2 |     1 |            BLOCKRAM |
| PS8      |     1 |            Advanced |
| BUFG_PS  |     1 |               Clock |
+----------+-------+---------------------+


10. Black Boxes
---------------

+----------+------+
| Ref Name | Used |
+----------+------+


11. Instantiated Netlists
-------------------------

+----------+------+
| Ref Name | Used |
+----------+------+


