Copyright 1986-2022 Xilinx, Inc. All Rights Reserved.
------------------------------------------------------------------------------------------------------------------------------------------------------------------------------------------
| Tool Version      : Vivado v.2022.2 (win64) Build 3671981 Fri Oct 14 05:00:03 MDT 2022
| Date              : Fri Jul 10 11:25:55 2026
| Host              : Cuong-Desktop running 64-bit major release  (build 9200)
| Command           : report_timing_summary -delay_type max -max_paths 10 -warn_on_violation -file D:/DOAN/DATN_RTL/DATN_VIVADO/manual_sim/spu_timing_check/spu_timing_summary_routed.rpt
| Design            : spu_quant_timing_wrapper
| Device            : xczu7ev-ffvc1156
| Speed File        : -2  PRODUCTION 1.30 05-15-2022
| Temperature Grade : E
------------------------------------------------------------------------------------------------------------------------------------------------------------------------------------------

Timing Summary Report

------------------------------------------------------------------------------------------------
| Timer Settings
| --------------
------------------------------------------------------------------------------------------------

  Enable Multi Corner Analysis               :  Yes
  Enable Pessimism Removal                   :  Yes
  Pessimism Removal Resolution               :  Nearest Common Node
  Enable Input Delay Default Clock           :  No
  Enable Preset / Clear Arcs                 :  No
  Disable Flight Delays                      :  No
  Ignore I/O Paths                           :  No
  Timing Early Launch at Borrowing Latches   :  No
  Borrow Time for Max Delay Exceptions       :  Yes
  Merge Timing Exceptions                    :  Yes

  Corner  Analyze    Analyze    
  Name    Max Paths  Min Paths  
  ------  ---------  ---------  
  Slow    Yes        Yes        
  Fast    Yes        Yes        


------------------------------------------------------------------------------------------------
| Report Methodology
| ------------------
------------------------------------------------------------------------------------------------

No report available as report_methodology has not been run prior. Run report_methodology on the current design for the summary of methodology violations.



check_timing report

Table of Contents
-----------------
1. checking no_clock (0)
2. checking constant_clock (0)
3. checking pulse_width_clock (0)
4. checking unconstrained_internal_endpoints (0)
5. checking no_input_delay (18)
6. checking no_output_delay (1)
7. checking multiple_clock (0)
8. checking generated_clocks (0)
9. checking loops (0)
10. checking partial_input_delay (0)
11. checking partial_output_delay (0)
12. checking latch_loops (0)

1. checking no_clock (0)
------------------------
 There are 0 register/latch pins with no clock.


2. checking constant_clock (0)
------------------------------
 There are 0 register/latch pins with constant_clock.


3. checking pulse_width_clock (0)
---------------------------------
 There are 0 register/latch pins which need pulse_width check


4. checking unconstrained_internal_endpoints (0)
------------------------------------------------
 There are 0 pins that are not constrained for maximum delay.

 There are 0 pins that are not constrained for maximum delay due to constant clock.


5. checking no_input_delay (18)
-------------------------------
 There are 18 input ports with no input delay specified. (HIGH)

 There are 0 input ports with no input delay but user has a false path constraint.


6. checking no_output_delay (1)
-------------------------------
 There is 1 port with no output delay specified. (HIGH)

 There are 0 ports with no output delay but user has a false path constraint

 There are 0 ports with no output delay but with a timing clock defined on it or propagating through it


7. checking multiple_clock (0)
------------------------------
 There are 0 register/latch pins with multiple clocks.


8. checking generated_clocks (0)
--------------------------------
 There are 0 generated clocks that are not connected to a clock source.


9. checking loops (0)
---------------------
 There are 0 combinational loops in the design.


10. checking partial_input_delay (0)
------------------------------------
 There are 0 input ports with partial input delay specified.


11. checking partial_output_delay (0)
-------------------------------------
 There are 0 ports with partial output delay specified.


12. checking latch_loops (0)
----------------------------
 There are 0 combinational latch loops in the design through latch input



------------------------------------------------------------------------------------------------
| Design Timing Summary
| ---------------------
------------------------------------------------------------------------------------------------

    WNS(ns)      TNS(ns)  TNS Failing Endpoints  TNS Total Endpoints     WPWS(ns)     TPWS(ns)  TPWS Failing Endpoints  TPWS Total Endpoints  
    -------      -------  ---------------------  -------------------     --------     --------  ----------------------  --------------------  
      1.732        0.000                      0                 1770        2.391        0.000                       0                   902  


All user specified timing constraints are met.


------------------------------------------------------------------------------------------------
| Clock Summary
| -------------
------------------------------------------------------------------------------------------------

Clock     Waveform(ns)         Period(ns)      Frequency(MHz)
-----     ------------         ----------      --------------
clk_pl_0  {0.000 2.667}        5.333           187.512         


------------------------------------------------------------------------------------------------
| Intra Clock Table
| -----------------
------------------------------------------------------------------------------------------------

Clock             WNS(ns)      TNS(ns)  TNS Failing Endpoints  TNS Total Endpoints     WPWS(ns)     TPWS(ns)  TPWS Failing Endpoints  TPWS Total Endpoints  
-----             -------      -------  ---------------------  -------------------     --------     --------  ----------------------  --------------------  
clk_pl_0            1.732        0.000                      0                 1770        2.391        0.000                       0                   902  


------------------------------------------------------------------------------------------------
| Inter Clock Table
| -----------------
------------------------------------------------------------------------------------------------

From Clock    To Clock          WNS(ns)      TNS(ns)  TNS Failing Endpoints  TNS Total Endpoints  
----------    --------          -------      -------  ---------------------  -------------------  


------------------------------------------------------------------------------------------------
| Other Path Groups Table
| -----------------------
------------------------------------------------------------------------------------------------

Path Group    From Clock    To Clock          WNS(ns)      TNS(ns)  TNS Failing Endpoints  TNS Total Endpoints  
----------    ----------    --------          -------      -------  ---------------------  -------------------  


------------------------------------------------------------------------------------------------
| Timing Details
| --------------
------------------------------------------------------------------------------------------------


---------------------------------------------------------------------------------------------------
From Clock:  clk_pl_0
  To Clock:  clk_pl_0

Setup :            0  Failing Endpoints,  Worst Slack        1.732ns,  Total Violation        0.000ns
Hold  :           NA  Failing Endpoints,  Worst Slack           NA  ,  Total Violation           NA
PW    :            0  Failing Endpoints,  Worst Slack        2.391ns,  Total Violation        0.000ns
---------------------------------------------------------------------------------------------------


Max Delay Paths
--------------------------------------------------------------------------------------
Slack (MET) :             1.732ns  (required time - arrival time)
  Source:                 u_quantize_q8_0/sample_index_r_reg[0]_rep__0/C
                            (rising edge-triggered cell FDRE clocked by clk_pl_0  {rise@0.000ns fall@2.667ns period=5.333ns})
  Destination:            u_quantize_q8_0/max_abs_r_reg[7]/D
                            (rising edge-triggered cell FDRE clocked by clk_pl_0  {rise@0.000ns fall@2.667ns period=5.333ns})
  Path Group:             clk_pl_0
  Path Type:              Setup (Max at Slow Process Corner)
  Requirement:            5.333ns  (clk_pl_0 rise@5.333ns - clk_pl_0 rise@0.000ns)
  Data Path Delay:        3.410ns  (logic 1.050ns (30.788%)  route 2.360ns (69.212%))
  Logic Levels:           9  (CARRY8=2 LUT4=2 LUT5=1 LUT6=3 MUXF7=1)
  Clock Path Skew:        -0.180ns (DCD - SCD + CPR)
    Destination Clock Delay (DCD):    2.126ns = ( 7.459 - 5.333 ) 
    Source Clock Delay      (SCD):    2.962ns
    Clock Pessimism Removal (CPR):    0.655ns
  Clock Uncertainty:      0.035ns  ((TSJ^2 + TIJ^2)^1/2 + DJ) / 2 + PE
    Total System Jitter     (TSJ):    0.071ns
    Total Input Jitter      (TIJ):    0.000ns
    Discrete Jitter          (DJ):    0.000ns
    Phase Error              (PE):    0.000ns
  Clock Net Delay (Source):      1.671ns (routing 0.767ns, distribution 0.904ns)
  Clock Net Delay (Destination): 1.382ns (routing 0.696ns, distribution 0.686ns)

    Location             Delay type                Incr(ns)  Path(ns)    Netlist Resource(s)
  -------------------------------------------------------------------    -------------------
                         (clock clk_pl_0 rise edge)
                                                      0.000     0.000 r  
    D2                                                0.000     0.000 r  clk (IN)
                         net (fo=0)                   0.000     0.000    clk_IBUF_inst/I
    D2                   INBUF (Prop_INBUF_HDIOB_M_PAD_O)
                                                      1.059     1.059 r  clk_IBUF_inst/INBUF_INST/O
                         net (fo=1, routed)           0.000     1.059    clk_IBUF_inst/OUT
    D2                   IBUFCTRL (Prop_IBUFCTRL_HDIOB_M_I_O)
                                                      0.000     1.059 r  clk_IBUF_inst/IBUFCTRL_INST/O
                         net (fo=1, routed)           0.204     1.263    clk_IBUF
    BUFGCE_HDIO_X2Y2     BUFGCE (Prop_BUFCE_BUFGCE_HDIO_I_O)
                                                      0.028     1.291 r  clk_IBUF_BUFG_inst/O
    X2Y4 (CLOCK_ROOT)    net (fo=901, routed)         1.671     2.962    u_quantize_q8_0/clk
    SLICE_X91Y251        FDRE                                         r  u_quantize_q8_0/sample_index_r_reg[0]_rep__0/C
  -------------------------------------------------------------------    -------------------
    SLICE_X91Y251        FDRE (Prop_EFF_SLICEL_C_Q)
                                                      0.079     3.041 r  u_quantize_q8_0/sample_index_r_reg[0]_rep__0/Q
                         net (fo=169, routed)         0.646     3.687    u_quantize_q8_0/sample_index_r_reg[0]_rep__0_n_0
    SLICE_X98Y262        LUT6 (Prop_D6LUT_SLICEL_I4_O)
                                                      0.146     3.833 f  u_quantize_q8_0/scale_amax[5]_i_46/O
                         net (fo=1, routed)           0.009     3.842    u_quantize_q8_0/scale_amax[5]_i_46_n_0
    SLICE_X98Y262        MUXF7 (Prop_F7MUX_CD_SLICEL_I0_O)
                                                      0.063     3.905 f  u_quantize_q8_0/scale_amax_reg[5]_i_25/O
                         net (fo=1, routed)           0.142     4.047    u_quantize_q8_0/scale_amax_reg[5]_i_25_n_0
    SLICE_X98Y263        LUT6 (Prop_H6LUT_SLICEL_I1_O)
                                                      0.150     4.197 f  u_quantize_q8_0/scale_amax[5]_i_9/O
                         net (fo=6, routed)           0.411     4.608    u_quantize_q8_0/scale_amax[5]_i_9_n_0
    SLICE_X95Y260        LUT6 (Prop_H6LUT_SLICEL_I1_O)
                                                      0.099     4.707 r  u_quantize_q8_0/scale_amax[15]_i_8/O
                         net (fo=10, routed)          0.220     4.927    u_quantize_q8_0/scale_amax[15]_i_8_n_0
    SLICE_X94Y258        LUT5 (Prop_B5LUT_SLICEM_I3_O)
                                                      0.072     4.999 r  u_quantize_q8_0/scale_amax[11]_i_2/O
                         net (fo=9, routed)           0.251     5.250    u_quantize_q8_0/abs16[11]
    SLICE_X91Y258        LUT4 (Prop_F6LUT_SLICEL_I1_O)
                                                      0.089     5.339 r  u_quantize_q8_0/scale_amax[15]_i_66/O
                         net (fo=1, routed)           0.011     5.350    u_quantize_q8_0/scale_amax[15]_i_66_n_0
    SLICE_X91Y258        CARRY8 (Prop_CARRY8_SLICEL_S[5]_CO[7])
                                                      0.155     5.505 r  u_quantize_q8_0/scale_amax_reg[15]_i_21/CO[7]
                         net (fo=1, routed)           0.026     5.531    u_quantize_q8_0/max_after_scan_w1
    SLICE_X91Y259        CARRY8 (Prop_CARRY8_SLICEL_CI_O[0])
                                                      0.056     5.587 r  u_quantize_q8_0/scale_amax_reg[15]_i_6/O[0]
                         net (fo=28, routed)          0.363     5.950    u_quantize_q8_0/scale_amax_reg[15]_i_6_n_15
    SLICE_X87Y258        LUT4 (Prop_B5LUT_SLICEL_I1_O)
                                                      0.141     6.091 r  u_quantize_q8_0/scale_amax[7]_i_1/O
                         net (fo=2, routed)           0.281     6.372    u_quantize_q8_0/scale_amax[7]_i_1_n_0
    SLICE_X87Y258        FDRE                                         r  u_quantize_q8_0/max_abs_r_reg[7]/D
  -------------------------------------------------------------------    -------------------

                         (clock clk_pl_0 rise edge)
                                                      5.333     5.333 r  
    D2                                                0.000     5.333 r  clk (IN)
                         net (fo=0)                   0.000     5.333    clk_IBUF_inst/I
    D2                   INBUF (Prop_INBUF_HDIOB_M_PAD_O)
                                                      0.551     5.884 r  clk_IBUF_inst/INBUF_INST/O
                         net (fo=1, routed)           0.000     5.884    clk_IBUF_inst/OUT
    D2                   IBUFCTRL (Prop_IBUFCTRL_HDIOB_M_I_O)
                                                      0.000     5.884 r  clk_IBUF_inst/IBUFCTRL_INST/O
                         net (fo=1, routed)           0.169     6.053    clk_IBUF
    BUFGCE_HDIO_X2Y2     BUFGCE (Prop_BUFCE_BUFGCE_HDIO_I_O)
                                                      0.024     6.077 r  clk_IBUF_BUFG_inst/O
    X2Y4 (CLOCK_ROOT)    net (fo=901, routed)         1.382     7.459    u_quantize_q8_0/clk
    SLICE_X87Y258        FDRE                                         r  u_quantize_q8_0/max_abs_r_reg[7]/C
                         clock pessimism              0.655     8.114    
                         clock uncertainty           -0.035     8.079    
    SLICE_X87Y258        FDRE (Setup_FFF2_SLICEL_C_D)
                                                      0.025     8.104    u_quantize_q8_0/max_abs_r_reg[7]
  -------------------------------------------------------------------
                         required time                          8.104    
                         arrival time                          -6.372    
  -------------------------------------------------------------------
                         slack                                  1.732    

Slack (MET) :             1.760ns  (required time - arrival time)
  Source:                 u_quantize_q8_0/sample_index_r_reg[0]_rep__0/C
                            (rising edge-triggered cell FDRE clocked by clk_pl_0  {rise@0.000ns fall@2.667ns period=5.333ns})
  Destination:            u_quantize_q8_0/scale_amax_reg[7]/D
                            (rising edge-triggered cell FDRE clocked by clk_pl_0  {rise@0.000ns fall@2.667ns period=5.333ns})
  Path Group:             clk_pl_0
  Path Type:              Setup (Max at Slow Process Corner)
  Requirement:            5.333ns  (clk_pl_0 rise@5.333ns - clk_pl_0 rise@0.000ns)
  Data Path Delay:        3.382ns  (logic 1.050ns (31.042%)  route 2.332ns (68.958%))
  Logic Levels:           9  (CARRY8=2 LUT4=2 LUT5=1 LUT6=3 MUXF7=1)
  Clock Path Skew:        -0.180ns (DCD - SCD + CPR)
    Destination Clock Delay (DCD):    2.126ns = ( 7.459 - 5.333 ) 
    Source Clock Delay      (SCD):    2.962ns
    Clock Pessimism Removal (CPR):    0.655ns
  Clock Uncertainty:      0.035ns  ((TSJ^2 + TIJ^2)^1/2 + DJ) / 2 + PE
    Total System Jitter     (TSJ):    0.071ns
    Total Input Jitter      (TIJ):    0.000ns
    Discrete Jitter          (DJ):    0.000ns
    Phase Error              (PE):    0.000ns
  Clock Net Delay (Source):      1.671ns (routing 0.767ns, distribution 0.904ns)
  Clock Net Delay (Destination): 1.382ns (routing 0.696ns, distribution 0.686ns)

    Location             Delay type                Incr(ns)  Path(ns)    Netlist Resource(s)
  -------------------------------------------------------------------    -------------------
                         (clock clk_pl_0 rise edge)
                                                      0.000     0.000 r  
    D2                                                0.000     0.000 r  clk (IN)
                         net (fo=0)                   0.000     0.000    clk_IBUF_inst/I
    D2                   INBUF (Prop_INBUF_HDIOB_M_PAD_O)
                                                      1.059     1.059 r  clk_IBUF_inst/INBUF_INST/O
                         net (fo=1, routed)           0.000     1.059    clk_IBUF_inst/OUT
    D2                   IBUFCTRL (Prop_IBUFCTRL_HDIOB_M_I_O)
                                                      0.000     1.059 r  clk_IBUF_inst/IBUFCTRL_INST/O
                         net (fo=1, routed)           0.204     1.263    clk_IBUF
    BUFGCE_HDIO_X2Y2     BUFGCE (Prop_BUFCE_BUFGCE_HDIO_I_O)
                                                      0.028     1.291 r  clk_IBUF_BUFG_inst/O
    X2Y4 (CLOCK_ROOT)    net (fo=901, routed)         1.671     2.962    u_quantize_q8_0/clk
    SLICE_X91Y251        FDRE                                         r  u_quantize_q8_0/sample_index_r_reg[0]_rep__0/C
  -------------------------------------------------------------------    -------------------
    SLICE_X91Y251        FDRE (Prop_EFF_SLICEL_C_Q)
                                                      0.079     3.041 r  u_quantize_q8_0/sample_index_r_reg[0]_rep__0/Q
                         net (fo=169, routed)         0.646     3.687    u_quantize_q8_0/sample_index_r_reg[0]_rep__0_n_0
    SLICE_X98Y262        LUT6 (Prop_D6LUT_SLICEL_I4_O)
                                                      0.146     3.833 f  u_quantize_q8_0/scale_amax[5]_i_46/O
                         net (fo=1, routed)           0.009     3.842    u_quantize_q8_0/scale_amax[5]_i_46_n_0
    SLICE_X98Y262        MUXF7 (Prop_F7MUX_CD_SLICEL_I0_O)
                                                      0.063     3.905 f  u_quantize_q8_0/scale_amax_reg[5]_i_25/O
                         net (fo=1, routed)           0.142     4.047    u_quantize_q8_0/scale_amax_reg[5]_i_25_n_0
    SLICE_X98Y263        LUT6 (Prop_H6LUT_SLICEL_I1_O)
                                                      0.150     4.197 f  u_quantize_q8_0/scale_amax[5]_i_9/O
                         net (fo=6, routed)           0.411     4.608    u_quantize_q8_0/scale_amax[5]_i_9_n_0
    SLICE_X95Y260        LUT6 (Prop_H6LUT_SLICEL_I1_O)
                                                      0.099     4.707 r  u_quantize_q8_0/scale_amax[15]_i_8/O
                         net (fo=10, routed)          0.220     4.927    u_quantize_q8_0/scale_amax[15]_i_8_n_0
    SLICE_X94Y258        LUT5 (Prop_B5LUT_SLICEM_I3_O)
                                                      0.072     4.999 r  u_quantize_q8_0/scale_amax[11]_i_2/O
                         net (fo=9, routed)           0.251     5.250    u_quantize_q8_0/abs16[11]
    SLICE_X91Y258        LUT4 (Prop_F6LUT_SLICEL_I1_O)
                                                      0.089     5.339 r  u_quantize_q8_0/scale_amax[15]_i_66/O
                         net (fo=1, routed)           0.011     5.350    u_quantize_q8_0/scale_amax[15]_i_66_n_0
    SLICE_X91Y258        CARRY8 (Prop_CARRY8_SLICEL_S[5]_CO[7])
                                                      0.155     5.505 r  u_quantize_q8_0/scale_amax_reg[15]_i_21/CO[7]
                         net (fo=1, routed)           0.026     5.531    u_quantize_q8_0/max_after_scan_w1
    SLICE_X91Y259        CARRY8 (Prop_CARRY8_SLICEL_CI_O[0])
                                                      0.056     5.587 r  u_quantize_q8_0/scale_amax_reg[15]_i_6/O[0]
                         net (fo=28, routed)          0.363     5.950    u_quantize_q8_0/scale_amax_reg[15]_i_6_n_15
    SLICE_X87Y258        LUT4 (Prop_B5LUT_SLICEL_I1_O)
                                                      0.141     6.091 r  u_quantize_q8_0/scale_amax[7]_i_1/O
                         net (fo=2, routed)           0.253     6.344    u_quantize_q8_0/scale_amax[7]_i_1_n_0
    SLICE_X87Y258        FDRE                                         r  u_quantize_q8_0/scale_amax_reg[7]/D
  -------------------------------------------------------------------    -------------------

                         (clock clk_pl_0 rise edge)
                                                      5.333     5.333 r  
    D2                                                0.000     5.333 r  clk (IN)
                         net (fo=0)                   0.000     5.333    clk_IBUF_inst/I
    D2                   INBUF (Prop_INBUF_HDIOB_M_PAD_O)
                                                      0.551     5.884 r  clk_IBUF_inst/INBUF_INST/O
                         net (fo=1, routed)           0.000     5.884    clk_IBUF_inst/OUT
    D2                   IBUFCTRL (Prop_IBUFCTRL_HDIOB_M_I_O)
                                                      0.000     5.884 r  clk_IBUF_inst/IBUFCTRL_INST/O
                         net (fo=1, routed)           0.169     6.053    clk_IBUF
    BUFGCE_HDIO_X2Y2     BUFGCE (Prop_BUFCE_BUFGCE_HDIO_I_O)
                                                      0.024     6.077 r  clk_IBUF_BUFG_inst/O
    X2Y4 (CLOCK_ROOT)    net (fo=901, routed)         1.382     7.459    u_quantize_q8_0/clk
    SLICE_X87Y258        FDRE                                         r  u_quantize_q8_0/scale_amax_reg[7]/C
                         clock pessimism              0.655     8.114    
                         clock uncertainty           -0.035     8.079    
    SLICE_X87Y258        FDRE (Setup_FFF_SLICEL_C_D)
                                                      0.025     8.104    u_quantize_q8_0/scale_amax_reg[7]
  -------------------------------------------------------------------
                         required time                          8.104    
                         arrival time                          -6.344    
  -------------------------------------------------------------------
                         slack                                  1.760    

Slack (MET) :             1.782ns  (required time - arrival time)
  Source:                 u_quantize_q8_0/sample_index_r_reg[0]_rep__0/C
                            (rising edge-triggered cell FDRE clocked by clk_pl_0  {rise@0.000ns fall@2.667ns period=5.333ns})
  Destination:            u_quantize_q8_0/scale_amax_reg[2]/D
                            (rising edge-triggered cell FDRE clocked by clk_pl_0  {rise@0.000ns fall@2.667ns period=5.333ns})
  Path Group:             clk_pl_0
  Path Type:              Setup (Max at Slow Process Corner)
  Requirement:            5.333ns  (clk_pl_0 rise@5.333ns - clk_pl_0 rise@0.000ns)
  Data Path Delay:        3.437ns  (logic 1.030ns (29.966%)  route 2.407ns (70.034%))
  Logic Levels:           10  (CARRY8=2 LUT2=1 LUT3=1 LUT4=1 LUT5=1 LUT6=3 MUXF7=1)
  Clock Path Skew:        -0.104ns (DCD - SCD + CPR)
    Destination Clock Delay (DCD):    2.199ns = ( 7.532 - 5.333 ) 
    Source Clock Delay      (SCD):    2.962ns
    Clock Pessimism Removal (CPR):    0.659ns
  Clock Uncertainty:      0.035ns  ((TSJ^2 + TIJ^2)^1/2 + DJ) / 2 + PE
    Total System Jitter     (TSJ):    0.071ns
    Total Input Jitter      (TIJ):    0.000ns
    Discrete Jitter          (DJ):    0.000ns
    Phase Error              (PE):    0.000ns
  Clock Net Delay (Source):      1.671ns (routing 0.767ns, distribution 0.904ns)
  Clock Net Delay (Destination): 1.455ns (routing 0.696ns, distribution 0.759ns)

    Location             Delay type                Incr(ns)  Path(ns)    Netlist Resource(s)
  -------------------------------------------------------------------    -------------------
                         (clock clk_pl_0 rise edge)
                                                      0.000     0.000 r  
    D2                                                0.000     0.000 r  clk (IN)
                         net (fo=0)                   0.000     0.000    clk_IBUF_inst/I
    D2                   INBUF (Prop_INBUF_HDIOB_M_PAD_O)
                                                      1.059     1.059 r  clk_IBUF_inst/INBUF_INST/O
                         net (fo=1, routed)           0.000     1.059    clk_IBUF_inst/OUT
    D2                   IBUFCTRL (Prop_IBUFCTRL_HDIOB_M_I_O)
                                                      0.000     1.059 r  clk_IBUF_inst/IBUFCTRL_INST/O
                         net (fo=1, routed)           0.204     1.263    clk_IBUF
    BUFGCE_HDIO_X2Y2     BUFGCE (Prop_BUFCE_BUFGCE_HDIO_I_O)
                                                      0.028     1.291 r  clk_IBUF_BUFG_inst/O
    X2Y4 (CLOCK_ROOT)    net (fo=901, routed)         1.671     2.962    u_quantize_q8_0/clk
    SLICE_X91Y251        FDRE                                         r  u_quantize_q8_0/sample_index_r_reg[0]_rep__0/C
  -------------------------------------------------------------------    -------------------
    SLICE_X91Y251        FDRE (Prop_EFF_SLICEL_C_Q)
                                                      0.079     3.041 r  u_quantize_q8_0/sample_index_r_reg[0]_rep__0/Q
                         net (fo=169, routed)         0.646     3.687    u_quantize_q8_0/sample_index_r_reg[0]_rep__0_n_0
    SLICE_X98Y262        LUT6 (Prop_D6LUT_SLICEL_I4_O)
                                                      0.146     3.833 f  u_quantize_q8_0/scale_amax[5]_i_46/O
                         net (fo=1, routed)           0.009     3.842    u_quantize_q8_0/scale_amax[5]_i_46_n_0
    SLICE_X98Y262        MUXF7 (Prop_F7MUX_CD_SLICEL_I0_O)
                                                      0.063     3.905 f  u_quantize_q8_0/scale_amax_reg[5]_i_25/O
                         net (fo=1, routed)           0.142     4.047    u_quantize_q8_0/scale_amax_reg[5]_i_25_n_0
    SLICE_X98Y263        LUT6 (Prop_H6LUT_SLICEL_I1_O)
                                                      0.150     4.197 f  u_quantize_q8_0/scale_amax[5]_i_9/O
                         net (fo=6, routed)           0.411     4.608    u_quantize_q8_0/scale_amax[5]_i_9_n_0
    SLICE_X95Y260        LUT6 (Prop_H6LUT_SLICEL_I1_O)
                                                      0.099     4.707 r  u_quantize_q8_0/scale_amax[15]_i_8/O
                         net (fo=10, routed)          0.220     4.927    u_quantize_q8_0/scale_amax[15]_i_8_n_0
    SLICE_X94Y258        LUT5 (Prop_B5LUT_SLICEM_I3_O)
                                                      0.072     4.999 r  u_quantize_q8_0/scale_amax[11]_i_2/O
                         net (fo=9, routed)           0.251     5.250    u_quantize_q8_0/abs16[11]
    SLICE_X91Y258        LUT4 (Prop_F6LUT_SLICEL_I1_O)
                                                      0.089     5.339 r  u_quantize_q8_0/scale_amax[15]_i_66/O
                         net (fo=1, routed)           0.011     5.350    u_quantize_q8_0/scale_amax[15]_i_66_n_0
    SLICE_X91Y258        CARRY8 (Prop_CARRY8_SLICEL_S[5]_CO[7])
                                                      0.155     5.505 r  u_quantize_q8_0/scale_amax_reg[15]_i_21/CO[7]
                         net (fo=1, routed)           0.026     5.531    u_quantize_q8_0/max_after_scan_w1
    SLICE_X91Y259        CARRY8 (Prop_CARRY8_SLICEL_CI_O[0])
                                                      0.056     5.587 r  u_quantize_q8_0/scale_amax_reg[15]_i_6/O[0]
                         net (fo=28, routed)          0.212     5.799    u_quantize_q8_0/scale_amax_reg[15]_i_6_n_15
    SLICE_X93Y257        LUT3 (Prop_H6LUT_SLICEM_I1_O)
                                                      0.053     5.852 r  u_quantize_q8_0/scale_amax[2]_i_2/O
                         net (fo=2, routed)           0.143     5.995    u_quantize_q8_0/scale_amax[2]_i_2_n_0
    SLICE_X93Y257        LUT2 (Prop_C5LUT_SLICEM_I0_O)
                                                      0.068     6.063 r  u_quantize_q8_0/scale_amax[2]_i_1/O
                         net (fo=2, routed)           0.336     6.399    u_quantize_q8_0/scale_amax[2]_i_1_n_0
    SLICE_X93Y257        FDRE                                         r  u_quantize_q8_0/scale_amax_reg[2]/D
  -------------------------------------------------------------------    -------------------

                         (clock clk_pl_0 rise edge)
                                                      5.333     5.333 r  
    D2                                                0.000     5.333 r  clk (IN)
                         net (fo=0)                   0.000     5.333    clk_IBUF_inst/I
    D2                   INBUF (Prop_INBUF_HDIOB_M_PAD_O)
                                                      0.551     5.884 r  clk_IBUF_inst/INBUF_INST/O
                         net (fo=1, routed)           0.000     5.884    clk_IBUF_inst/OUT
    D2                   IBUFCTRL (Prop_IBUFCTRL_HDIOB_M_I_O)
                                                      0.000     5.884 r  clk_IBUF_inst/IBUFCTRL_INST/O
                         net (fo=1, routed)           0.169     6.053    clk_IBUF
    BUFGCE_HDIO_X2Y2     BUFGCE (Prop_BUFCE_BUFGCE_HDIO_I_O)
                                                      0.024     6.077 r  clk_IBUF_BUFG_inst/O
    X2Y4 (CLOCK_ROOT)    net (fo=901, routed)         1.455     7.532    u_quantize_q8_0/clk
    SLICE_X93Y257        FDRE                                         r  u_quantize_q8_0/scale_amax_reg[2]/C
                         clock pessimism              0.659     8.191    
                         clock uncertainty           -0.035     8.155    
    SLICE_X93Y257        FDRE (Setup_GFF_SLICEM_C_D)
                                                      0.025     8.180    u_quantize_q8_0/scale_amax_reg[2]
  -------------------------------------------------------------------
                         required time                          8.180    
                         arrival time                          -6.399    
  -------------------------------------------------------------------
                         slack                                  1.782    

Slack (MET) :             1.815ns  (required time - arrival time)
  Source:                 u_quantize_q8_0/sample_index_r_reg[0]_rep__0/C
                            (rising edge-triggered cell FDRE clocked by clk_pl_0  {rise@0.000ns fall@2.667ns period=5.333ns})
  Destination:            u_quantize_q8_0/zero_block_reg/D
                            (rising edge-triggered cell FDSE clocked by clk_pl_0  {rise@0.000ns fall@2.667ns period=5.333ns})
  Path Group:             clk_pl_0
  Path Type:              Setup (Max at Slow Process Corner)
  Requirement:            5.333ns  (clk_pl_0 rise@5.333ns - clk_pl_0 rise@0.000ns)
  Data Path Delay:        3.438ns  (logic 1.163ns (33.826%)  route 2.275ns (66.174%))
  Logic Levels:           11  (CARRY8=2 LUT3=1 LUT4=1 LUT5=1 LUT6=5 MUXF7=1)
  Clock Path Skew:        -0.070ns (DCD - SCD + CPR)
    Destination Clock Delay (DCD):    2.184ns = ( 7.517 - 5.333 ) 
    Source Clock Delay      (SCD):    2.962ns
    Clock Pessimism Removal (CPR):    0.708ns
  Clock Uncertainty:      0.035ns  ((TSJ^2 + TIJ^2)^1/2 + DJ) / 2 + PE
    Total System Jitter     (TSJ):    0.071ns
    Total Input Jitter      (TIJ):    0.000ns
    Discrete Jitter          (DJ):    0.000ns
    Phase Error              (PE):    0.000ns
  Clock Net Delay (Source):      1.671ns (routing 0.767ns, distribution 0.904ns)
  Clock Net Delay (Destination): 1.440ns (routing 0.696ns, distribution 0.744ns)

    Location             Delay type                Incr(ns)  Path(ns)    Netlist Resource(s)
  -------------------------------------------------------------------    -------------------
                         (clock clk_pl_0 rise edge)
                                                      0.000     0.000 r  
    D2                                                0.000     0.000 r  clk (IN)
                         net (fo=0)                   0.000     0.000    clk_IBUF_inst/I
    D2                   INBUF (Prop_INBUF_HDIOB_M_PAD_O)
                                                      1.059     1.059 r  clk_IBUF_inst/INBUF_INST/O
                         net (fo=1, routed)           0.000     1.059    clk_IBUF_inst/OUT
    D2                   IBUFCTRL (Prop_IBUFCTRL_HDIOB_M_I_O)
                                                      0.000     1.059 r  clk_IBUF_inst/IBUFCTRL_INST/O
                         net (fo=1, routed)           0.204     1.263    clk_IBUF
    BUFGCE_HDIO_X2Y2     BUFGCE (Prop_BUFCE_BUFGCE_HDIO_I_O)
                                                      0.028     1.291 r  clk_IBUF_BUFG_inst/O
    X2Y4 (CLOCK_ROOT)    net (fo=901, routed)         1.671     2.962    u_quantize_q8_0/clk
    SLICE_X91Y251        FDRE                                         r  u_quantize_q8_0/sample_index_r_reg[0]_rep__0/C
  -------------------------------------------------------------------    -------------------
    SLICE_X91Y251        FDRE (Prop_EFF_SLICEL_C_Q)
                                                      0.079     3.041 r  u_quantize_q8_0/sample_index_r_reg[0]_rep__0/Q
                         net (fo=169, routed)         0.646     3.687    u_quantize_q8_0/sample_index_r_reg[0]_rep__0_n_0
    SLICE_X98Y262        LUT6 (Prop_D6LUT_SLICEL_I4_O)
                                                      0.146     3.833 f  u_quantize_q8_0/scale_amax[5]_i_46/O
                         net (fo=1, routed)           0.009     3.842    u_quantize_q8_0/scale_amax[5]_i_46_n_0
    SLICE_X98Y262        MUXF7 (Prop_F7MUX_CD_SLICEL_I0_O)
                                                      0.063     3.905 f  u_quantize_q8_0/scale_amax_reg[5]_i_25/O
                         net (fo=1, routed)           0.142     4.047    u_quantize_q8_0/scale_amax_reg[5]_i_25_n_0
    SLICE_X98Y263        LUT6 (Prop_H6LUT_SLICEL_I1_O)
                                                      0.150     4.197 f  u_quantize_q8_0/scale_amax[5]_i_9/O
                         net (fo=6, routed)           0.411     4.608    u_quantize_q8_0/scale_amax[5]_i_9_n_0
    SLICE_X95Y260        LUT6 (Prop_H6LUT_SLICEL_I1_O)
                                                      0.099     4.707 r  u_quantize_q8_0/scale_amax[15]_i_8/O
                         net (fo=10, routed)          0.220     4.927    u_quantize_q8_0/scale_amax[15]_i_8_n_0
    SLICE_X94Y258        LUT5 (Prop_B5LUT_SLICEM_I3_O)
                                                      0.072     4.999 r  u_quantize_q8_0/scale_amax[11]_i_2/O
                         net (fo=9, routed)           0.251     5.250    u_quantize_q8_0/abs16[11]
    SLICE_X91Y258        LUT4 (Prop_F6LUT_SLICEL_I1_O)
                                                      0.089     5.339 r  u_quantize_q8_0/scale_amax[15]_i_66/O
                         net (fo=1, routed)           0.011     5.350    u_quantize_q8_0/scale_amax[15]_i_66_n_0
    SLICE_X91Y258        CARRY8 (Prop_CARRY8_SLICEL_S[5]_CO[7])
                                                      0.155     5.505 r  u_quantize_q8_0/scale_amax_reg[15]_i_21/CO[7]
                         net (fo=1, routed)           0.026     5.531    u_quantize_q8_0/max_after_scan_w1
    SLICE_X91Y259        CARRY8 (Prop_CARRY8_SLICEL_CI_O[0])
                                                      0.056     5.587 r  u_quantize_q8_0/scale_amax_reg[15]_i_6/O[0]
                         net (fo=28, routed)          0.212     5.799    u_quantize_q8_0/scale_amax_reg[15]_i_6_n_15
    SLICE_X93Y257        LUT3 (Prop_H5LUT_SLICEM_I1_O)
                                                      0.066     5.865 f  u_quantize_q8_0/scale_amax[3]_i_2/O
                         net (fo=2, routed)           0.149     6.014    u_quantize_q8_0/scale_amax[3]_i_2_n_0
    SLICE_X93Y258        LUT6 (Prop_H6LUT_SLICEM_I2_O)
                                                      0.152     6.166 f  u_quantize_q8_0/zero_block_i_4/O
                         net (fo=1, routed)           0.147     6.313    u_quantize_q8_0/zero_block_i_4_n_0
    SLICE_X92Y260        LUT6 (Prop_H6LUT_SLICEL_I2_O)
                                                      0.036     6.349 r  u_quantize_q8_0/zero_block_i_1/O
                         net (fo=1, routed)           0.051     6.400    u_quantize_q8_0/zero_block_i_1_n_0
    SLICE_X92Y260        FDSE                                         r  u_quantize_q8_0/zero_block_reg/D
  -------------------------------------------------------------------    -------------------

                         (clock clk_pl_0 rise edge)
                                                      5.333     5.333 r  
    D2                                                0.000     5.333 r  clk (IN)
                         net (fo=0)                   0.000     5.333    clk_IBUF_inst/I
    D2                   INBUF (Prop_INBUF_HDIOB_M_PAD_O)
                                                      0.551     5.884 r  clk_IBUF_inst/INBUF_INST/O
                         net (fo=1, routed)           0.000     5.884    clk_IBUF_inst/OUT
    D2                   IBUFCTRL (Prop_IBUFCTRL_HDIOB_M_I_O)
                                                      0.000     5.884 r  clk_IBUF_inst/IBUFCTRL_INST/O
                         net (fo=1, routed)           0.169     6.053    clk_IBUF
    BUFGCE_HDIO_X2Y2     BUFGCE (Prop_BUFCE_BUFGCE_HDIO_I_O)
                                                      0.024     6.077 r  clk_IBUF_BUFG_inst/O
    X2Y4 (CLOCK_ROOT)    net (fo=901, routed)         1.440     7.517    u_quantize_q8_0/clk
    SLICE_X92Y260        FDSE                                         r  u_quantize_q8_0/zero_block_reg/C
                         clock pessimism              0.708     8.225    
                         clock uncertainty           -0.035     8.190    
    SLICE_X92Y260        FDSE (Setup_HFF_SLICEL_C_D)
                                                      0.025     8.215    u_quantize_q8_0/zero_block_reg
  -------------------------------------------------------------------
                         required time                          8.215    
                         arrival time                          -6.400    
  -------------------------------------------------------------------
                         slack                                  1.815    

Slack (MET) :             1.846ns  (required time - arrival time)
  Source:                 u_quantize_q8_0/sample_index_r_reg[0]_rep__0/C
                            (rising edge-triggered cell FDRE clocked by clk_pl_0  {rise@0.000ns fall@2.667ns period=5.333ns})
  Destination:            u_quantize_q8_0/scale_amax_reg[13]/D
                            (rising edge-triggered cell FDRE clocked by clk_pl_0  {rise@0.000ns fall@2.667ns period=5.333ns})
  Path Group:             clk_pl_0
  Path Type:              Setup (Max at Slow Process Corner)
  Requirement:            5.333ns  (clk_pl_0 rise@5.333ns - clk_pl_0 rise@0.000ns)
  Data Path Delay:        3.290ns  (logic 0.960ns (29.175%)  route 2.330ns (70.825%))
  Logic Levels:           9  (CARRY8=2 LUT4=2 LUT5=1 LUT6=3 MUXF7=1)
  Clock Path Skew:        -0.186ns (DCD - SCD + CPR)
    Destination Clock Delay (DCD):    2.120ns = ( 7.453 - 5.333 ) 
    Source Clock Delay      (SCD):    2.962ns
    Clock Pessimism Removal (CPR):    0.655ns
  Clock Uncertainty:      0.035ns  ((TSJ^2 + TIJ^2)^1/2 + DJ) / 2 + PE
    Total System Jitter     (TSJ):    0.071ns
    Total Input Jitter      (TIJ):    0.000ns
    Discrete Jitter          (DJ):    0.000ns
    Phase Error              (PE):    0.000ns
  Clock Net Delay (Source):      1.671ns (routing 0.767ns, distribution 0.904ns)
  Clock Net Delay (Destination): 1.376ns (routing 0.696ns, distribution 0.680ns)

    Location             Delay type                Incr(ns)  Path(ns)    Netlist Resource(s)
  -------------------------------------------------------------------    -------------------
                         (clock clk_pl_0 rise edge)
                                                      0.000     0.000 r  
    D2                                                0.000     0.000 r  clk (IN)
                         net (fo=0)                   0.000     0.000    clk_IBUF_inst/I
    D2                   INBUF (Prop_INBUF_HDIOB_M_PAD_O)
                                                      1.059     1.059 r  clk_IBUF_inst/INBUF_INST/O
                         net (fo=1, routed)           0.000     1.059    clk_IBUF_inst/OUT
    D2                   IBUFCTRL (Prop_IBUFCTRL_HDIOB_M_I_O)
                                                      0.000     1.059 r  clk_IBUF_inst/IBUFCTRL_INST/O
                         net (fo=1, routed)           0.204     1.263    clk_IBUF
    BUFGCE_HDIO_X2Y2     BUFGCE (Prop_BUFCE_BUFGCE_HDIO_I_O)
                                                      0.028     1.291 r  clk_IBUF_BUFG_inst/O
    X2Y4 (CLOCK_ROOT)    net (fo=901, routed)         1.671     2.962    u_quantize_q8_0/clk
    SLICE_X91Y251        FDRE                                         r  u_quantize_q8_0/sample_index_r_reg[0]_rep__0/C
  -------------------------------------------------------------------    -------------------
    SLICE_X91Y251        FDRE (Prop_EFF_SLICEL_C_Q)
                                                      0.079     3.041 r  u_quantize_q8_0/sample_index_r_reg[0]_rep__0/Q
                         net (fo=169, routed)         0.646     3.687    u_quantize_q8_0/sample_index_r_reg[0]_rep__0_n_0
    SLICE_X98Y262        LUT6 (Prop_D6LUT_SLICEL_I4_O)
                                                      0.146     3.833 f  u_quantize_q8_0/scale_amax[5]_i_46/O
                         net (fo=1, routed)           0.009     3.842    u_quantize_q8_0/scale_amax[5]_i_46_n_0
    SLICE_X98Y262        MUXF7 (Prop_F7MUX_CD_SLICEL_I0_O)
                                                      0.063     3.905 f  u_quantize_q8_0/scale_amax_reg[5]_i_25/O
                         net (fo=1, routed)           0.142     4.047    u_quantize_q8_0/scale_amax_reg[5]_i_25_n_0
    SLICE_X98Y263        LUT6 (Prop_H6LUT_SLICEL_I1_O)
                                                      0.150     4.197 f  u_quantize_q8_0/scale_amax[5]_i_9/O
                         net (fo=6, routed)           0.411     4.608    u_quantize_q8_0/scale_amax[5]_i_9_n_0
    SLICE_X95Y260        LUT6 (Prop_H6LUT_SLICEL_I1_O)
                                                      0.099     4.707 r  u_quantize_q8_0/scale_amax[15]_i_8/O
                         net (fo=10, routed)          0.220     4.927    u_quantize_q8_0/scale_amax[15]_i_8_n_0
    SLICE_X94Y258        LUT5 (Prop_B5LUT_SLICEM_I3_O)
                                                      0.072     4.999 r  u_quantize_q8_0/scale_amax[11]_i_2/O
                         net (fo=9, routed)           0.251     5.250    u_quantize_q8_0/abs16[11]
    SLICE_X91Y258        LUT4 (Prop_F6LUT_SLICEL_I1_O)
                                                      0.089     5.339 r  u_quantize_q8_0/scale_amax[15]_i_66/O
                         net (fo=1, routed)           0.011     5.350    u_quantize_q8_0/scale_amax[15]_i_66_n_0
    SLICE_X91Y258        CARRY8 (Prop_CARRY8_SLICEL_S[5]_CO[7])
                                                      0.155     5.505 r  u_quantize_q8_0/scale_amax_reg[15]_i_21/CO[7]
                         net (fo=1, routed)           0.026     5.531    u_quantize_q8_0/max_after_scan_w1
    SLICE_X91Y259        CARRY8 (Prop_CARRY8_SLICEL_CI_O[0])
                                                      0.056     5.587 r  u_quantize_q8_0/scale_amax_reg[15]_i_6/O[0]
                         net (fo=28, routed)          0.338     5.925    u_quantize_q8_0/scale_amax_reg[15]_i_6_n_15
    SLICE_X88Y258        LUT4 (Prop_F6LUT_SLICEM_I1_O)
                                                      0.051     5.976 r  u_quantize_q8_0/scale_amax[13]_i_1/O
                         net (fo=2, routed)           0.276     6.252    u_quantize_q8_0/scale_amax[13]_i_1_n_0
    SLICE_X87Y259        FDRE                                         r  u_quantize_q8_0/scale_amax_reg[13]/D
  -------------------------------------------------------------------    -------------------

                         (clock clk_pl_0 rise edge)
                                                      5.333     5.333 r  
    D2                                                0.000     5.333 r  clk (IN)
                         net (fo=0)                   0.000     5.333    clk_IBUF_inst/I
    D2                   INBUF (Prop_INBUF_HDIOB_M_PAD_O)
                                                      0.551     5.884 r  clk_IBUF_inst/INBUF_INST/O
                         net (fo=1, routed)           0.000     5.884    clk_IBUF_inst/OUT
    D2                   IBUFCTRL (Prop_IBUFCTRL_HDIOB_M_I_O)
                                                      0.000     5.884 r  clk_IBUF_inst/IBUFCTRL_INST/O
                         net (fo=1, routed)           0.169     6.053    clk_IBUF
    BUFGCE_HDIO_X2Y2     BUFGCE (Prop_BUFCE_BUFGCE_HDIO_I_O)
                                                      0.024     6.077 r  clk_IBUF_BUFG_inst/O
    X2Y4 (CLOCK_ROOT)    net (fo=901, routed)         1.376     7.453    u_quantize_q8_0/clk
    SLICE_X87Y259        FDRE                                         r  u_quantize_q8_0/scale_amax_reg[13]/C
                         clock pessimism              0.655     8.109    
                         clock uncertainty           -0.035     8.073    
    SLICE_X87Y259        FDRE (Setup_FFF_SLICEL_C_D)
                                                      0.025     8.098    u_quantize_q8_0/scale_amax_reg[13]
  -------------------------------------------------------------------
                         required time                          8.098    
                         arrival time                          -6.252    
  -------------------------------------------------------------------
                         slack                                  1.846    

Slack (MET) :             1.856ns  (required time - arrival time)
  Source:                 u_quantize_q8_0/sample_index_r_reg[0]_rep__0/C
                            (rising edge-triggered cell FDRE clocked by clk_pl_0  {rise@0.000ns fall@2.667ns period=5.333ns})
  Destination:            u_quantize_q8_0/scale_amax_reg[3]/D
                            (rising edge-triggered cell FDRE clocked by clk_pl_0  {rise@0.000ns fall@2.667ns period=5.333ns})
  Path Group:             clk_pl_0
  Path Type:              Setup (Max at Slow Process Corner)
  Requirement:            5.333ns  (clk_pl_0 rise@5.333ns - clk_pl_0 rise@0.000ns)
  Data Path Delay:        3.414ns  (logic 1.071ns (31.369%)  route 2.343ns (68.631%))
  Logic Levels:           10  (CARRY8=2 LUT2=1 LUT3=1 LUT4=1 LUT5=1 LUT6=3 MUXF7=1)
  Clock Path Skew:        -0.053ns (DCD - SCD + CPR)
    Destination Clock Delay (DCD):    2.202ns = ( 7.535 - 5.333 ) 
    Source Clock Delay      (SCD):    2.962ns
    Clock Pessimism Removal (CPR):    0.707ns
  Clock Uncertainty:      0.035ns  ((TSJ^2 + TIJ^2)^1/2 + DJ) / 2 + PE
    Total System Jitter     (TSJ):    0.071ns
    Total Input Jitter      (TIJ):    0.000ns
    Discrete Jitter          (DJ):    0.000ns
    Phase Error              (PE):    0.000ns
  Clock Net Delay (Source):      1.671ns (routing 0.767ns, distribution 0.904ns)
  Clock Net Delay (Destination): 1.457ns (routing 0.696ns, distribution 0.761ns)

    Location             Delay type                Incr(ns)  Path(ns)    Netlist Resource(s)
  -------------------------------------------------------------------    -------------------
                         (clock clk_pl_0 rise edge)
                                                      0.000     0.000 r  
    D2                                                0.000     0.000 r  clk (IN)
                         net (fo=0)                   0.000     0.000    clk_IBUF_inst/I
    D2                   INBUF (Prop_INBUF_HDIOB_M_PAD_O)
                                                      1.059     1.059 r  clk_IBUF_inst/INBUF_INST/O
                         net (fo=1, routed)           0.000     1.059    clk_IBUF_inst/OUT
    D2                   IBUFCTRL (Prop_IBUFCTRL_HDIOB_M_I_O)
                                                      0.000     1.059 r  clk_IBUF_inst/IBUFCTRL_INST/O
                         net (fo=1, routed)           0.204     1.263    clk_IBUF
    BUFGCE_HDIO_X2Y2     BUFGCE (Prop_BUFCE_BUFGCE_HDIO_I_O)
                                                      0.028     1.291 r  clk_IBUF_BUFG_inst/O
    X2Y4 (CLOCK_ROOT)    net (fo=901, routed)         1.671     2.962    u_quantize_q8_0/clk
    SLICE_X91Y251        FDRE                                         r  u_quantize_q8_0/sample_index_r_reg[0]_rep__0/C
  -------------------------------------------------------------------    -------------------
    SLICE_X91Y251        FDRE (Prop_EFF_SLICEL_C_Q)
                                                      0.079     3.041 r  u_quantize_q8_0/sample_index_r_reg[0]_rep__0/Q
                         net (fo=169, routed)         0.646     3.687    u_quantize_q8_0/sample_index_r_reg[0]_rep__0_n_0
    SLICE_X98Y262        LUT6 (Prop_D6LUT_SLICEL_I4_O)
                                                      0.146     3.833 f  u_quantize_q8_0/scale_amax[5]_i_46/O
                         net (fo=1, routed)           0.009     3.842    u_quantize_q8_0/scale_amax[5]_i_46_n_0
    SLICE_X98Y262        MUXF7 (Prop_F7MUX_CD_SLICEL_I0_O)
                                                      0.063     3.905 f  u_quantize_q8_0/scale_amax_reg[5]_i_25/O
                         net (fo=1, routed)           0.142     4.047    u_quantize_q8_0/scale_amax_reg[5]_i_25_n_0
    SLICE_X98Y263        LUT6 (Prop_H6LUT_SLICEL_I1_O)
                                                      0.150     4.197 f  u_quantize_q8_0/scale_amax[5]_i_9/O
                         net (fo=6, routed)           0.411     4.608    u_quantize_q8_0/scale_amax[5]_i_9_n_0
    SLICE_X95Y260        LUT6 (Prop_H6LUT_SLICEL_I1_O)
                                                      0.099     4.707 r  u_quantize_q8_0/scale_amax[15]_i_8/O
                         net (fo=10, routed)          0.220     4.927    u_quantize_q8_0/scale_amax[15]_i_8_n_0
    SLICE_X94Y258        LUT5 (Prop_B5LUT_SLICEM_I3_O)
                                                      0.072     4.999 r  u_quantize_q8_0/scale_amax[11]_i_2/O
                         net (fo=9, routed)           0.251     5.250    u_quantize_q8_0/abs16[11]
    SLICE_X91Y258        LUT4 (Prop_F6LUT_SLICEL_I1_O)
                                                      0.089     5.339 r  u_quantize_q8_0/scale_amax[15]_i_66/O
                         net (fo=1, routed)           0.011     5.350    u_quantize_q8_0/scale_amax[15]_i_66_n_0
    SLICE_X91Y258        CARRY8 (Prop_CARRY8_SLICEL_S[5]_CO[7])
                                                      0.155     5.505 r  u_quantize_q8_0/scale_amax_reg[15]_i_21/CO[7]
                         net (fo=1, routed)           0.026     5.531    u_quantize_q8_0/max_after_scan_w1
    SLICE_X91Y259        CARRY8 (Prop_CARRY8_SLICEL_CI_O[0])
                                                      0.056     5.587 r  u_quantize_q8_0/scale_amax_reg[15]_i_6/O[0]
                         net (fo=28, routed)          0.212     5.799    u_quantize_q8_0/scale_amax_reg[15]_i_6_n_15
    SLICE_X93Y257        LUT3 (Prop_H5LUT_SLICEM_I1_O)
                                                      0.066     5.865 r  u_quantize_q8_0/scale_amax[3]_i_2/O
                         net (fo=2, routed)           0.131     5.996    u_quantize_q8_0/scale_amax[3]_i_2_n_0
    SLICE_X91Y257        LUT2 (Prop_D5LUT_SLICEL_I0_O)
                                                      0.096     6.092 r  u_quantize_q8_0/scale_amax[3]_i_1/O
                         net (fo=2, routed)           0.284     6.376    u_quantize_q8_0/scale_amax[3]_i_1_n_0
    SLICE_X91Y257        FDRE                                         r  u_quantize_q8_0/scale_amax_reg[3]/D
  -------------------------------------------------------------------    -------------------

                         (clock clk_pl_0 rise edge)
                                                      5.333     5.333 r  
    D2                                                0.000     5.333 r  clk (IN)
                         net (fo=0)                   0.000     5.333    clk_IBUF_inst/I
    D2                   INBUF (Prop_INBUF_HDIOB_M_PAD_O)
                                                      0.551     5.884 r  clk_IBUF_inst/INBUF_INST/O
                         net (fo=1, routed)           0.000     5.884    clk_IBUF_inst/OUT
    D2                   IBUFCTRL (Prop_IBUFCTRL_HDIOB_M_I_O)
                                                      0.000     5.884 r  clk_IBUF_inst/IBUFCTRL_INST/O
                         net (fo=1, routed)           0.169     6.053    clk_IBUF
    BUFGCE_HDIO_X2Y2     BUFGCE (Prop_BUFCE_BUFGCE_HDIO_I_O)
                                                      0.024     6.077 r  clk_IBUF_BUFG_inst/O
    X2Y4 (CLOCK_ROOT)    net (fo=901, routed)         1.457     7.535    u_quantize_q8_0/clk
    SLICE_X91Y257        FDRE                                         r  u_quantize_q8_0/scale_amax_reg[3]/C
                         clock pessimism              0.707     8.242    
                         clock uncertainty           -0.035     8.207    
    SLICE_X91Y257        FDRE (Setup_HFF_SLICEL_C_D)
                                                      0.025     8.232    u_quantize_q8_0/scale_amax_reg[3]
  -------------------------------------------------------------------
                         required time                          8.232    
                         arrival time                          -6.376    
  -------------------------------------------------------------------
                         slack                                  1.856    

Slack (MET) :             1.859ns  (required time - arrival time)
  Source:                 u_quantize_q8_0/sample_index_r_reg[0]_rep__0/C
                            (rising edge-triggered cell FDRE clocked by clk_pl_0  {rise@0.000ns fall@2.667ns period=5.333ns})
  Destination:            u_quantize_q8_0/max_abs_r_reg[2]/D
                            (rising edge-triggered cell FDRE clocked by clk_pl_0  {rise@0.000ns fall@2.667ns period=5.333ns})
  Path Group:             clk_pl_0
  Path Type:              Setup (Max at Slow Process Corner)
  Requirement:            5.333ns  (clk_pl_0 rise@5.333ns - clk_pl_0 rise@0.000ns)
  Data Path Delay:        3.360ns  (logic 1.030ns (30.653%)  route 2.330ns (69.347%))
  Logic Levels:           10  (CARRY8=2 LUT2=1 LUT3=1 LUT4=1 LUT5=1 LUT6=3 MUXF7=1)
  Clock Path Skew:        -0.104ns (DCD - SCD + CPR)
    Destination Clock Delay (DCD):    2.199ns = ( 7.532 - 5.333 ) 
    Source Clock Delay      (SCD):    2.962ns
    Clock Pessimism Removal (CPR):    0.659ns
  Clock Uncertainty:      0.035ns  ((TSJ^2 + TIJ^2)^1/2 + DJ) / 2 + PE
    Total System Jitter     (TSJ):    0.071ns
    Total Input Jitter      (TIJ):    0.000ns
    Discrete Jitter          (DJ):    0.000ns
    Phase Error              (PE):    0.000ns
  Clock Net Delay (Source):      1.671ns (routing 0.767ns, distribution 0.904ns)
  Clock Net Delay (Destination): 1.455ns (routing 0.696ns, distribution 0.759ns)

    Location             Delay type                Incr(ns)  Path(ns)    Netlist Resource(s)
  -------------------------------------------------------------------    -------------------
                         (clock clk_pl_0 rise edge)
                                                      0.000     0.000 r  
    D2                                                0.000     0.000 r  clk (IN)
                         net (fo=0)                   0.000     0.000    clk_IBUF_inst/I
    D2                   INBUF (Prop_INBUF_HDIOB_M_PAD_O)
                                                      1.059     1.059 r  clk_IBUF_inst/INBUF_INST/O
                         net (fo=1, routed)           0.000     1.059    clk_IBUF_inst/OUT
    D2                   IBUFCTRL (Prop_IBUFCTRL_HDIOB_M_I_O)
                                                      0.000     1.059 r  clk_IBUF_inst/IBUFCTRL_INST/O
                         net (fo=1, routed)           0.204     1.263    clk_IBUF
    BUFGCE_HDIO_X2Y2     BUFGCE (Prop_BUFCE_BUFGCE_HDIO_I_O)
                                                      0.028     1.291 r  clk_IBUF_BUFG_inst/O
    X2Y4 (CLOCK_ROOT)    net (fo=901, routed)         1.671     2.962    u_quantize_q8_0/clk
    SLICE_X91Y251        FDRE                                         r  u_quantize_q8_0/sample_index_r_reg[0]_rep__0/C
  -------------------------------------------------------------------    -------------------
    SLICE_X91Y251        FDRE (Prop_EFF_SLICEL_C_Q)
                                                      0.079     3.041 r  u_quantize_q8_0/sample_index_r_reg[0]_rep__0/Q
                         net (fo=169, routed)         0.646     3.687    u_quantize_q8_0/sample_index_r_reg[0]_rep__0_n_0
    SLICE_X98Y262        LUT6 (Prop_D6LUT_SLICEL_I4_O)
                                                      0.146     3.833 f  u_quantize_q8_0/scale_amax[5]_i_46/O
                         net (fo=1, routed)           0.009     3.842    u_quantize_q8_0/scale_amax[5]_i_46_n_0
    SLICE_X98Y262        MUXF7 (Prop_F7MUX_CD_SLICEL_I0_O)
                                                      0.063     3.905 f  u_quantize_q8_0/scale_amax_reg[5]_i_25/O
                         net (fo=1, routed)           0.142     4.047    u_quantize_q8_0/scale_amax_reg[5]_i_25_n_0
    SLICE_X98Y263        LUT6 (Prop_H6LUT_SLICEL_I1_O)
                                                      0.150     4.197 f  u_quantize_q8_0/scale_amax[5]_i_9/O
                         net (fo=6, routed)           0.411     4.608    u_quantize_q8_0/scale_amax[5]_i_9_n_0
    SLICE_X95Y260        LUT6 (Prop_H6LUT_SLICEL_I1_O)
                                                      0.099     4.707 r  u_quantize_q8_0/scale_amax[15]_i_8/O
                         net (fo=10, routed)          0.220     4.927    u_quantize_q8_0/scale_amax[15]_i_8_n_0
    SLICE_X94Y258        LUT5 (Prop_B5LUT_SLICEM_I3_O)
                                                      0.072     4.999 r  u_quantize_q8_0/scale_amax[11]_i_2/O
                         net (fo=9, routed)           0.251     5.250    u_quantize_q8_0/abs16[11]
    SLICE_X91Y258        LUT4 (Prop_F6LUT_SLICEL_I1_O)
                                                      0.089     5.339 r  u_quantize_q8_0/scale_amax[15]_i_66/O
                         net (fo=1, routed)           0.011     5.350    u_quantize_q8_0/scale_amax[15]_i_66_n_0
    SLICE_X91Y258        CARRY8 (Prop_CARRY8_SLICEL_S[5]_CO[7])
                                                      0.155     5.505 r  u_quantize_q8_0/scale_amax_reg[15]_i_21/CO[7]
                         net (fo=1, routed)           0.026     5.531    u_quantize_q8_0/max_after_scan_w1
    SLICE_X91Y259        CARRY8 (Prop_CARRY8_SLICEL_CI_O[0])
                                                      0.056     5.587 r  u_quantize_q8_0/scale_amax_reg[15]_i_6/O[0]
                         net (fo=28, routed)          0.212     5.799    u_quantize_q8_0/scale_amax_reg[15]_i_6_n_15
    SLICE_X93Y257        LUT3 (Prop_H6LUT_SLICEM_I1_O)
                                                      0.053     5.852 r  u_quantize_q8_0/scale_amax[2]_i_2/O
                         net (fo=2, routed)           0.143     5.995    u_quantize_q8_0/scale_amax[2]_i_2_n_0
    SLICE_X93Y257        LUT2 (Prop_C5LUT_SLICEM_I0_O)
                                                      0.068     6.063 r  u_quantize_q8_0/scale_amax[2]_i_1/O
                         net (fo=2, routed)           0.259     6.322    u_quantize_q8_0/scale_amax[2]_i_1_n_0
    SLICE_X93Y257        FDRE                                         r  u_quantize_q8_0/max_abs_r_reg[2]/D
  -------------------------------------------------------------------    -------------------

                         (clock clk_pl_0 rise edge)
                                                      5.333     5.333 r  
    D2                                                0.000     5.333 r  clk (IN)
                         net (fo=0)                   0.000     5.333    clk_IBUF_inst/I
    D2                   INBUF (Prop_INBUF_HDIOB_M_PAD_O)
                                                      0.551     5.884 r  clk_IBUF_inst/INBUF_INST/O
                         net (fo=1, routed)           0.000     5.884    clk_IBUF_inst/OUT
    D2                   IBUFCTRL (Prop_IBUFCTRL_HDIOB_M_I_O)
                                                      0.000     5.884 r  clk_IBUF_inst/IBUFCTRL_INST/O
                         net (fo=1, routed)           0.169     6.053    clk_IBUF
    BUFGCE_HDIO_X2Y2     BUFGCE (Prop_BUFCE_BUFGCE_HDIO_I_O)
                                                      0.024     6.077 r  clk_IBUF_BUFG_inst/O
    X2Y4 (CLOCK_ROOT)    net (fo=901, routed)         1.455     7.532    u_quantize_q8_0/clk
    SLICE_X93Y257        FDRE                                         r  u_quantize_q8_0/max_abs_r_reg[2]/C
                         clock pessimism              0.659     8.191    
                         clock uncertainty           -0.035     8.155    
    SLICE_X93Y257        FDRE (Setup_GFF2_SLICEM_C_D)
                                                      0.025     8.180    u_quantize_q8_0/max_abs_r_reg[2]
  -------------------------------------------------------------------
                         required time                          8.180    
                         arrival time                          -6.322    
  -------------------------------------------------------------------
                         slack                                  1.859    

Slack (MET) :             1.877ns  (required time - arrival time)
  Source:                 u_quantize_q8_0/sample_index_r_reg[0]_rep__0/C
                            (rising edge-triggered cell FDRE clocked by clk_pl_0  {rise@0.000ns fall@2.667ns period=5.333ns})
  Destination:            u_quantize_q8_0/scale_amax_reg[4]/D
                            (rising edge-triggered cell FDRE clocked by clk_pl_0  {rise@0.000ns fall@2.667ns period=5.333ns})
  Path Group:             clk_pl_0
  Path Type:              Setup (Max at Slow Process Corner)
  Requirement:            5.333ns  (clk_pl_0 rise@5.333ns - clk_pl_0 rise@0.000ns)
  Data Path Delay:        3.266ns  (logic 1.046ns (32.030%)  route 2.220ns (67.970%))
  Logic Levels:           9  (CARRY8=2 LUT4=2 LUT5=1 LUT6=3 MUXF7=1)
  Clock Path Skew:        -0.180ns (DCD - SCD + CPR)
    Destination Clock Delay (DCD):    2.126ns = ( 7.459 - 5.333 ) 
    Source Clock Delay      (SCD):    2.962ns
    Clock Pessimism Removal (CPR):    0.655ns
  Clock Uncertainty:      0.035ns  ((TSJ^2 + TIJ^2)^1/2 + DJ) / 2 + PE
    Total System Jitter     (TSJ):    0.071ns
    Total Input Jitter      (TIJ):    0.000ns
    Discrete Jitter          (DJ):    0.000ns
    Phase Error              (PE):    0.000ns
  Clock Net Delay (Source):      1.671ns (routing 0.767ns, distribution 0.904ns)
  Clock Net Delay (Destination): 1.382ns (routing 0.696ns, distribution 0.686ns)

    Location             Delay type                Incr(ns)  Path(ns)    Netlist Resource(s)
  -------------------------------------------------------------------    -------------------
                         (clock clk_pl_0 rise edge)
                                                      0.000     0.000 r  
    D2                                                0.000     0.000 r  clk (IN)
                         net (fo=0)                   0.000     0.000    clk_IBUF_inst/I
    D2                   INBUF (Prop_INBUF_HDIOB_M_PAD_O)
                                                      1.059     1.059 r  clk_IBUF_inst/INBUF_INST/O
                         net (fo=1, routed)           0.000     1.059    clk_IBUF_inst/OUT
    D2                   IBUFCTRL (Prop_IBUFCTRL_HDIOB_M_I_O)
                                                      0.000     1.059 r  clk_IBUF_inst/IBUFCTRL_INST/O
                         net (fo=1, routed)           0.204     1.263    clk_IBUF
    BUFGCE_HDIO_X2Y2     BUFGCE (Prop_BUFCE_BUFGCE_HDIO_I_O)
                                                      0.028     1.291 r  clk_IBUF_BUFG_inst/O
    X2Y4 (CLOCK_ROOT)    net (fo=901, routed)         1.671     2.962    u_quantize_q8_0/clk
    SLICE_X91Y251        FDRE                                         r  u_quantize_q8_0/sample_index_r_reg[0]_rep__0/C
  -------------------------------------------------------------------    -------------------
    SLICE_X91Y251        FDRE (Prop_EFF_SLICEL_C_Q)
                                                      0.079     3.041 r  u_quantize_q8_0/sample_index_r_reg[0]_rep__0/Q
                         net (fo=169, routed)         0.646     3.687    u_quantize_q8_0/sample_index_r_reg[0]_rep__0_n_0
    SLICE_X98Y262        LUT6 (Prop_D6LUT_SLICEL_I4_O)
                                                      0.146     3.833 f  u_quantize_q8_0/scale_amax[5]_i_46/O
                         net (fo=1, routed)           0.009     3.842    u_quantize_q8_0/scale_amax[5]_i_46_n_0
    SLICE_X98Y262        MUXF7 (Prop_F7MUX_CD_SLICEL_I0_O)
                                                      0.063     3.905 f  u_quantize_q8_0/scale_amax_reg[5]_i_25/O
                         net (fo=1, routed)           0.142     4.047    u_quantize_q8_0/scale_amax_reg[5]_i_25_n_0
    SLICE_X98Y263        LUT6 (Prop_H6LUT_SLICEL_I1_O)
                                                      0.150     4.197 f  u_quantize_q8_0/scale_amax[5]_i_9/O
                         net (fo=6, routed)           0.411     4.608    u_quantize_q8_0/scale_amax[5]_i_9_n_0
    SLICE_X95Y260        LUT6 (Prop_H6LUT_SLICEL_I1_O)
                                                      0.099     4.707 r  u_quantize_q8_0/scale_amax[15]_i_8/O
                         net (fo=10, routed)          0.220     4.927    u_quantize_q8_0/scale_amax[15]_i_8_n_0
    SLICE_X94Y258        LUT5 (Prop_B5LUT_SLICEM_I3_O)
                                                      0.072     4.999 r  u_quantize_q8_0/scale_amax[11]_i_2/O
                         net (fo=9, routed)           0.251     5.250    u_quantize_q8_0/abs16[11]
    SLICE_X91Y258        LUT4 (Prop_F6LUT_SLICEL_I1_O)
                                                      0.089     5.339 r  u_quantize_q8_0/scale_amax[15]_i_66/O
                         net (fo=1, routed)           0.011     5.350    u_quantize_q8_0/scale_amax[15]_i_66_n_0
    SLICE_X91Y258        CARRY8 (Prop_CARRY8_SLICEL_S[5]_CO[7])
                                                      0.155     5.505 r  u_quantize_q8_0/scale_amax_reg[15]_i_21/CO[7]
                         net (fo=1, routed)           0.026     5.531    u_quantize_q8_0/max_after_scan_w1
    SLICE_X91Y259        CARRY8 (Prop_CARRY8_SLICEL_CI_O[0])
                                                      0.056     5.587 r  u_quantize_q8_0/scale_amax_reg[15]_i_6/O[0]
                         net (fo=28, routed)          0.171     5.758    u_quantize_q8_0/scale_amax_reg[15]_i_6_n_15
    SLICE_X89Y259        LUT4 (Prop_C5LUT_SLICEM_I1_O)
                                                      0.137     5.895 r  u_quantize_q8_0/scale_amax[4]_i_1/O
                         net (fo=2, routed)           0.332     6.227    u_quantize_q8_0/scale_amax[4]_i_1_n_0
    SLICE_X87Y258        FDRE                                         r  u_quantize_q8_0/scale_amax_reg[4]/D
  -------------------------------------------------------------------    -------------------

                         (clock clk_pl_0 rise edge)
                                                      5.333     5.333 r  
    D2                                                0.000     5.333 r  clk (IN)
                         net (fo=0)                   0.000     5.333    clk_IBUF_inst/I
    D2                   INBUF (Prop_INBUF_HDIOB_M_PAD_O)
                                                      0.551     5.884 r  clk_IBUF_inst/INBUF_INST/O
                         net (fo=1, routed)           0.000     5.884    clk_IBUF_inst/OUT
    D2                   IBUFCTRL (Prop_IBUFCTRL_HDIOB_M_I_O)
                                                      0.000     5.884 r  clk_IBUF_inst/IBUFCTRL_INST/O
                         net (fo=1, routed)           0.169     6.053    clk_IBUF
    BUFGCE_HDIO_X2Y2     BUFGCE (Prop_BUFCE_BUFGCE_HDIO_I_O)
                                                      0.024     6.077 r  clk_IBUF_BUFG_inst/O
    X2Y4 (CLOCK_ROOT)    net (fo=901, routed)         1.382     7.459    u_quantize_q8_0/clk
    SLICE_X87Y258        FDRE                                         r  u_quantize_q8_0/scale_amax_reg[4]/C
                         clock pessimism              0.655     8.114    
                         clock uncertainty           -0.035     8.079    
    SLICE_X87Y258        FDRE (Setup_HFF_SLICEL_C_D)
                                                      0.025     8.104    u_quantize_q8_0/scale_amax_reg[4]
  -------------------------------------------------------------------
                         required time                          8.104    
                         arrival time                          -6.227    
  -------------------------------------------------------------------
                         slack                                  1.877    

Slack (MET) :             1.888ns  (required time - arrival time)
  Source:                 u_quantize_q8_0/sample_index_r_reg[0]_rep__0/C
                            (rising edge-triggered cell FDRE clocked by clk_pl_0  {rise@0.000ns fall@2.667ns period=5.333ns})
  Destination:            u_quantize_q8_0/max_abs_r_reg[9]/D
                            (rising edge-triggered cell FDRE clocked by clk_pl_0  {rise@0.000ns fall@2.667ns period=5.333ns})
  Path Group:             clk_pl_0
  Path Type:              Setup (Max at Slow Process Corner)
  Requirement:            5.333ns  (clk_pl_0 rise@5.333ns - clk_pl_0 rise@0.000ns)
  Data Path Delay:        3.328ns  (logic 1.025ns (30.801%)  route 2.303ns (69.199%))
  Logic Levels:           9  (CARRY8=2 LUT4=2 LUT5=1 LUT6=3 MUXF7=1)
  Clock Path Skew:        -0.107ns (DCD - SCD + CPR)
    Destination Clock Delay (DCD):    2.196ns = ( 7.529 - 5.333 ) 
    Source Clock Delay      (SCD):    2.962ns
    Clock Pessimism Removal (CPR):    0.659ns
  Clock Uncertainty:      0.035ns  ((TSJ^2 + TIJ^2)^1/2 + DJ) / 2 + PE
    Total System Jitter     (TSJ):    0.071ns
    Total Input Jitter      (TIJ):    0.000ns
    Discrete Jitter          (DJ):    0.000ns
    Phase Error              (PE):    0.000ns
  Clock Net Delay (Source):      1.671ns (routing 0.767ns, distribution 0.904ns)
  Clock Net Delay (Destination): 1.451ns (routing 0.696ns, distribution 0.755ns)

    Location             Delay type                Incr(ns)  Path(ns)    Netlist Resource(s)
  -------------------------------------------------------------------    -------------------
                         (clock clk_pl_0 rise edge)
                                                      0.000     0.000 r  
    D2                                                0.000     0.000 r  clk (IN)
                         net (fo=0)                   0.000     0.000    clk_IBUF_inst/I
    D2                   INBUF (Prop_INBUF_HDIOB_M_PAD_O)
                                                      1.059     1.059 r  clk_IBUF_inst/INBUF_INST/O
                         net (fo=1, routed)           0.000     1.059    clk_IBUF_inst/OUT
    D2                   IBUFCTRL (Prop_IBUFCTRL_HDIOB_M_I_O)
                                                      0.000     1.059 r  clk_IBUF_inst/IBUFCTRL_INST/O
                         net (fo=1, routed)           0.204     1.263    clk_IBUF
    BUFGCE_HDIO_X2Y2     BUFGCE (Prop_BUFCE_BUFGCE_HDIO_I_O)
                                                      0.028     1.291 r  clk_IBUF_BUFG_inst/O
    X2Y4 (CLOCK_ROOT)    net (fo=901, routed)         1.671     2.962    u_quantize_q8_0/clk
    SLICE_X91Y251        FDRE                                         r  u_quantize_q8_0/sample_index_r_reg[0]_rep__0/C
  -------------------------------------------------------------------    -------------------
    SLICE_X91Y251        FDRE (Prop_EFF_SLICEL_C_Q)
                                                      0.079     3.041 r  u_quantize_q8_0/sample_index_r_reg[0]_rep__0/Q
                         net (fo=169, routed)         0.646     3.687    u_quantize_q8_0/sample_index_r_reg[0]_rep__0_n_0
    SLICE_X98Y262        LUT6 (Prop_D6LUT_SLICEL_I4_O)
                                                      0.146     3.833 f  u_quantize_q8_0/scale_amax[5]_i_46/O
                         net (fo=1, routed)           0.009     3.842    u_quantize_q8_0/scale_amax[5]_i_46_n_0
    SLICE_X98Y262        MUXF7 (Prop_F7MUX_CD_SLICEL_I0_O)
                                                      0.063     3.905 f  u_quantize_q8_0/scale_amax_reg[5]_i_25/O
                         net (fo=1, routed)           0.142     4.047    u_quantize_q8_0/scale_amax_reg[5]_i_25_n_0
    SLICE_X98Y263        LUT6 (Prop_H6LUT_SLICEL_I1_O)
                                                      0.150     4.197 f  u_quantize_q8_0/scale_amax[5]_i_9/O
                         net (fo=6, routed)           0.411     4.608    u_quantize_q8_0/scale_amax[5]_i_9_n_0
    SLICE_X95Y260        LUT6 (Prop_H6LUT_SLICEL_I1_O)
                                                      0.099     4.707 r  u_quantize_q8_0/scale_amax[15]_i_8/O
                         net (fo=10, routed)          0.220     4.927    u_quantize_q8_0/scale_amax[15]_i_8_n_0
    SLICE_X94Y258        LUT5 (Prop_B5LUT_SLICEM_I3_O)
                                                      0.072     4.999 r  u_quantize_q8_0/scale_amax[11]_i_2/O
                         net (fo=9, routed)           0.251     5.250    u_quantize_q8_0/abs16[11]
    SLICE_X91Y258        LUT4 (Prop_F6LUT_SLICEL_I1_O)
                                                      0.089     5.339 r  u_quantize_q8_0/scale_amax[15]_i_66/O
                         net (fo=1, routed)           0.011     5.350    u_quantize_q8_0/scale_amax[15]_i_66_n_0
    SLICE_X91Y258        CARRY8 (Prop_CARRY8_SLICEL_S[5]_CO[7])
                                                      0.155     5.505 r  u_quantize_q8_0/scale_amax_reg[15]_i_21/CO[7]
                         net (fo=1, routed)           0.026     5.531    u_quantize_q8_0/max_after_scan_w1
    SLICE_X91Y259        CARRY8 (Prop_CARRY8_SLICEL_CI_O[0])
                                                      0.056     5.587 r  u_quantize_q8_0/scale_amax_reg[15]_i_6/O[0]
                         net (fo=28, routed)          0.288     5.875    u_quantize_q8_0/scale_amax_reg[15]_i_6_n_15
    SLICE_X89Y259        LUT4 (Prop_B5LUT_SLICEM_I1_O)
                                                      0.116     5.991 r  u_quantize_q8_0/scale_amax[9]_i_1/O
                         net (fo=2, routed)           0.299     6.289    u_quantize_q8_0/scale_amax[9]_i_1_n_0
    SLICE_X90Y259        FDRE                                         r  u_quantize_q8_0/max_abs_r_reg[9]/D
  -------------------------------------------------------------------    -------------------

                         (clock clk_pl_0 rise edge)
                                                      5.333     5.333 r  
    D2                                                0.000     5.333 r  clk (IN)
                         net (fo=0)                   0.000     5.333    clk_IBUF_inst/I
    D2                   INBUF (Prop_INBUF_HDIOB_M_PAD_O)
                                                      0.551     5.884 r  clk_IBUF_inst/INBUF_INST/O
                         net (fo=1, routed)           0.000     5.884    clk_IBUF_inst/OUT
    D2                   IBUFCTRL (Prop_IBUFCTRL_HDIOB_M_I_O)
                                                      0.000     5.884 r  clk_IBUF_inst/IBUFCTRL_INST/O
                         net (fo=1, routed)           0.169     6.053    clk_IBUF
    BUFGCE_HDIO_X2Y2     BUFGCE (Prop_BUFCE_BUFGCE_HDIO_I_O)
                                                      0.024     6.077 r  clk_IBUF_BUFG_inst/O
    X2Y4 (CLOCK_ROOT)    net (fo=901, routed)         1.451     7.529    u_quantize_q8_0/clk
    SLICE_X90Y259        FDRE                                         r  u_quantize_q8_0/max_abs_r_reg[9]/C
                         clock pessimism              0.659     8.187    
                         clock uncertainty           -0.035     8.152    
    SLICE_X90Y259        FDRE (Setup_BFF_SLICEL_C_D)
                                                      0.025     8.177    u_quantize_q8_0/max_abs_r_reg[9]
  -------------------------------------------------------------------
                         required time                          8.177    
                         arrival time                          -6.289    
  -------------------------------------------------------------------
                         slack                                  1.888    

Slack (MET) :             1.889ns  (required time - arrival time)
  Source:                 u_quantize_q8_0/sample_index_r_reg[0]_rep__0/C
                            (rising edge-triggered cell FDRE clocked by clk_pl_0  {rise@0.000ns fall@2.667ns period=5.333ns})
  Destination:            u_quantize_q8_0/max_abs_r_reg[12]/D
                            (rising edge-triggered cell FDRE clocked by clk_pl_0  {rise@0.000ns fall@2.667ns period=5.333ns})
  Path Group:             clk_pl_0
  Path Type:              Setup (Max at Slow Process Corner)
  Requirement:            5.333ns  (clk_pl_0 rise@5.333ns - clk_pl_0 rise@0.000ns)
  Data Path Delay:        3.256ns  (logic 1.044ns (32.062%)  route 2.212ns (67.938%))
  Logic Levels:           9  (CARRY8=2 LUT4=2 LUT5=1 LUT6=3 MUXF7=1)
  Clock Path Skew:        -0.177ns (DCD - SCD + CPR)
    Destination Clock Delay (DCD):    2.129ns = ( 7.462 - 5.333 ) 
    Source Clock Delay      (SCD):    2.962ns
    Clock Pessimism Removal (CPR):    0.655ns
  Clock Uncertainty:      0.035ns  ((TSJ^2 + TIJ^2)^1/2 + DJ) / 2 + PE
    Total System Jitter     (TSJ):    0.071ns
    Total Input Jitter      (TIJ):    0.000ns
    Discrete Jitter          (DJ):    0.000ns
    Phase Error              (PE):    0.000ns
  Clock Net Delay (Source):      1.671ns (routing 0.767ns, distribution 0.904ns)
  Clock Net Delay (Destination): 1.385ns (routing 0.696ns, distribution 0.689ns)

    Location             Delay type                Incr(ns)  Path(ns)    Netlist Resource(s)
  -------------------------------------------------------------------    -------------------
                         (clock clk_pl_0 rise edge)
                                                      0.000     0.000 r  
    D2                                                0.000     0.000 r  clk (IN)
                         net (fo=0)                   0.000     0.000    clk_IBUF_inst/I
    D2                   INBUF (Prop_INBUF_HDIOB_M_PAD_O)
                                                      1.059     1.059 r  clk_IBUF_inst/INBUF_INST/O
                         net (fo=1, routed)           0.000     1.059    clk_IBUF_inst/OUT
    D2                   IBUFCTRL (Prop_IBUFCTRL_HDIOB_M_I_O)
                                                      0.000     1.059 r  clk_IBUF_inst/IBUFCTRL_INST/O
                         net (fo=1, routed)           0.204     1.263    clk_IBUF
    BUFGCE_HDIO_X2Y2     BUFGCE (Prop_BUFCE_BUFGCE_HDIO_I_O)
                                                      0.028     1.291 r  clk_IBUF_BUFG_inst/O
    X2Y4 (CLOCK_ROOT)    net (fo=901, routed)         1.671     2.962    u_quantize_q8_0/clk
    SLICE_X91Y251        FDRE                                         r  u_quantize_q8_0/sample_index_r_reg[0]_rep__0/C
  -------------------------------------------------------------------    -------------------
    SLICE_X91Y251        FDRE (Prop_EFF_SLICEL_C_Q)
                                                      0.079     3.041 r  u_quantize_q8_0/sample_index_r_reg[0]_rep__0/Q
                         net (fo=169, routed)         0.646     3.687    u_quantize_q8_0/sample_index_r_reg[0]_rep__0_n_0
    SLICE_X98Y262        LUT6 (Prop_D6LUT_SLICEL_I4_O)
                                                      0.146     3.833 f  u_quantize_q8_0/scale_amax[5]_i_46/O
                         net (fo=1, routed)           0.009     3.842    u_quantize_q8_0/scale_amax[5]_i_46_n_0
    SLICE_X98Y262        MUXF7 (Prop_F7MUX_CD_SLICEL_I0_O)
                                                      0.063     3.905 f  u_quantize_q8_0/scale_amax_reg[5]_i_25/O
                         net (fo=1, routed)           0.142     4.047    u_quantize_q8_0/scale_amax_reg[5]_i_25_n_0
    SLICE_X98Y263        LUT6 (Prop_H6LUT_SLICEL_I1_O)
                                                      0.150     4.197 f  u_quantize_q8_0/scale_amax[5]_i_9/O
                         net (fo=6, routed)           0.411     4.608    u_quantize_q8_0/scale_amax[5]_i_9_n_0
    SLICE_X95Y260        LUT6 (Prop_H6LUT_SLICEL_I1_O)
                                                      0.099     4.707 r  u_quantize_q8_0/scale_amax[15]_i_8/O
                         net (fo=10, routed)          0.220     4.927    u_quantize_q8_0/scale_amax[15]_i_8_n_0
    SLICE_X94Y258        LUT5 (Prop_B5LUT_SLICEM_I3_O)
                                                      0.072     4.999 r  u_quantize_q8_0/scale_amax[11]_i_2/O
                         net (fo=9, routed)           0.251     5.250    u_quantize_q8_0/abs16[11]
    SLICE_X91Y258        LUT4 (Prop_F6LUT_SLICEL_I1_O)
                                                      0.089     5.339 r  u_quantize_q8_0/scale_amax[15]_i_66/O
                         net (fo=1, routed)           0.011     5.350    u_quantize_q8_0/scale_amax[15]_i_66_n_0
    SLICE_X91Y258        CARRY8 (Prop_CARRY8_SLICEL_S[5]_CO[7])
                                                      0.155     5.505 r  u_quantize_q8_0/scale_amax_reg[15]_i_21/CO[7]
                         net (fo=1, routed)           0.026     5.531    u_quantize_q8_0/max_after_scan_w1
    SLICE_X91Y259        CARRY8 (Prop_CARRY8_SLICEL_CI_O[0])
                                                      0.056     5.587 r  u_quantize_q8_0/scale_amax_reg[15]_i_6/O[0]
                         net (fo=28, routed)          0.224     5.811    u_quantize_q8_0/scale_amax_reg[15]_i_6_n_15
    SLICE_X88Y259        LUT4 (Prop_D5LUT_SLICEM_I1_O)
                                                      0.135     5.946 r  u_quantize_q8_0/scale_amax[12]_i_1/O
                         net (fo=2, routed)           0.272     6.218    u_quantize_q8_0/scale_amax[12]_i_1_n_0
    SLICE_X88Y259        FDRE                                         r  u_quantize_q8_0/max_abs_r_reg[12]/D
  -------------------------------------------------------------------    -------------------

                         (clock clk_pl_0 rise edge)
                                                      5.333     5.333 r  
    D2                                                0.000     5.333 r  clk (IN)
                         net (fo=0)                   0.000     5.333    clk_IBUF_inst/I
    D2                   INBUF (Prop_INBUF_HDIOB_M_PAD_O)
                                                      0.551     5.884 r  clk_IBUF_inst/INBUF_INST/O
                         net (fo=1, routed)           0.000     5.884    clk_IBUF_inst/OUT
    D2                   IBUFCTRL (Prop_IBUFCTRL_HDIOB_M_I_O)
                                                      0.000     5.884 r  clk_IBUF_inst/IBUFCTRL_INST/O
                         net (fo=1, routed)           0.169     6.053    clk_IBUF
    BUFGCE_HDIO_X2Y2     BUFGCE (Prop_BUFCE_BUFGCE_HDIO_I_O)
                                                      0.024     6.077 r  clk_IBUF_BUFG_inst/O
    X2Y4 (CLOCK_ROOT)    net (fo=901, routed)         1.385     7.462    u_quantize_q8_0/clk
    SLICE_X88Y259        FDRE                                         r  u_quantize_q8_0/max_abs_r_reg[12]/C
                         clock pessimism              0.655     8.117    
                         clock uncertainty           -0.035     8.082    
    SLICE_X88Y259        FDRE (Setup_CFF_SLICEM_C_D)
                                                      0.025     8.107    u_quantize_q8_0/max_abs_r_reg[12]
  -------------------------------------------------------------------
                         required time                          8.107    
                         arrival time                          -6.218    
  -------------------------------------------------------------------
                         slack                                  1.889    





Pulse Width Checks
--------------------------------------------------------------------------------------
Clock Name:         clk_pl_0
Waveform(ns):       { 0.000 2.667 }
Period(ns):         5.333
Sources:            { clk }

Check Type        Corner  Lib Pin   Reference Pin  Required(ns)  Actual(ns)  Slack(ns)  Location          Pin
Min Period        n/a     BUFGCE/I  n/a            1.290         5.333       4.043      BUFGCE_HDIO_X2Y2  clk_IBUF_BUFG_inst/I
Min Period        n/a     FDRE/C    n/a            0.550         5.333       4.783      SLICE_X95Y257     values_r_reg[496]/C
Min Period        n/a     FDRE/C    n/a            0.550         5.333       4.783      SLICE_X96Y267     values_r_reg[497]/C
Min Period        n/a     FDRE/C    n/a            0.550         5.333       4.783      SLICE_X98Y264     values_r_reg[498]/C
Min Period        n/a     FDRE/C    n/a            0.550         5.333       4.783      SLICE_X97Y258     values_r_reg[499]/C
Min Period        n/a     FDRE/C    n/a            0.550         5.333       4.783      SLICE_X95Y261     values_r_reg[500]/C
Min Period        n/a     FDRE/C    n/a            0.550         5.333       4.783      SLICE_X91Y264     values_r_reg[501]/C
Min Period        n/a     FDRE/C    n/a            0.550         5.333       4.783      SLICE_X97Y261     values_r_reg[502]/C
Min Period        n/a     FDRE/C    n/a            0.550         5.333       4.783      SLICE_X99Y263     values_r_reg[503]/C
Min Period        n/a     FDRE/C    n/a            0.550         5.333       4.783      SLICE_X94Y264     values_r_reg[504]/C
Low Pulse Width   Slow    FDRE/C    n/a            0.275         2.667       2.392      SLICE_X95Y257     values_r_reg[496]/C
Low Pulse Width   Fast    FDRE/C    n/a            0.275         2.667       2.392      SLICE_X95Y257     values_r_reg[496]/C
Low Pulse Width   Slow    FDRE/C    n/a            0.275         2.667       2.392      SLICE_X96Y267     values_r_reg[497]/C
Low Pulse Width   Fast    FDRE/C    n/a            0.275         2.667       2.392      SLICE_X96Y267     values_r_reg[497]/C
Low Pulse Width   Slow    FDRE/C    n/a            0.275         2.667       2.392      SLICE_X98Y264     values_r_reg[498]/C
Low Pulse Width   Fast    FDRE/C    n/a            0.275         2.667       2.392      SLICE_X98Y264     values_r_reg[498]/C
Low Pulse Width   Slow    FDRE/C    n/a            0.275         2.667       2.392      SLICE_X97Y258     values_r_reg[499]/C
Low Pulse Width   Fast    FDRE/C    n/a            0.275         2.667       2.392      SLICE_X97Y258     values_r_reg[499]/C
Low Pulse Width   Slow    FDRE/C    n/a            0.275         2.667       2.392      SLICE_X95Y261     values_r_reg[500]/C
Low Pulse Width   Fast    FDRE/C    n/a            0.275         2.667       2.392      SLICE_X95Y261     values_r_reg[500]/C
High Pulse Width  Slow    FDRE/C    n/a            0.275         2.666       2.391      SLICE_X95Y257     values_r_reg[496]/C
High Pulse Width  Fast    FDRE/C    n/a            0.275         2.667       2.392      SLICE_X95Y257     values_r_reg[496]/C
High Pulse Width  Slow    FDRE/C    n/a            0.275         2.666       2.391      SLICE_X96Y267     values_r_reg[497]/C
High Pulse Width  Fast    FDRE/C    n/a            0.275         2.666       2.391      SLICE_X96Y267     values_r_reg[497]/C
High Pulse Width  Slow    FDRE/C    n/a            0.275         2.666       2.391      SLICE_X98Y264     values_r_reg[498]/C
High Pulse Width  Fast    FDRE/C    n/a            0.275         2.666       2.391      SLICE_X98Y264     values_r_reg[498]/C
High Pulse Width  Slow    FDRE/C    n/a            0.275         2.666       2.391      SLICE_X97Y258     values_r_reg[499]/C
High Pulse Width  Fast    FDRE/C    n/a            0.275         2.666       2.391      SLICE_X97Y258     values_r_reg[499]/C
High Pulse Width  Slow    FDRE/C    n/a            0.275         2.666       2.391      SLICE_X95Y261     values_r_reg[500]/C
High Pulse Width  Fast    FDRE/C    n/a            0.275         2.667       2.392      SLICE_X95Y261     values_r_reg[500]/C



