Copyright 1986-2022 Xilinx, Inc. All Rights Reserved.
----------------------------------------------------------------------------------------------------------------------------------------------
| Tool Version : Vivado v.2022.2 (win64) Build 3671981 Fri Oct 14 05:00:03 MDT 2022
| Date         : Sat Jul 11 20:43:54 2026
| Host         : Cuong-Desktop running 64-bit major release  (build 9200)
| Command      : report_utilization -hierarchical -file D:/DOAN/DATN_RTL/DATN_VIVADO/manual_sim/spu_synth_check/spu_synth_check_util_hier.rpt
| Design       : SPU_Top
| Device       : xczu7ev-ffvc1156-2-e
| Speed File   : -2
| Design State : Synthesized
----------------------------------------------------------------------------------------------------------------------------------------------

Utilization Design Information

Table of Contents
-----------------
1. Utilization by Hierarchy

1. Utilization by Hierarchy
---------------------------

+--------------------------+--------------------+------------+------------+---------+------+------+--------+--------+------+------------+
|         Instance         |       Module       | Total LUTs | Logic LUTs | LUTRAMs | SRLs |  FFs | RAMB36 | RAMB18 | URAM | DSP Blocks |
+--------------------------+--------------------+------------+------------+---------+------+------+--------+--------+------+------------+
| SPU_Top                  |              (top) |       2700 |       2444 |     256 |    0 | 2113 |     64 |      0 |    0 |         11 |
|   (SPU_Top)              |              (top) |          0 |          0 |       0 |    0 |    0 |      0 |      0 |    0 |          0 |
|   u_spu_controller       |     SPU_Controller |       2369 |       2113 |     256 |    0 | 2111 |      0 |      0 |    0 |         11 |
|     (u_spu_controller)   |     SPU_Controller |        854 |        854 |       0 |    0 | 1018 |      0 |      0 |    0 |          0 |
|     u_q8_scale_accum     | SPU_Q8_Scale_Accum |        626 |        370 |     256 |    0 |  209 |      0 |      0 |    0 |         11 |
|     u_quantize_q8_0      |  SPU_Quantize_Q8_0 |        889 |        889 |       0 |    0 |  884 |      0 |      0 |    0 |          0 |
|   u_spu_local_memory     |   SPU_Local_Memory |        331 |        331 |       0 |    0 |    2 |     64 |      0 |    0 |          0 |
|     (u_spu_local_memory) |   SPU_Local_Memory |          1 |          1 |       0 |    0 |    2 |      0 |      0 |    0 |          0 |
|     u_spu_in_ram         |     Dual_Port_BRAM |         26 |         26 |       0 |    0 |    0 |     16 |      0 |    0 |          0 |
|     u_spu_out_ram        |   Dual_Port_BRAM_0 |         16 |         16 |       0 |    0 |    0 |     16 |      0 |    0 |          0 |
|     u_spu_param_ram      |   Dual_Port_BRAM_1 |         16 |         16 |       0 |    0 |    0 |     16 |      0 |    0 |          0 |
|     u_spu_scratch_ram    |   Dual_Port_BRAM_2 |        272 |        272 |       0 |    0 |    0 |     16 |      0 |    0 |          0 |
+--------------------------+--------------------+------------+------------+---------+------+------+--------+--------+------+------------+


