Copyright 1986-2022 Xilinx, Inc. All Rights Reserved.
------------------------------------------------------------------------------------
| Tool Version : Vivado v.2022.2 (win64) Build 3671981 Fri Oct 14 05:00:03 MDT 2022
| Date         : Fri Aug 14 20:24:33 2026
| Host         : Cuong-Desktop running 64-bit major release  (build 9200)
| Command      : upgrade_ip
| Device       : xczu7ev-ffvc1156-2-e
------------------------------------------------------------------------------------

Upgrade Log for IP 'SoC_VPU_Top_0_0'

1. Summary
----------

SUCCESS in the conversion of SoC_VPU_Top_0_0 (xilinx.com:user:VPU_Top:1.0 (Rev. 2)) to Vivado generation flows.






Copyright 1986-2022 Xilinx, Inc. All Rights Reserved.
------------------------------------------------------------------------------------
| Tool Version : Vivado v.2022.2 (win64) Build 3671981 Fri Oct 14 05:00:03 MDT 2022
| Date         : Fri Aug 14 19:11:10 2026
| Host         : Cuong-Desktop running 64-bit major release  (build 9200)
| Command      : upgrade_ip
| Device       : xczu7ev-ffvc1156-2-e
------------------------------------------------------------------------------------

Upgrade Log for IP 'SoC_VPU_Top_0_0'

1. Summary
----------

SUCCESS in the conversion of SoC_VPU_Top_0_0 (xilinx.com:user:VPU_Top:1.0 (Rev. 2)) to Vivado generation flows.






Copyright 1986-2022 Xilinx, Inc. All Rights Reserved.
------------------------------------------------------------------------------------
| Tool Version : Vivado v.2022.2 (win64) Build 3671981 Fri Oct 14 05:00:03 MDT 2022
| Date         : Fri Aug 14 17:22:16 2026
| Host         : Cuong-Desktop running 64-bit major release  (build 9200)
| Command      : upgrade_ip
| Device       : xczu7ev-ffvc1156-2-e
------------------------------------------------------------------------------------

Upgrade Log for IP 'SoC_VPU_Top_0_0'

1. Summary
----------

SUCCESS in the conversion of SoC_VPU_Top_0_0 (xilinx.com:user:VPU_Top:1.0 (Rev. 2)) to Vivado generation flows.






Copyright 1986-2022 Xilinx, Inc. All Rights Reserved.
------------------------------------------------------------------------------------
| Tool Version : Vivado v.2022.2 (win64) Build 3671981 Fri Oct 14 05:00:03 MDT 2022
| Date         : Fri Aug 14 10:01:43 2026
| Host         : Cuong-Desktop running 64-bit major release  (build 9200)
| Command      : upgrade_ip
| Device       : xczu7ev-ffvc1156-2-e
------------------------------------------------------------------------------------

Upgrade Log for IP 'SoC_VPU_Top_0_0'

1. Summary
----------

SUCCESS in the conversion of SoC_VPU_Top_0_0 (xilinx.com:user:VPU_Top:1.0 (Rev. 2)) to Vivado generation flows.






Copyright 1986-2022 Xilinx, Inc. All Rights Reserved.
------------------------------------------------------------------------------------
| Tool Version : Vivado v.2022.2 (win64) Build 3671981 Fri Oct 14 05:00:03 MDT 2022
| Date         : Thu Aug 13 18:43:53 2026
| Host         : Cuong-Desktop running 64-bit major release  (build 9200)
| Command      : upgrade_ip
| Device       : xczu7ev-ffvc1156-2-e
------------------------------------------------------------------------------------

Upgrade Log for IP 'SoC_VPU_Top_0_0'

1. Summary
----------

SUCCESS in the conversion of SoC_VPU_Top_0_0 (xilinx.com:user:VPU_Top:1.0 (Rev. 2)) to Vivado generation flows.






Copyright 1986-2022 Xilinx, Inc. All Rights Reserved.
------------------------------------------------------------------------------------
| Tool Version : Vivado v.2022.2 (win64) Build 3671981 Fri Oct 14 05:00:03 MDT 2022
| Date         : Thu Aug 13 17:19:07 2026
| Host         : Cuong-Desktop running 64-bit major release  (build 9200)
| Command      : upgrade_ip
| Device       : xczu7ev-ffvc1156-2-e
------------------------------------------------------------------------------------

Upgrade Log for IP 'SoC_VPU_Top_0_0'

1. Summary
----------

SUCCESS in the conversion of SoC_VPU_Top_0_0 (xilinx.com:user:VPU_Top:1.0 (Rev. 2)) to Vivado generation flows.






Copyright 1986-2022 Xilinx, Inc. All Rights Reserved.
------------------------------------------------------------------------------------
| Tool Version : Vivado v.2022.2 (win64) Build 3671981 Fri Oct 14 05:00:03 MDT 2022
| Date         : Thu Aug 13 14:35:02 2026
| Host         : Cuong-Desktop running 64-bit major release  (build 9200)
| Command      : upgrade_ip
| Device       : xczu7ev-ffvc1156-2-e
------------------------------------------------------------------------------------

Upgrade Log for IP 'SoC_VPU_Top_0_0'

1. Summary
----------

SUCCESS in the conversion of SoC_VPU_Top_0_0 (xilinx.com:user:VPU_Top:1.0 (Rev. 2)) to Vivado generation flows.






Copyright 1986-2022 Xilinx, Inc. All Rights Reserved.
------------------------------------------------------------------------------------
| Tool Version : Vivado v.2022.2 (win64) Build 3671981 Fri Oct 14 05:00:03 MDT 2022
| Date         : Thu Aug 13 08:45:52 2026
| Host         : Cuong-Desktop running 64-bit major release  (build 9200)
| Command      : upgrade_ip
| Device       : xczu7ev-ffvc1156-2-e
------------------------------------------------------------------------------------

Upgrade Log for IP 'SoC_VPU_Top_0_0'

1. Summary
----------

SUCCESS in the conversion of SoC_VPU_Top_0_0 (xilinx.com:user:VPU_Top:1.0 (Rev. 2)) to Vivado generation flows.

